Gnuplot not found, using plotters backend
Benchmarking tiers/prop_mono_hot
Benchmarking tiers/prop_mono_hot: Warming up for 1.0000 s
Benchmarking tiers/prop_mono_hot: Collecting 30 samples in estimated 1.1802 s (1395 iterations)
Benchmarking tiers/prop_mono_hot: Analyzing
tiers/prop_mono_hot     time:   [824.55 µs 830.47 µs 837.54 µs]
Found 1 outliers among 30 measurements (3.33%)
  1 (3.33%) high mild
Benchmarking tiers/prop_mega_hot
Benchmarking tiers/prop_mega_hot: Warming up for 1.0000 s
Benchmarking tiers/prop_mega_hot: Collecting 30 samples in estimated 1.5175 s (930 iterations)
Benchmarking tiers/prop_mega_hot: Analyzing
tiers/prop_mega_hot     time:   [1.6167 ms 1.6362 ms 1.6592 ms]
Found 2 outliers among 30 measurements (6.67%)
  2 (6.67%) high severe
Benchmarking tiers/shape_churn
Benchmarking tiers/shape_churn: Warming up for 1.0000 s
Benchmarking tiers/shape_churn: Collecting 30 samples in estimated 1.0591 s (1395 iterations)
Benchmarking tiers/shape_churn: Analyzing
tiers/shape_churn       time:   [737.85 µs 755.74 µs 784.62 µs]
Found 1 outliers among 30 measurements (3.33%)
  1 (3.33%) high severe

