Gnuplot not found, using plotters backend
Benchmarking tiers/prop_mono_hot
Benchmarking tiers/prop_mono_hot: Warming up for 1.0000 s
Benchmarking tiers/prop_mono_hot: Collecting 30 samples in estimated 1.1583 s (1395 iterations)
Benchmarking tiers/prop_mono_hot: Analyzing
tiers/prop_mono_hot     time:   [786.72 µs 799.22 µs 813.77 µs]
                        change: [-1.5663% +0.0860% +2.1830%] (p = 0.90 > 0.05)
                        No change in performance detected.
Found 2 outliers among 30 measurements (6.67%)
  1 (3.33%) high mild
  1 (3.33%) high severe
Benchmarking tiers/prop_mega_hot
Benchmarking tiers/prop_mega_hot: Warming up for 1.0000 s
Benchmarking tiers/prop_mega_hot: Collecting 30 samples in estimated 1.3827 s (930 iterations)
Benchmarking tiers/prop_mega_hot: Analyzing
tiers/prop_mega_hot     time:   [1.5087 ms 1.5503 ms 1.5956 ms]
                        change: [+3.3616% +5.4314% +7.4507%] (p = 0.00 < 0.05)
                        Performance has regressed.
Benchmarking tiers/shape_churn
Benchmarking tiers/shape_churn: Warming up for 1.0000 s
Benchmarking tiers/shape_churn: Collecting 30 samples in estimated 1.0185 s (1395 iterations)
Benchmarking tiers/shape_churn: Analyzing
tiers/shape_churn       time:   [727.76 µs 816.83 µs 933.54 µs]
                        change: [-2.6912% +2.8568% +8.7736%] (p = 0.32 > 0.05)
                        No change in performance detected.
Found 4 outliers among 30 measurements (13.33%)
  1 (3.33%) high mild
  3 (10.00%) high severe

