$ npm run lint

> napi-vm@0.1.5 lint
> bun run lint:rust && bun run lint:ts

$ cargo fmt --all -- --check && cargo clippy --all-targets --all-features -- -D warnings
   Compiling unicode-ident v1.0.24
   Compiling proc-macro2 v1.0.107
   Compiling quote v1.0.47
    Checking stable_deref_trait v1.2.1
    Checking cfg-if v1.0.4
   Compiling autocfg v1.5.1
   Compiling object v0.39.1
    Checking memchr v2.8.3
   Compiling shlex v2.0.1
   Compiling wasm-bindgen-shared v0.2.126
    Checking litemap v0.8.2
   Compiling find-msvc-tools v0.1.13
   Compiling version_check v0.9.5
   Compiling serde_core v1.0.229
   Compiling libc v0.2.189
    Checking writeable v0.6.3
   Compiling syn v2.0.119
   Compiling syn v3.0.3
   Compiling generic-array v0.14.7
   Compiling cc v1.4.7
   Compiling icu_properties_data v2.2.0
    Checking utf8_iter v1.0.4
   Compiling icu_normalizer_data v2.2.0
   Compiling displaydoc v0.2.7
   Compiling rustversion v1.0.23
   Compiling zmij v1.0.23
    Checking typenum v1.20.1
   Compiling synstructure v0.13.2
   Compiling serde v1.0.229
    Checking pin-project-lite v0.2.17
    Checking futures-sink v0.3.33
   Compiling crossbeam-utils v0.8.22
    Checking futures-core v0.3.33
    Checking futures-channel v0.3.33
   Compiling ar_archive_writer v0.5.3
   Compiling serde_derive v1.0.229
   Compiling zerofrom-derive v0.1.7
   Compiling yoke-derive v0.8.2
   Compiling zerovec-derive v0.11.3
   Compiling futures-macro v0.3.33
    Checking zerofrom v0.1.8
    Checking yoke v0.8.3
    Checking zerotrie v0.2.4
   Compiling crossbeam-epoch v0.9.20
    Checking zerovec v0.11.6
    Checking futures-task v0.3.33
    Checking futures-io v0.3.33
    Checking slab v0.4.12
    Checking hashbrown v0.17.1
   Compiling zerocopy v0.8.55
    Checking tinystr v0.8.3
    Checking potential_utf v0.1.5
    Checking icu_collections v2.2.0
    Checking icu_locale_core v2.2.0
   Compiling serde_json v1.0.151
    Checking smallvec v1.15.2
    Checking equivalent v1.0.2
    Checking indexmap v2.14.2
    Checking futures-util v0.3.33
    Checking icu_provider v2.2.0
   Compiling psm v0.1.32
    Checking icu_properties v2.2.0
    Checking icu_normalizer v2.2.0
   Compiling zerocopy-derive v0.8.55
   Compiling unicode-segmentation v1.13.3
   Compiling crossbeam-deque v0.8.7
   Compiling napi-build v2.4.1
    Checking itoa v1.0.18
    Checking regex-syntax v0.8.11
   Compiling bumpalo v3.20.3
   Compiling wasm-bindgen-macro-support v0.2.126
    Checking futures-executor v0.3.33
   Compiling convert_case v0.11.0
   Compiling napi v3.12.2
    Checking idna_adapter v1.2.2
   Compiling wasm-bindgen v0.2.126
    Checking crypto-common v0.1.7
    Checking block-buffer v0.10.4
   Compiling stacker v0.1.25
   Compiling corosensei v0.3.4
   Compiling num-traits v0.2.19
    Checking libloading v0.9.0
    Checking once_cell v1.21.4
    Checking either v1.17.0
   Compiling rayon-core v1.13.0
   Compiling semver v1.0.28
    Checking percent-encoding v2.3.2
   Compiling napi-derive-backend v6.1.2
    Checking form_urlencoded v1.2.2
    Checking napi-sys v3.3.0
    Checking digest v0.10.7
    Checking idna v1.1.0
    Checking futures v0.3.33
   Compiling ctor v1.0.11
    Checking ciborium-io v0.2.2
    Checking cpufeatures v0.2.17
    Checking anstyle v1.0.14
   Compiling napi-vm v0.1.5 (/tmp/napi-vm-clean-baseline)
    Checking bitflags v2.13.1
    Checking rustc-hash v2.1.3
    Checking scopeguard v1.2.0
    Checking plotters-backend v0.3.7
    Checking clap_lex v1.1.0
   Compiling wasm-bindgen-macro v0.2.126
    Checking nohash-hasher v0.2.0
    Checking half v2.7.1
   Compiling napi-derive v3.6.3
    Checking ciborium-ll v0.2.2
    Checking clap_builder v4.6.2
    Checking plotters-svg v0.3.7
    Checking sha2 v0.10.9
    Checking url v2.5.8
    Checking itertools v0.10.5
    Checking regex-automata v0.4.16
    Checking same-file v1.0.6
    Checking cast v0.3.0
    Checking walkdir v2.5.0
    Checking plotters v0.3.7
    Checking criterion-plot v0.5.0
    Checking rayon v1.12.0
    Checking regex v1.13.1
    Checking clap v4.6.4
    Checking ciborium v0.2.2
    Checking tinytemplate v1.2.1
    Checking is-terminal v0.4.17
    Checking anes v0.1.6
    Checking oorandom v11.1.5
    Checking tokio v1.53.1
    Checking criterion v0.5.1
    Finished `dev` profile [unoptimized + debuginfo] target(s) in 27.48s
$ tsc --noEmit
