$ npm run build:all

> napi-vm@0.1.5 build:all
> bun run build:esm && bun run build:commonjs

$ bun x napi build --platform --release --esm --js index.mjs
   Compiling proc-macro2 v1.0.107
   Compiling quote v1.0.47
   Compiling unicode-ident v1.0.24
   Compiling stable_deref_trait v1.2.1
   Compiling litemap v0.8.2
   Compiling writeable v0.6.3
   Compiling shlex v2.0.1
   Compiling version_check v0.9.5
   Compiling object v0.39.1
   Compiling find-msvc-tools v0.1.13
   Compiling generic-array v0.14.7
   Compiling cc v1.4.7
   Compiling cfg-if v1.0.4
   Compiling icu_properties_data v2.2.0
   Compiling memchr v2.8.3
   Compiling utf8_iter v1.0.4
   Compiling icu_normalizer_data v2.2.0
   Compiling syn v2.0.119
   Compiling syn v3.0.3
   Compiling typenum v1.20.1
   Compiling displaydoc v0.2.7
   Compiling libc v0.2.189
   Compiling futures-sink v0.3.33
   Compiling futures-core v0.3.33
   Compiling futures-channel v0.3.33
   Compiling synstructure v0.13.2
   Compiling ar_archive_writer v0.5.3
   Compiling futures-io v0.3.33
   Compiling futures-task v0.3.33
   Compiling pin-project-lite v0.2.17
   Compiling serde_core v1.0.229
   Compiling smallvec v1.15.2
   Compiling slab v0.4.12
   Compiling napi-build v2.4.1
   Compiling psm v0.1.32
   Compiling unicode-segmentation v1.13.3
   Compiling autocfg v1.5.1
   Compiling zerofrom-derive v0.1.7
   Compiling yoke-derive v0.8.2
   Compiling zerovec-derive v0.11.3
   Compiling futures-macro v0.3.33
   Compiling futures-util v0.3.33
   Compiling zmij v1.0.23
   Compiling zerofrom v0.1.8
   Compiling yoke v0.8.3
   Compiling corosensei v0.3.4
   Compiling convert_case v0.11.0
   Compiling zerovec v0.11.6
   Compiling zerotrie v0.2.4
   Compiling napi v3.12.2
   Compiling block-buffer v0.10.4
   Compiling crypto-common v0.1.7
   Compiling stacker v0.1.25
   Compiling libloading v0.9.0
   Compiling tinystr v0.8.3
   Compiling icu_locale_core v2.2.0
   Compiling potential_utf v0.1.5
   Compiling icu_collections v2.2.0
   Compiling equivalent v1.0.2
   Compiling percent-encoding v2.3.2
   Compiling serde_json v1.0.151
   Compiling icu_provider v2.2.0
   Compiling icu_properties v2.2.0
   Compiling icu_normalizer v2.2.0
   Compiling futures-executor v0.3.33
   Compiling serde v1.0.229
   Compiling idna_adapter v1.2.2
   Compiling semver v1.0.28
   Compiling hashbrown v0.17.1
   Compiling napi-derive-backend v6.1.2
   Compiling idna v1.1.0
   Compiling futures v0.3.33
   Compiling form_urlencoded v1.2.2
   Compiling indexmap v2.14.2
   Compiling napi-sys v3.3.0
   Compiling digest v0.10.7
   Compiling serde_derive v1.0.229
   Compiling itoa v1.0.18
   Compiling napi-vm v0.1.5 (/tmp/napi-vm-clean-baseline)
   Compiling ctor v1.0.11
   Compiling cpufeatures v0.2.17
   Compiling scopeguard v1.2.0
   Compiling rustc-hash v2.1.3
   Compiling nohash-hasher v0.2.0
   Compiling bitflags v2.13.1
   Compiling sha2 v0.10.9
   Compiling napi-derive v3.6.3
   Compiling url v2.5.8
   Compiling regex-syntax v0.8.11
    Finished `release` profile [optimized] target(s) in 1m 29s
$ bun x napi build --platform --release --commonjs --js index.js
    Finished `release` profile [optimized] target(s) in 0.06s
