$ npm run test:node

> napi-vm@0.1.5 test:node
> node --test tests/node/*.test.js

✔ persistent owner keeps globals across repeated executions (8.701464ms)
✔ host functions and Node marshalling execute on Node thread without sync VM deadlock (6.758571ms)
✔ manual virtual turns preserve unfinished checkpoints and absolute timers (2.742325ms)
✔ bounded command queue rejects visibly without losing accepted completion (0.827675ms)
✔ same-session commands from a host function fail instead of deadlocking (3.047794ms)
✔ deadline interrupts long callback and a never-settled host promise (21.866413ms)
✔ shutdown cancels guest work and settles every pending completion (6.403057ms)
✔ shutdown wakes an owner awaiting a never-settled Node completion (6.111894ms)
✔ idle sessions and pending completions have correct Node lifetimes (104.060806ms)
✔ immediate cancellation reaches commands not yet dequeued by owner (1.349299ms)
✔ pending Node promise stays rooted until deadline and retires on disposal (79.296247ms)
✔ Node worker teardown wakes and terminates the persistent guest owner (31.998336ms)
✔ throwing checkpoint recovers before new guest code (0.927926ms)
✔ unawaited host results do not lock admission and remain awaitable (1.722977ms)
✔ top-level await waits for future and nested real-time timers (66.688132ms)
✔ cancel and dispose wake a future-timer await after a host barrier (1.795461ms)
✔ abandoned results are retired while closure-held results survive (98.614123ms)
✔ virtual top-level await never advances time and supports host-driven recovery (0.927295ms)
✔ a short execution deadline caps a far-future timer await (5.970952ms)
✔ dispatched host dependency rejects reentry before guest await (4.133242ms)
✔ completed deadlines do not poison idle metadata or new executions (101.435276ms)
✔ delayed unawaited callback can reenter after its execution completes (1.371033ms)
✔ metadata and configured limits preserve pending timer deadlines (101.676476ms)
✔ a saved host result protects reentry across executions and queued admission (35.553408ms)
✔ the CommonJS entry point loads the native binding (4.692509ms)
✔ the ESM entry point loads the native binding (2.492069ms)
✔ the generated entry points agree on the package version (0.642236ms)
✔ basic evaluation works (0.603508ms)
✔ values marshal in both directions (0.466491ms)
✔ host functions are callable from the guest (1.277301ms)
✔ async execution settles its promise (5.215816ms)
✔ exposing an async function does not keep the process alive (35.715787ms)
✔ registering an async host module does not keep the process alive (27.662782ms)
✔ a synchronous run does not keep the process alive (27.164152ms)
✔ dispose() lets a process that used runAsync exit (27.742202ms)
✔ dispose() is idempotent and safe before any async work (0.61149ms)
✔ guest errors surface as host exceptions (0.689567ms)
✔ the loop budget interrupts an infinite loop (0.453682ms)
✔ recursion depth is capped rather than crashing the process (7.833584ms)
✔ removeModule makes a module unresolvable (0.396547ms)
✔ the plugin filesystem backend enforces its read limit (0.248644ms)
ℹ tests 41
ℹ suites 0
ℹ pass 41
ℹ fail 0
ℹ cancelled 0
ℹ skipped 0
ℹ todo 0
ℹ duration_ms 750.093167
