$ npm run bench:rust

> napi-vm@0.1.5 bench:rust
> cargo bench

   Compiling zerofrom v0.1.8
   Compiling futures-util v0.3.33
   Compiling zerocopy-derive v0.8.55
   Compiling napi-vm v0.1.5 (/tmp/napi-vm-clean-baseline)
   Compiling once_cell v1.21.4
   Compiling yoke v0.8.3
   Compiling zerovec v0.11.6
   Compiling zerotrie v0.2.4
   Compiling tinystr v0.8.3
   Compiling potential_utf v0.1.5
   Compiling icu_collections v2.2.0
   Compiling icu_locale_core v2.2.0
   Compiling zerocopy v0.8.55
   Compiling icu_provider v2.2.0
   Compiling icu_normalizer v2.2.0
   Compiling icu_properties v2.2.0
   Compiling futures-executor v0.3.33
   Compiling futures v0.3.33
   Compiling napi v3.12.2
   Compiling idna_adapter v1.2.2
   Compiling idna v1.1.0
   Compiling url v2.5.8
   Compiling half v2.7.1
   Compiling ciborium-ll v0.2.2
   Compiling ciborium v0.2.2
   Compiling criterion v0.5.1
    Finished `bench` profile [optimized] target(s) in 1m 41s
     Running unittests src/lib.rs (target/release/deps/napi_vm-1b126135a8a28780)

running 340 tests
test bigint::tests::arithmetic_beyond_f64 ... ignored
test bigint::tests::as_n_bit_wraps ... ignored
test bigint::tests::bitwise_uses_twos_complement ... ignored
test bigint::tests::decimal_round_trips ... ignored
test bigint::tests::division_truncates_towards_zero ... ignored
test bigint::tests::pow_squares_and_multiplies ... ignored
test bigint::tests::radix_prefixes_parse ... ignored
test bigint::tests::shifts_floor_negatives ... ignored
test bindings::bridge::dependency_lifecycle_tests::unresolved_call_survives_retirement_and_protects_the_next_execution ... ignored
test builtins::buffer::tests::buffer_fixture_matches_node_and_bun ... ignored
test builtins::date::tests::epoch_is_zero ... ignored
test builtins::date::tests::known_dates ... ignored
test builtins::date::tests::parse_date_only ... ignored
test builtins::date::tests::parse_millis ... ignored
test builtins::date::tests::parse_with_offset ... ignored
test builtins::date::tests::parse_with_time_and_z ... ignored
test builtins::json::tests::reindent_accepts_string_indent ... ignored
test builtins::json::tests::reindent_ignores_structure_inside_strings ... ignored
test builtins::json::tests::reindent_keeps_empty_containers_on_one_line ... ignored
test builtins::json::tests::reindent_nests_objects_and_arrays ... ignored
test builtins::typedarray::tests::atomics_shared_buffer_fixture_matches_node_and_bun ... ignored
test builtins::typedarray::tests::atomics_wait_async_and_notify_match_node_and_bun ... ignored
test builtins::typedarray::tests::atomics_wait_async_tracks_structured_cloned_shared_data ... ignored
test bytecode::compiler::tests::block_captures_box_into_pushed_scopes ... ignored
test bytecode::compiler::tests::fibonacci_disassembly ... ignored
test bytecode::compiler::tests::function_level_captures_compile ... ignored
test bytecode::compiler::tests::nested_functions_carry_arrow_and_constructor_flags ... ignored
test bytecode::compiler::tests::recursive_and_self_referencing_functions_compile ... ignored
test bytecode::compiler::tests::stage_one_programs_compile ... ignored
test bytecode::compiler::tests::unsupported_constructs_decline ... ignored
test bytecode::parity_tests::arithmetic_and_strings ... ignored
test bytecode::parity_tests::arrays ... ignored
test bytecode::parity_tests::bigint_and_regex_literals ... ignored
test bytecode::parity_tests::captures ... ignored
test bytecode::parity_tests::classes ... ignored
test bytecode::parity_tests::closures ... ignored
test bytecode::parity_tests::constructors ... ignored
test bytecode::parity_tests::control_flow ... ignored
test bytecode::parity_tests::declined_units_stay_on_ast ... ignored
test bytecode::parity_tests::destructuring_assignment ... ignored
test bytecode::parity_tests::destructuring_declarations ... ignored
test bytecode::parity_tests::fallback_functions_inside_bytecode_units ... ignored
test bytecode::parity_tests::for_in_loops ... ignored
test bytecode::parity_tests::for_of_loops ... ignored
test bytecode::parity_tests::functions_calls_and_this ... ignored
test bytecode::parity_tests::labeled_statements ... ignored
test bytecode::parity_tests::modules ... ignored
test bytecode::parity_tests::objects ... ignored
test bytecode::parity_tests::optional_chaining ... ignored
test bytecode::parity_tests::spreads ... ignored
test bytecode::parity_tests::switch_statements ... ignored
test bytecode::parity_tests::tagged_templates ... ignored
test bytecode::parity_tests::trailing_jumps_land_on_end_of_code ... ignored
test bytecode::parity_tests::try_catch_finally ... ignored
test bytecode::parity_tests::variables_and_assignment ... ignored
test bytecode::verify::tests::load_const_rejects_non_scalar_constants ... ignored
test bytecode::verify::tests::template_rejects_quasi_arity_mismatch ... ignored
test bytecode::vm::tests::ic_goes_megamorphic_and_stays_correct ... ignored
test bytecode::vm::tests::ic_never_caches_accessors ... ignored
test bytecode::vm::tests::ic_serves_loop_reads_and_writes ... ignored
test bytecode::vm::tests::ic_survives_shape_change ... ignored
test bytecode::vm::tests::program_stats_aggregate ... ignored
test convert::tests::from_json_rejects_excessive_depth ... ignored
test convert::tests::json_round_trip_preserves_shape_and_numbers ... ignored
test convert::tests::to_json_matches_stringify_bigint_behavior ... ignored
test convert::tests::to_json_matches_stringify_edge_values ... ignored
test convert::tests::to_json_rejects_cycles_like_stringify ... ignored
test convert::tests::to_json_runs_getters_and_to_json ... ignored
test heap::tests::closure_cycle_reclaimed ... ignored
test heap::tests::collect_refused_while_executing ... ignored
test heap::tests::env_cleared_while_held_by_promise ... ignored
test heap::tests::host_pin_survives_collection ... ignored
test heap::tests::object_cycle_reclaimed ... ignored
test heap::tests::pure_promise_cycle_reclaimed ... ignored
test heap::tests::reachable_objects_survive ... ignored
test heap::tests::suspended_generator_refuses ... ignored
test host::tests::wake_notifier_is_thread_safe ... ignored
test host::tests::wake_slot_fires_registered_notifier ... ignored
test host::wake_tests::cancellation_wakes_a_waiter_at_the_condvar_sleep_boundary ... ignored
test host::wake_tests::notifications_coalesce_but_latched_wakeup_is_not_lost ... ignored
test host::wake_tests::racing_producer_preserves_every_event ... ignored
test interpreter::commonjs::tests::filesystem_loader_refuses_paths_outside_configured_roots ... ignored
test interpreter::commonjs::tests::filesystem_loader_resolves_exports_and_requires_native_addon_allowlisting ... ignored
test interpreter::commonjs::tests::filesystem_loader_resolves_package_import_maps ... ignored
test interpreter::commonjs::tests::filesystem_loader_resolves_package_self_references_only_when_exported ... ignored
test interpreter::commonjs::tests::filesystem_loader_resolves_wildcard_exports_with_node_pattern_precedence ... ignored
test interpreter::commonjs::tests::filesystem_loader_uses_export_array_fallbacks_only_for_invalid_targets ... ignored
test interpreter::commonjs::tests::native_addon_publishes_initial_exports_and_retries_after_initialization_failure ... ignored
test interpreter::commonjs::tests::node_api_prebuild_lookup_honors_prebuilds_only ... ignored
test interpreter::commonjs::tests::node_api_prebuild_lookup_uses_exec_path_neighbor_as_fallback ... ignored
test interpreter::commonjs::tests::node_api_prebuild_resolution_filters_incompatible_tags_and_aliases_package ... ignored
test interpreter::commonjs::tests::node_api_prebuild_selection_uses_node_gyp_tag_precedence ... ignored
test interpreter::commonjs::tests::node_gyp_build_package_prebuild_override_is_canonical_and_root_checked ... ignored
test interpreter::commonjs::tests::node_gyp_build_runtime_builtin_exposes_tag_and_tuple_helpers ... ignored
test interpreter::commonjs::tests::node_module_create_require_rejects_invalid_parents ... ignored
test interpreter::commonjs::tests::node_module_create_require_resolves_from_esm_and_shares_commonjs_cache ... ignored
test interpreter::commonjs::tests::require_executes_and_caches_commonjs_source ... ignored
test interpreter::commonjs::tests::require_executes_functions_and_handles_circular_partial_exports ... ignored
test interpreter::commonjs::tests::require_is_disabled_until_the_host_configures_a_loader ... ignored
test interpreter::commonjs::tests::require_loader_and_cache_are_shared_with_async_function_realms ... ignored
test interpreter::commonjs::tests::require_parses_json_as_guest_values ... ignored
test interpreter::commonjs::tests::require_resolve_native_path_matches_node_and_bun ... ignored
test interpreter::commonjs::tests::require_resolve_uses_the_configured_loader_without_evaluating_modules ... ignored
test interpreter::jobs::scheduler_tests::cancellation_releases_roots_immediately ... ignored
test interpreter::jobs::scheduler_tests::timer_ids_wrap_without_collisions_or_reordering ... ignored
test interpreter::jobs::scheduler_tests::timers_normalize_and_keep_fifo_ties ... ignored
test interpreter::native_addon::tests::shared_policy_configures_each_available_backend ... ignored
test interpreter::native_addon_binary::tests::native_addon_binary_preflight_checks_format_and_architecture ... ignored
test interpreter::node_addon::tests::loads_and_invokes_a_real_node_api_addon ... ignored
test interpreter::node_addon::tests::node_addon_configuration_rejects_entry_outside_roots_before_startup ... ignored
test interpreter::node_addon::tests::node_addon_sidecar_enforces_allowlist_and_digest_on_direct_loads ... ignored
test interpreter::resolve::boxed_primitive_prototype_tests::boxed_primitives_use_their_constructor_prototypes ... ignored
test interpreter::resolve::boxed_primitive_prototype_tests::object_prototype_methods_match_node_and_bun ... ignored
test interpreter::resolve::boxed_primitive_prototype_tests::primitive_constructor_fixture_matches_node_and_bun ... ignored
test interpreter::scheduler::lifecycle_tests::completed_execution_retires_deadline_without_idle_reactivation ... ignored
test interpreter::scheduler::lifecycle_tests::timers_checkpoints_and_suspended_bodies_keep_the_original_deadline ... ignored
test interpreter::tests::built_in_error_subclasses_inherit_from_error ... ignored
test interpreter::tests::sparse_arrays_preserve_holes_across_common_methods ... ignored
test interpreter::tests::test_arithmetic ... ignored
test interpreter::tests::test_arrays ... ignored
test interpreter::tests::test_break_in_loops ... ignored
test interpreter::tests::test_closures ... ignored
test interpreter::tests::test_comparison ... ignored
test interpreter::tests::test_compound_assign ... ignored
test interpreter::tests::test_continue_in_loops ... ignored
test interpreter::tests::test_do_while ... ignored
test interpreter::tests::test_for_in ... ignored
test interpreter::tests::test_for_of ... ignored
test interpreter::tests::test_functions ... ignored
test interpreter::tests::test_increment ... ignored
test interpreter::tests::test_logical ... ignored
test interpreter::tests::test_loops ... ignored
test interpreter::tests::test_math_constants ... ignored
test interpreter::tests::test_nested_functions ... ignored
test interpreter::tests::test_objects ... ignored
test interpreter::tests::test_recursion ... ignored
test interpreter::tests::test_strings ... ignored
test interpreter::tests::test_switch ... ignored
test interpreter::tests::test_ternary ... ignored
test interpreter::tests::test_try_catch ... ignored
test interpreter::tests::test_typeof ... ignored
test interpreter::tests::test_variables ... ignored
test interpreter::tests::top_level_await_reports_a_promise_with_no_pending_work ... ignored
test jit::tests::cold_until_threshold_then_compiles_once ... ignored
test jit::tests::decline_asks_once ... ignored
test jit::tests::guard_failure_deopts_then_discards ... ignored
test jit::tests::hot_function_requests_compile_through_vm ... ignored
test jit::tests::loop_iters_trip_threshold ... ignored
test jit::tests::no_backend_reports_hot ... ignored
test jit::tests::shape_guard_checks_params ... ignored
test lang::actions::tests::a_diagnostic_outside_the_range_is_skipped ... ignored
test lang::actions::tests::a_mismatched_pair_offers_no_guess ... ignored
test lang::actions::tests::a_stray_closer_offers_removal ... ignored
test lang::actions::tests::an_unclosed_brace_offers_its_closer ... ignored
test lang::actions::tests::an_unclosed_paren_offers_its_closer ... ignored
test lang::actions::tests::badly_indented_source_offers_a_format ... ignored
test lang::actions::tests::well_formatted_source_offers_nothing ... ignored
test lang::document::tests::hover_never_panics_on_a_member_without_a_receiver ... ignored
test lang::document::tests::hover_never_panics_on_non_ascii_cursor_offset ... ignored
test lang::document::tests::hovers_host_function_metadata_and_documentation ... ignored
test lang::document::tests::infers_exported_class_factory ... ignored
test lang::document::tests::infers_literal_variable ... ignored
test lang::document::tests::infers_promise_callback_and_property ... ignored
test lang::document::tests::infers_string_prototype_return_types ... ignored
test lang::document::tests::infers_the_real_store_module_factory ... ignored
test lang::document::tests::injects_native_date_types_from_catalog ... ignored
test lang::document::tests::preserves_class_instance_type_through_factory ... ignored
test lang::document::tests::propagates_types_across_imported_modules ... ignored
test lang::format_source::tests::a_block_comment_keeps_its_own_layout ... ignored
test lang::format_source::tests::a_brace_in_a_string_does_not_indent ... ignored
test lang::format_source::tests::a_closing_line_lines_up_with_its_opener ... ignored
test lang::format_source::tests::a_multi_line_template_is_left_alone ... ignored
test lang::format_source::tests::a_template_interpolation_does_not_unbalance_the_scan ... ignored
test lang::format_source::tests::blank_lines_stay_blank ... ignored
test lang::format_source::tests::comments_survive ... ignored
test lang::format_source::tests::nested_blocks_are_indented ... ignored
test lang::format_source::tests::newlines_are_never_moved ... ignored
test lang::format_source::tests::over_indentation_is_removed ... ignored
test lang::format_source::tests::tabs_are_available ... ignored
test lang::format_source::tests::trailing_whitespace_is_trimmed ... ignored
test lang::metadata::tests::accepts_legacy_string_shapes_inside_objects ... ignored
test lang::metadata::tests::bounds_global_count ... ignored
test lang::metadata::tests::legacy_string_shapes_share_the_structured_depth_limit ... ignored
test lang::metadata::tests::parses_recursive_function_metadata ... ignored
test lang::metadata::tests::rejects_malformed_and_oversized_shapes ... ignored
test lang::navigation::tests::an_argument_that_already_names_the_parameter_is_not_hinted ... ignored
test lang::navigation::tests::definition_points_at_the_declaration ... ignored
test lang::navigation::tests::document_symbols_list_declarations ... ignored
test lang::navigation::tests::inlay_hints_name_positional_arguments ... ignored
test lang::navigation::tests::references_include_the_declaration ... ignored
test lang::navigation::tests::references_respect_scope ... ignored
test lang::navigation::tests::rename_refuses_a_non_identifier ... ignored
test lang::navigation::tests::signature_help_outside_a_call_is_none ... ignored
test lang::navigation::tests::signature_help_reports_the_active_parameter ... ignored
test lang::semantic::tests::a_call_target_is_a_function ... ignored
test lang::semantic::tests::a_capitalized_name_is_a_class ... ignored
test lang::semantic::tests::a_member_name_is_a_property ... ignored
test lang::semantic::tests::a_regex_literal_is_not_division ... ignored
test lang::semantic::tests::encoding_uses_deltas ... ignored
test lang::semantic::tests::keywords_strings_and_numbers_are_classified ... ignored
test lang::service::tests::document_lifecycle_rebuilds_analysis ... ignored
test lang::service::tests::generic_global_precedence_is_local_then_runtime_then_manifest ... ignored
test lang::service::tests::generic_globals_support_nested_completion_hover_signatures_and_docs ... ignored
test lang::service::tests::host_metadata_rebuilds_open_documents ... ignored
test lang::service::tests::live_host_function_outranks_a_manifest_generic_global ... ignored
test lang::service::tests::registered_modules_feed_import_inference ... ignored
test lang::service::tests::runtime_generic_global_outranks_a_runtime_host_function ... ignored
test lang::service::tests::runtime_host_function_replaces_the_manifest_declaration ... ignored
test lang::service::tests::runtime_json_shape_feeds_handler_completion ... ignored
test lang::tests::diagnostics_balanced_ok ... ignored
test lang::tests::diagnostics_template_balances ... ignored
test lang::tests::diagnostics_unbalanced ... ignored
test lang::tests::exposed_function_metadata_is_available_to_completion ... ignored
test lang::tests::ident_offers_exposed_functions ... ignored
test lang::tests::ident_offers_globals ... ignored
test lang::tests::ident_offers_module_names ... ignored
test lang::tests::ident_offers_scope_decls ... ignored
test lang::tests::ident_playground_prefix ... ignored
test lang::tests::ipc_is_absent_without_metadata ... ignored
test lang::tests::legacy_type_strings_are_depth_bounded ... ignored
test lang::tests::member_array_literal ... ignored
test lang::tests::member_array_var ... ignored
test lang::tests::member_builtin_math ... ignored
test lang::tests::member_generic_global ... ignored
test lang::tests::member_global_alias_includes_exposed_host_functions ... ignored
test lang::tests::member_global_alias_includes_generic_global ... ignored
test lang::tests::member_namespace_import_exports ... ignored
test lang::tests::member_object_literal_keys ... ignored
test lang::tests::member_playground_namespace_exports ... ignored
test lang::tests::member_string_literal ... ignored
test lang::tests::symbols_top_level ... ignored
test lang::tests::unknown_legacy_type_names_degrade_instead_of_failing ... ignored
test lang::tests::unknown_local_binding_still_shadows_builtin_members ... ignored
test lexer::tests::contextual_words_remain_valid_bindings ... ignored
test lexer::tests::no_keyword_is_a_binding_identifier ... ignored
test lexer::tests::non_identifiers_are_rejected ... ignored
test lexer::tests::ordinary_names_are_binding_identifiers ... ignored
test lexer::tests::reserved_word_list_is_exhaustive ... ignored
test lexer::tests::test_arrow ... ignored
test lexer::tests::test_comments ... ignored
test lexer::tests::test_compound_assignment ... ignored
test lexer::tests::test_identifiers ... ignored
test lexer::tests::test_keywords ... ignored
test lexer::tests::test_numbers ... ignored
test lexer::tests::test_operators ... ignored
test lexer::tests::test_punctuation ... ignored
test lexer::tests::test_spread ... ignored
test lexer::tests::test_string_escapes ... ignored
test lexer::tests::test_strings ... ignored
test lsp::protocol::tests::workspace_id_is_20_hex_chars ... ignored
test lsp::runtime_client::tests::authentication_is_bounded_and_newline_delimited ... ignored
test lsp::runtime_client::tests::eof_ends_the_connection ... ignored
test lsp::runtime_client::tests::idle_timeouts_do_not_end_the_connection ... ignored
test lsp::runtime_client::tests::oversized_runtime_frames_are_rejected ... ignored
test lsp::runtime_client::tests::partial_multibyte_lines_are_reassembled ... ignored
test lsp::runtime_client::tests::stale_session_events_are_ignored_by_the_discovery_loop ... ignored
test lsp::text::tests::ascii_positions_match_byte_offsets ... ignored
test lsp::text::tests::cjk_columns_are_single_units ... ignored
test lsp::text::tests::crlf_lines_exclude_the_carriage_return ... ignored
test lsp::text::tests::diagnostic_columns_convert_to_utf16 ... ignored
test lsp::text::tests::no_platform_leaves_escapes_in_a_file_path ... ignored
test lsp::text::tests::non_uri_input_passes_through ... ignored
test lsp::text::tests::out_of_range_positions_clamp ... ignored
test lsp::text::tests::percent_encoded_uri_is_decoded ... ignored
test lsp::text::tests::percent_escapes_decode_and_survive_invalid_input ... ignored
test lsp::text::tests::plain_uri_round_trips ... ignored
test lsp::text::tests::utf16_columns_account_for_multibyte_characters ... ignored
test lsp::text::tests::utf16_columns_account_for_surrogate_pairs ... ignored
test lsp::text::tests::windows_uri_parses_without_panicking ... ignored
test parser::cache::tests::depth_failure_detail_survives_the_cache_boundary ... ignored
test parser::cache::tests::distinct_sources_parse_independently ... ignored
test parser::cache::tests::failed_parses_are_not_cached ... ignored
test parser::cache::tests::prepared_errors_match_eval_source ... ignored
test parser::cache::tests::prepared_program_executes_repeatedly_with_one_parse ... ignored
test parser::cache::tests::repeated_compiles_share_one_parse ... ignored
test parser::index::tests::a_declaration_is_recorded_with_its_position ... ignored
test parser::index::tests::a_parameter_is_a_declaration_in_the_body_scope ... ignored
test parser::index::tests::a_reference_resolves_to_its_declaration ... ignored
test parser::index::tests::an_inner_declaration_shadows_an_outer_one ... ignored
test parser::index::tests::sibling_scopes_do_not_share_a_binding ... ignored
test parser::index::tests::the_outline_lists_declarations ... ignored
test parser::tests::test_arrow_fn ... ignored
test parser::tests::test_binary_precedence ... ignored
test parser::tests::test_class_accessors_still_parse ... ignored
test parser::tests::test_class_decl ... ignored
test parser::tests::test_class_members_named_like_modifiers ... ignored
test parser::tests::test_computed_member ... ignored
test parser::tests::test_export_default ... ignored
test parser::tests::test_export_default_class_declaration ... ignored
test parser::tests::test_export_default_function_declaration ... ignored
test parser::tests::test_fn_decl ... ignored
test parser::tests::test_for_in ... ignored
test parser::tests::test_for_loop ... ignored
test parser::tests::test_for_of ... ignored
test parser::tests::test_if_else ... ignored
test parser::tests::test_import ... ignored
test parser::tests::test_member_access ... ignored
test parser::tests::test_new_expr ... ignored
test parser::tests::test_switch ... ignored
test parser::tests::test_ternary ... ignored
test parser::tests::test_try_catch ... ignored
test parser::tests::test_var_decl ... ignored
test parser::tests::test_while_loop ... ignored
test plugin_host::tests::colon_capability_installs_from_extra_requests_with_interpreter_access ... ignored
test plugin_host::tests::direct_call_awaits_promises_and_drains_before_converting ... ignored
test plugin_host::tests::direct_call_invokes_export_without_parsing ... ignored
test plugin_host::tests::direct_call_propagates_exceptions ... ignored
test plugin_host::tests::direct_call_rejects_undefined_result ... ignored
test plugin_host::tests::direct_call_value_returns_raw_values_with_this ... ignored
test plugin_host::tests::direct_call_without_export_fails_closed ... ignored
test plugin_host::tests::direct_lifecycle_awaits_async_on_load ... ignored
test plugin_host::tests::extra_request_for_unknown_capability_fails_closed ... ignored
test plugin_host::tests::extra_request_without_grant_does_not_install ... ignored
test plugin_host::tests::host_filesystem_policy_intersects_manifest_requests ... ignored
test plugin_host::tests::manifest_permission_denial_is_a_catchable_guest_error ... ignored
test plugin_host::tests::manifest_validation_and_glob_rules_reject_traversal ... ignored
test plugin_host::tests::repeated_plugin_loads_share_module_parses ... ignored
test plugin_host::tests::resource_limits_and_missing_capability_requests_fail_closed ... ignored
test plugin_host::tests::rust_host_loads_commonjs_packages_without_native_addons ... ignored
test plugin_host::tests::rust_host_loads_relative_esm_and_reloads_with_serialized_state ... ignored
test plugin_host::tests::rust_host_rejects_package_exports_that_escape_the_plugin_root ... ignored
test plugin_host::tests::rust_host_resolves_in_root_esm_packages_with_exports_and_nested_dependencies ... ignored
test runtime::tests::loop_budget_applies ... ignored
test runtime::tests::missing_spec_file_errors ... ignored
test runtime::tests::prepared_program_stats ... ignored
test runtime::tests::runtime_stats_snapshot ... ignored
test runtime::tests::spec_file_round_trips ... ignored
test runtime::tests::spec_is_importable_after_build ... ignored
test shape::tests::add_transition_matches_literal ... ignored
test shape::tests::attributes_do_not_fork_shapes ... ignored
test shape::tests::bypass_mutation_heals ... ignored
test shape::tests::delete_canonicalizes ... ignored
test shape::tests::shared_layout_shared_shape ... ignored
test shape::tests::single_read_builds_nothing ... ignored
test value::array_index_tests::canonical_indices_parse ... ignored
test value::array_index_tests::non_canonical_names_are_ordinary_properties ... ignored
test value::array_index_tests::string_helpers_match_char_semantics ... ignored
test value::drop_tests::deeply_nested_values_drop_without_overflowing_the_stack ... ignored
test value::shared_array_buffer_tests::shared_backing_is_aligned_stable_and_clones_share_bytes ... ignored
test value::weak_registry_drop_tests::weak_registrations_do_not_disable_iterative_teardown ... ignored

test result: ok. 0 passed; 0 failed; 340 ignored; 0 measured; 0 filtered out; finished in 0.00s

     Running unittests src/bin/napi-vm-lsp.rs (target/release/deps/napi_vm_lsp-387085b6c44e12de)

running 0 tests

test result: ok. 0 passed; 0 failed; 0 ignored; 0 measured; 0 filtered out; finished in 0.00s

     Running benches/vm.rs (target/release/deps/vm-58b530de959502f0)
Gnuplot not found, using plotters backend
Benchmarking run/arithmetic_loop
Benchmarking run/arithmetic_loop: Warming up for 3.0000 s
Benchmarking run/arithmetic_loop: Collecting 100 samples in estimated 5.0451 s (1400 iterations)
Benchmarking run/arithmetic_loop: Analyzing
run/arithmetic_loop     time:   [3.4843 ms 3.5248 ms 3.5705 ms]
Found 5 outliers among 100 measurements (5.00%)
  2 (2.00%) high mild
  3 (3.00%) high severe
Benchmarking run/recursion_fib
Benchmarking run/recursion_fib: Warming up for 3.0000 s
Benchmarking run/recursion_fib: Collecting 100 samples in estimated 5.4705 s (25k iterations)
Benchmarking run/recursion_fib: Analyzing
run/recursion_fib       time:   [235.64 µs 240.32 µs 245.78 µs]
Found 11 outliers among 100 measurements (11.00%)
  3 (3.00%) high mild
  8 (8.00%) high severe
Benchmarking run/array_chain
Benchmarking run/array_chain: Warming up for 3.0000 s

Warning: Unable to complete 100 samples in 5.0s. You may wish to increase target time to 7.6s, enable flat sampling, or reduce sample count to 50.
Benchmarking run/array_chain: Collecting 100 samples in estimated 7.5937 s (5050 iterations)
Benchmarking run/array_chain: Analyzing
run/array_chain         time:   [1.5050 ms 1.5281 ms 1.5558 ms]
Found 4 outliers among 100 measurements (4.00%)
  3 (3.00%) high mild
  1 (1.00%) high severe
Benchmarking run/string_ops
Benchmarking run/string_ops: Warming up for 3.0000 s

Warning: Unable to complete 100 samples in 5.0s. You may wish to increase target time to 6.6s, enable flat sampling, or reduce sample count to 60.
Benchmarking run/string_ops: Collecting 100 samples in estimated 6.6481 s (5050 iterations)
Benchmarking run/string_ops: Analyzing
run/string_ops          time:   [1.3332 ms 1.3591 ms 1.3872 ms]
Found 3 outliers among 100 measurements (3.00%)
  3 (3.00%) high mild
Benchmarking run/closures
Benchmarking run/closures: Warming up for 3.0000 s
Benchmarking run/closures: Collecting 100 samples in estimated 5.3341 s (1200 iterations)
Benchmarking run/closures: Analyzing
run/closures            time:   [4.4166 ms 4.4499 ms 4.4853 ms]
Found 2 outliers among 100 measurements (2.00%)
  2 (2.00%) high mild
Benchmarking run/json_roundtrip
Benchmarking run/json_roundtrip: Warming up for 3.0000 s

Warning: Unable to complete 100 samples in 5.0s. You may wish to increase target time to 5.2s, enable flat sampling, or reduce sample count to 60.
Benchmarking run/json_roundtrip: Collecting 100 samples in estimated 5.1924 s (5050 iterations)
error: bench failed, to rerun pass `--bench vm`

Caused by:
  process didn't exit successfully: `/tmp/napi-vm-clean-baseline/target/release/deps/vm-58b530de959502f0 --bench` (signal: 9, SIGKILL: kill)
