   Compiling memchr v2.8.3
   Compiling napi-vm v0.1.5 (/tmp/napi-vm-clean-baseline)
   Compiling pin-project-lite v0.2.17
   Compiling tokio v1.53.1
   Compiling serde_json v1.0.151
   Compiling tinytemplate v1.2.1
   Compiling criterion v0.5.1
    Finished `release` profile [optimized] target(s) in 56.54s
     Running tests/compiler_memory.rs (target/release/deps/compiler_memory-47300a1242e4ac01)

running 1 test
test repeated_synthesized_compilation_releases_owned_ast_data ... FAILED

failures:

---- repeated_synthesized_compilation_releases_owned_ast_data stdout ----

thread 'repeated_synthesized_compilation_releases_owned_ast_data' (35576) panicked at tests/compiler_memory.rs:14:5:
compiler retained more than 4 MiB after warmup: before 4040, after 75396
note: run with `RUST_BACKTRACE=1` environment variable to display a backtrace


failures:
    repeated_synthesized_compilation_releases_owned_ast_data

test result: FAILED. 0 passed; 1 failed; 0 ignored; 0 measured; 0 filtered out; finished in 0.16s

error: test failed, to rerun pass `--test compiler_memory`
