Gnuplot not found, using plotters backend
Benchmarking tiers/prop_mono_hot
Benchmarking tiers/prop_mono_hot: Warming up for 1.0000 s
Benchmarking tiers/prop_mono_hot: Collecting 30 samples in estimated 1.1845 s (1395 iterations)
Benchmarking tiers/prop_mono_hot: Analyzing
tiers/prop_mono_hot     time:   [856.43 µs 882.11 µs 914.25 µs]
                        change: [+1.5964% +4.5609% +8.1405%] (p = 0.01 < 0.05)
                        Performance has regressed.
Found 2 outliers among 30 measurements (6.67%)
  1 (3.33%) high mild
  1 (3.33%) high severe
Benchmarking tiers/prop_mega_hot
Benchmarking tiers/prop_mega_hot: Warming up for 1.0000 s
Benchmarking tiers/prop_mega_hot: Collecting 30 samples in estimated 1.5121 s (930 iterations)
Benchmarking tiers/prop_mega_hot: Analyzing
tiers/prop_mega_hot     time:   [1.6301 ms 1.6616 ms 1.6942 ms]
                        change: [-5.3741% -1.8630% +1.2907%] (p = 0.32 > 0.05)
                        No change in performance detected.
Found 2 outliers among 30 measurements (6.67%)
  2 (6.67%) high mild
Benchmarking tiers/shape_churn
Benchmarking tiers/shape_churn: Warming up for 1.0000 s
Benchmarking tiers/shape_churn: Collecting 30 samples in estimated 1.0769 s (1395 iterations)
Benchmarking tiers/shape_churn: Analyzing
tiers/shape_churn       time:   [765.40 µs 796.19 µs 841.79 µs]
                        change: [-2.9354% +0.9579% +4.6429%] (p = 0.65 > 0.05)
                        No change in performance detected.
Found 1 outliers among 30 measurements (3.33%)
  1 (3.33%) high severe

