$ cargo test --all-features --lib
   Compiling napi-vm v0.1.5 (/workspace/napi-vm)
    Finished `test` profile [unoptimized + debuginfo] target(s) in 2.49s
     Running unittests src/lib.rs (target/debug/deps/napi_vm-6e39309c936ecd08)

running 383 tests
test bigint::tests::as_n_bit_wraps ... ok
test bigint::tests::arithmetic_beyond_f64 ... ok
test bigint::tests::decimal_round_trips ... ok
test bigint::tests::bitwise_uses_twos_complement ... ok
test bigint::tests::division_truncates_towards_zero ... ok
test bigint::tests::pow_squares_and_multiplies ... ok
test bigint::tests::radix_prefixes_parse ... ok
test bigint::tests::shifts_floor_negatives ... ok
test bindings::bridge::dependency_lifecycle_tests::unresolved_call_survives_retirement_and_protects_the_next_execution ... ok
test builtins::date::tests::epoch_is_zero ... ok
test builtins::date::tests::known_dates ... ok
test builtins::date::tests::parse_date_only ... ok
test builtins::date::tests::parse_millis ... ok
test builtins::date::tests::parse_with_offset ... ok
test builtins::date::tests::parse_with_time_and_z ... ok
test builtins::json::tests::reindent_accepts_string_indent ... ok
test builtins::json::tests::reindent_ignores_structure_inside_strings ... ok
test builtins::json::tests::reindent_keeps_empty_containers_on_one_line ... ok
test builtins::json::tests::reindent_nests_objects_and_arrays ... ok
test builtins::collections::lifecycle_tests::final_owner_collection_releases_cached_intrinsic_pins ... ok
test bindings::export_slots::tests::stale_releases_do_not_alias_reused_pinned_slots ... ok
test builtins::buffer::tests::buffer_fixture_matches_node_and_bun ... ok
test bytecode::compiler::tests::block_captures_box_into_pushed_scopes ... ok
test bytecode::compiler::tests::fibonacci_disassembly ... ok
test bytecode::compiler::tests::function_level_captures_compile ... ok
test bytecode::compiler::tests::nested_functions_carry_arrow_and_constructor_flags ... ok
test bytecode::compiler::tests::recursive_and_self_referencing_functions_compile ... ok
test builtins::typedarray::tests::atomics_shared_buffer_fixture_matches_node_and_bun ... ok
test bytecode::compiler::tests::stage_one_programs_compile ... ok
test bytecode::compiler::tests::unsupported_constructs_decline ... ok
test bytecode::parity_tests::arrays ... ok
test bytecode::parity_tests::bigint_and_regex_literals ... ok
test bytecode::parity_tests::arithmetic_and_strings ... ok
test bytecode::parity_tests::captures ... ok
test bytecode::parity_tests::classes ... ok
test builtins::typedarray::tests::atomics_wait_async_tracks_structured_cloned_shared_data ... ok
test bytecode::parity_tests::closures ... ok
test bytecode::parity_tests::declined_units_stay_on_ast ... ok
test bytecode::parity_tests::control_flow ... ok
test bytecode::parity_tests::constructors ... ok
test bytecode::parity_tests::fallback_functions_inside_bytecode_units ... ok
test bytecode::parity_tests::destructuring_assignment ... ok
test bytecode::parity_tests::for_in_loops ... ok
test bytecode::parity_tests::destructuring_declarations ... ok
test builtins::typedarray::tests::atomics_wait_async_and_notify_match_node_and_bun ... ok
test bytecode::parity_tests::for_of_loops ... ok
test bytecode::parity_tests::labeled_statements ... ok
test bytecode::parity_tests::modules ... ok
test bytecode::parity_tests::raw_tagged_templates_and_export_mutation_remain_equivalent ... ok
test bytecode::parity_tests::functions_calls_and_this ... ok
test bytecode::parity_tests::optional_chaining ... ok
test bytecode::parity_tests::spreads ... ok
test bytecode::parity_tests::tagged_templates ... ok
test bytecode::parity_tests::objects ... ok
test bytecode::parity_tests::trailing_jumps_land_on_end_of_code ... ok
test bytecode::verify::tests::load_const_rejects_non_scalar_constants ... ok
test bytecode::verify::tests::template_rejects_quasi_arity_mismatch ... ok
test bytecode::vm::tests::ic_goes_megamorphic_and_stays_correct ... ok
test bytecode::vm::tests::ic_never_caches_accessors ... ok
test bytecode::vm::tests::ic_serves_loop_reads_and_writes ... ok
test bytecode::vm::tests::ic_survives_shape_change ... ok
test bytecode::vm::tests::program_stats_aggregate ... ok
test convert::tests::from_json_rejects_excessive_depth ... ok
test bytecode::parity_tests::switch_statements ... ok
test convert::tests::json_round_trip_preserves_shape_and_numbers ... ok
test convert::tests::to_json_matches_stringify_bigint_behavior ... ok
test convert::tests::to_json_matches_stringify_edge_values ... ok
test convert::tests::to_json_rejects_cycles_like_stringify ... ok
test convert::tests::to_json_runs_getters_and_to_json ... ok
test heap::tests::closure_cycle_reclaimed ... ok
test heap::tests::collect_refused_while_executing ... ok
test heap::tests::env_cleared_while_held_by_promise ... ok
test heap::tests::host_pin_survives_collection ... ok
test heap::tests::object_cycle_reclaimed ... ok
test bytecode::parity_tests::variables_and_assignment ... ok
test heap::tests::pure_promise_cycle_reclaimed ... ok
test heap::tests::reachable_objects_survive ... ok
test host::tests::wake_notifier_is_thread_safe ... ok
test host::tests::wake_slot_fires_registered_notifier ... ok
test host::wake_tests::notifications_coalesce_but_latched_wakeup_is_not_lost ... ok
test host::wake_tests::cancellation_wakes_a_waiter_at_the_condvar_sleep_boundary ... ok
test interpreter::commonjs::tests::filesystem_loader_refuses_paths_outside_configured_roots ... ok
test heap::tests::suspended_generator_refuses ... ok
test interpreter::commonjs::tests::filesystem_loader_resolves_exports_and_requires_native_addon_allowlisting ... ok
test host::wake_tests::racing_producer_preserves_every_event ... ok
test bytecode::parity_tests::try_catch_finally ... ok
test interpreter::commonjs::tests::filesystem_loader_resolves_package_self_references_only_when_exported ... ok
test interpreter::commonjs::tests::native_addon_publishes_initial_exports_and_retries_after_initialization_failure ... ok
test interpreter::commonjs::tests::node_api_prebuild_lookup_honors_prebuilds_only ... ok
test interpreter::commonjs::tests::node_api_prebuild_lookup_uses_exec_path_neighbor_as_fallback ... ok
test interpreter::commonjs::tests::node_api_prebuild_resolution_filters_incompatible_tags_and_aliases_package ... ok
test interpreter::commonjs::tests::node_api_prebuild_selection_uses_node_gyp_tag_precedence ... ok
test interpreter::commonjs::tests::node_gyp_build_package_prebuild_override_is_canonical_and_root_checked ... ok
test interpreter::commonjs::tests::node_gyp_build_runtime_builtin_exposes_tag_and_tuple_helpers ... ok
test interpreter::commonjs::tests::node_module_create_require_rejects_invalid_parents ... ok
test interpreter::commonjs::tests::node_module_create_require_resolves_from_esm_and_shares_commonjs_cache ... ok
test interpreter::commonjs::tests::require_executes_and_caches_commonjs_source ... ok
test interpreter::commonjs::tests::require_executes_functions_and_handles_circular_partial_exports ... ok
test interpreter::commonjs::tests::require_is_disabled_until_the_host_configures_a_loader ... ok
test interpreter::commonjs::tests::require_loader_and_cache_are_shared_with_async_function_realms ... ok
test interpreter::commonjs::tests::require_parses_json_as_guest_values ... ok
test interpreter::commonjs::tests::filesystem_loader_resolves_package_import_maps ... ok
test interpreter::commonjs::tests::require_resolve_uses_the_configured_loader_without_evaluating_modules ... ok
test interpreter::jobs::scheduler_tests::cancellation_releases_roots_immediately ... ok
test interpreter::commonjs::tests::require_resolve_native_path_matches_node_and_bun ... ok
test interpreter::jobs::scheduler_tests::hybrid_promotes_once_traces_roots_and_resets_when_empty ... ok
test interpreter::jobs::scheduler_tests::timer_ids_wrap_without_collisions_or_reordering ... ok
test interpreter::jobs::scheduler_tests::timers_normalize_and_keep_fifo_ties ... ok
test interpreter::jobs::scheduler_tests::wrapped_ids_skip_multiple_live_small_queue_entries ... ok
test interpreter::native_addon::tests::shared_policy_configures_each_available_backend ... ok
test interpreter::native_addon_binary::tests::native_addon_binary_preflight_checks_format_and_architecture ... ok
test interpreter::node_addon::tests::loads_and_invokes_a_real_node_api_addon ... ok
test interpreter::node_addon::tests::node_addon_configuration_rejects_entry_outside_roots_before_startup ... ok
test interpreter::commonjs::tests::filesystem_loader_resolves_wildcard_exports_with_node_pattern_precedence ... ok
test interpreter::resolve::boxed_primitive_prototype_tests::boxed_primitives_use_their_constructor_prototypes ... ok
test interpreter::jobs::scheduler_tests::empty_storage_is_reused_and_large_index_retention_is_capped ... ok
test interpreter::resolve::boxed_primitive_prototype_tests::object_prototype_methods_match_node_and_bun ... ok
test interpreter::rust_node_api::tests::closed_scope_handles_become_stale ... ok
test interpreter::rust_node_api::tests::configured_node_api_ceiling_is_reported_and_enforced ... ok
test interpreter::rust_node_api::tests::deferred_resolution_without_interpreter_rejects_objects_but_accepts_undefined ... ok
test interpreter::rust_node_api::tests::escapable_scope_promotes_one_local_handle_to_its_parent ... ok
test interpreter::rust_node_api::tests::escapable_scope_rejects_parent_handles_and_regular_close_calls ... ok
test interpreter::rust_node_api::tests::experimental_node_api_object_and_finalizer_apis_match_reference_runtimes ... ok
test interpreter::rust_node_api::tests::experimental_sharedarraybuffer_node_api_preserves_shared_identity_and_views ... ok
test interpreter::rust_node_api::tests::handle_scopes_must_close_in_lifo_order ... ok
test interpreter::rust_node_api::tests::integer_conversion_matches_ecmascript_int32_wraparound ... ok
test interpreter::rust_node_api::tests::loads_and_calls_a_real_napi_v7_addon_without_a_node_sidecar ... ok
test interpreter::node_addon::tests::node_addon_sidecar_enforces_allowlist_and_digest_on_direct_loads ... ok
test interpreter::rust_node_api::tests::loads_napi_v10_external_strings_property_keys_and_arraybuffer_buffers ... ok
test interpreter::rust_node_api::tests::loads_napi_v8_type_tags_integrity_and_async_cleanup_hooks ... ok
test interpreter::rust_node_api::tests::loads_napi_v9_symbols_syntax_errors_and_module_file_url ... ok
test interpreter::rust_node_api::tests::loads_node_addon_api_cpp_fixture_with_shared_runtime_source ... ok
test interpreter::rust_node_api::tests::local_handles_expire_at_scope_close_without_reusing_their_pointer ... ok
test interpreter::rust_node_api::tests::missing_node_api_imports_have_a_specific_loader_diagnostic ... ok
test interpreter::rust_node_api::tests::napi_fatal_error_terminates_only_its_child_process ... ok
test interpreter::rust_node_api::tests::napi_reference_primitive_lifetime_matches_requested_api_version ... ok
test interpreter::rust_node_api::tests::napi_run_script_preserves_the_outer_loop_budget_and_source_context ... ok
test interpreter::rust_node_api::tests::native_handles_are_bound_to_one_environment ... ok
test interpreter::rust_node_api::tests::node_api_shim_is_shared_across_host_generations ... ok
test interpreter::rust_node_api::tests::node_api_v10_header_symbols_are_exported_by_the_shim ... ok
test interpreter::rust_node_api::tests::repeated_local_scopes_release_handle_table_entries_and_reuse_slots ... ok
test interpreter::rust_node_api::tests::require_module_node_loads_an_allowlisted_bare_napi_package ... ok
test interpreter::rust_node_api::tests::rust_host_selects_and_loads_a_napi_tagged_prebuild_through_bare_require ... ok
test interpreter::rust_node_api::tests::rust_node_api_host_enforces_allowlist_and_digest_when_called_directly ... ok
test interpreter::rust_node_api::tests::rust_node_api_require_classifies_a_non_library_file_before_dlopen ... ok
test interpreter::rust_node_api::tests::unresolved_node_api_import_fails_before_addon_initialization ... ok
test interpreter::resolve::boxed_primitive_prototype_tests::primitive_constructor_fixture_matches_node_and_bun ... ok
test interpreter::scheduler::lifecycle_tests::batched_deadline_polling_has_the_same_bound ... ok
test interpreter::scheduler::lifecycle_tests::batched_polling_preserves_exact_fuel_and_bounds_zero_cost_instructions ... ok
test interpreter::scheduler::lifecycle_tests::completed_execution_retires_deadline_without_idle_reactivation ... ok
test interpreter::scheduler::lifecycle_tests::timers_checkpoints_and_suspended_bodies_keep_the_original_deadline ... ok
test interpreter::tests::sparse_arrays_preserve_holes_across_common_methods ... ok
test interpreter::tests::built_in_error_subclasses_inherit_from_error ... ok
test interpreter::tests::test_arrays ... ok
test interpreter::tests::test_arithmetic ... ok
test interpreter::tests::test_closures ... ok
test interpreter::tests::test_break_in_loops ... ok
test interpreter::tests::test_comparison ... ok
test interpreter::tests::test_compound_assign ... ok
test interpreter::commonjs::tests::filesystem_loader_uses_export_array_fallbacks_only_for_invalid_targets ... ok
test interpreter::tests::test_for_in ... ok
test interpreter::tests::test_do_while ... ok
test interpreter::tests::test_continue_in_loops ... ok
test interpreter::tests::test_for_of ... ok
test interpreter::tests::test_functions ... ok
test interpreter::tests::test_increment ... ok
test interpreter::tests::test_loops ... ok
test interpreter::tests::test_math_constants ... ok
test interpreter::tests::test_logical ... ok
test interpreter::tests::test_nested_functions ... ok
test interpreter::tests::test_recursion ... ok
test interpreter::tests::test_objects ... ok
test interpreter::tests::test_strings ... ok
test interpreter::tests::test_switch ... ok
test interpreter::tests::test_try_catch ... ok
test interpreter::tests::test_ternary ... ok
test interpreter::tests::top_level_await_reports_a_promise_with_no_pending_work ... ok
test jit::tests::cold_until_threshold_then_compiles_once ... ok
test interpreter::tests::test_variables ... ok
test jit::tests::decline_asks_once ... ok
test jit::tests::guard_failure_deopts_then_discards ... ok
test jit::tests::loop_iters_trip_threshold ... ok
test jit::tests::no_backend_reports_hot ... ok
test jit::tests::shape_guard_checks_params ... ok
test lang::actions::tests::a_diagnostic_outside_the_range_is_skipped ... ok
test lang::actions::tests::a_mismatched_pair_offers_no_guess ... ok
test lang::actions::tests::a_stray_closer_offers_removal ... ok
test lang::actions::tests::an_unclosed_brace_offers_its_closer ... ok
test lang::actions::tests::an_unclosed_paren_offers_its_closer ... ok
test lang::actions::tests::badly_indented_source_offers_a_format ... ok
test lang::actions::tests::well_formatted_source_offers_nothing ... ok
test lang::document::tests::hover_never_panics_on_a_member_without_a_receiver ... ok
test lang::document::tests::hover_never_panics_on_non_ascii_cursor_offset ... ok
test lang::document::tests::hovers_host_function_metadata_and_documentation ... ok
test jit::tests::hot_function_requests_compile_through_vm ... ok
test lang::document::tests::infers_exported_class_factory ... ok
test lang::document::tests::infers_literal_variable ... ok
test lang::document::tests::infers_string_prototype_return_types ... ok
test lang::document::tests::infers_promise_callback_and_property ... ok
test lang::document::tests::injects_native_date_types_from_catalog ... ok
test lang::document::tests::infers_the_real_store_module_factory ... ok
test lang::document::tests::propagates_types_across_imported_modules ... ok
test lang::format_source::tests::a_block_comment_keeps_its_own_layout ... ok
test lang::format_source::tests::a_brace_in_a_string_does_not_indent ... ok
test lang::format_source::tests::a_closing_line_lines_up_with_its_opener ... ok
test interpreter::tests::test_typeof ... ok
test lang::document::tests::preserves_class_instance_type_through_factory ... ok
test lang::format_source::tests::a_multi_line_template_is_left_alone ... ok
test lang::format_source::tests::a_template_interpolation_does_not_unbalance_the_scan ... ok
test lang::format_source::tests::blank_lines_stay_blank ... ok
test lang::format_source::tests::comments_survive ... ok
test lang::format_source::tests::nested_blocks_are_indented ... ok
test lang::format_source::tests::over_indentation_is_removed ... ok
test lang::format_source::tests::newlines_are_never_moved ... ok
test lang::format_source::tests::tabs_are_available ... ok
test lang::format_source::tests::trailing_whitespace_is_trimmed ... ok
test lang::metadata::tests::accepts_legacy_string_shapes_inside_objects ... ok
test lang::metadata::tests::parses_recursive_function_metadata ... ok
test lang::metadata::tests::rejects_malformed_and_oversized_shapes ... ok
test lang::navigation::tests::an_argument_that_already_names_the_parameter_is_not_hinted ... ok
test lang::navigation::tests::definition_points_at_the_declaration ... ok
test lang::navigation::tests::document_symbols_list_declarations ... ok
test lang::navigation::tests::inlay_hints_name_positional_arguments ... ok
test lang::navigation::tests::references_include_the_declaration ... ok
test lang::navigation::tests::references_respect_scope ... ok
test lang::navigation::tests::rename_refuses_a_non_identifier ... ok
test lang::navigation::tests::signature_help_outside_a_call_is_none ... ok
test lang::navigation::tests::signature_help_reports_the_active_parameter ... ok
test lang::semantic::tests::a_call_target_is_a_function ... ok
test lang::semantic::tests::a_capitalized_name_is_a_class ... ok
test lang::semantic::tests::a_member_name_is_a_property ... ok
test lang::semantic::tests::a_regex_literal_is_not_division ... ok
test lang::semantic::tests::encoding_uses_deltas ... ok
test lang::semantic::tests::keywords_strings_and_numbers_are_classified ... ok
test lang::service::tests::document_lifecycle_rebuilds_analysis ... ok
test lang::metadata::tests::bounds_global_count ... ok
test lang::service::tests::generic_global_precedence_is_local_then_runtime_then_manifest ... ok
test lang::service::tests::generic_globals_support_nested_completion_hover_signatures_and_docs ... ok
test lang::service::tests::host_metadata_rebuilds_open_documents ... ok
test lang::service::tests::live_host_function_outranks_a_manifest_generic_global ... ok
test lang::service::tests::registered_modules_feed_import_inference ... ok
test lang::service::tests::runtime_host_function_replaces_the_manifest_declaration ... ok
test lang::service::tests::runtime_generic_global_outranks_a_runtime_host_function ... ok
test lang::tests::diagnostics_balanced_ok ... ok
test lang::service::tests::runtime_json_shape_feeds_handler_completion ... ok
test lang::tests::diagnostics_template_balances ... ok
test lang::tests::diagnostics_unbalanced ... ok
test lang::tests::exposed_function_metadata_is_available_to_completion ... ok
test lang::tests::ident_offers_exposed_functions ... ok
test lang::tests::ident_offers_globals ... ok
test lang::tests::ident_offers_module_names ... ok
test lang::tests::ident_playground_prefix ... ok
test lang::tests::ident_offers_scope_decls ... ok
test lang::tests::ipc_is_absent_without_metadata ... ok
test lang::tests::member_array_literal ... ok
test lang::tests::legacy_type_strings_are_depth_bounded ... ok
test lang::tests::member_array_var ... ok
test lang::tests::member_builtin_math ... ok
test lang::tests::member_global_alias_includes_exposed_host_functions ... ok
test lang::tests::member_generic_global ... ok
test lang::tests::member_namespace_import_exports ... ok
test lang::tests::member_global_alias_includes_generic_global ... ok
test lang::tests::member_playground_namespace_exports ... ok
test lang::tests::member_object_literal_keys ... ok
test lang::tests::member_string_literal ... ok
test lang::tests::symbols_top_level ... ok
test lang::tests::unknown_legacy_type_names_degrade_instead_of_failing ... ok
test lexer::tests::contextual_words_remain_valid_bindings ... ok
test lang::tests::unknown_local_binding_still_shadows_builtin_members ... ok
test lexer::tests::non_identifiers_are_rejected ... ok
test lexer::tests::no_keyword_is_a_binding_identifier ... ok
test lexer::tests::ordinary_names_are_binding_identifiers ... ok
test lexer::tests::reserved_word_list_is_exhaustive ... ok
test lexer::tests::test_arrow ... ok
test lexer::tests::test_comments ... ok
test lexer::tests::test_compound_assignment ... ok
test lexer::tests::test_identifiers ... ok
test lexer::tests::test_keywords ... ok
test lexer::tests::test_numbers ... ok
test lexer::tests::test_operators ... ok
test lexer::tests::test_punctuation ... ok
test lexer::tests::test_spread ... ok
test lexer::tests::test_string_escapes ... ok
test lsp::protocol::tests::workspace_id_is_20_hex_chars ... ok
test lexer::tests::test_strings ... ok
test lsp::runtime_client::tests::authentication_is_bounded_and_newline_delimited ... ok
test lsp::runtime_client::tests::eof_ends_the_connection ... ok
test lsp::runtime_client::tests::idle_timeouts_do_not_end_the_connection ... ok
test lsp::runtime_client::tests::partial_multibyte_lines_are_reassembled ... ok
test lang::metadata::tests::legacy_string_shapes_share_the_structured_depth_limit ... ok
test lsp::runtime_client::tests::stale_session_events_are_ignored_by_the_discovery_loop ... ok
test lsp::text::tests::ascii_positions_match_byte_offsets ... ok
test lsp::text::tests::cjk_columns_are_single_units ... ok
test lsp::text::tests::crlf_lines_exclude_the_carriage_return ... ok
test lsp::text::tests::diagnostic_columns_convert_to_utf16 ... ok
test lsp::text::tests::non_uri_input_passes_through ... ok
test lsp::text::tests::out_of_range_positions_clamp ... ok
test lsp::text::tests::no_platform_leaves_escapes_in_a_file_path ... ok
test lsp::text::tests::percent_encoded_uri_is_decoded ... ok
test lsp::text::tests::percent_escapes_decode_and_survive_invalid_input ... ok
test lsp::text::tests::plain_uri_round_trips ... ok
test lsp::text::tests::utf16_columns_account_for_multibyte_characters ... ok
test lsp::text::tests::utf16_columns_account_for_surrogate_pairs ... ok
test lsp::text::tests::windows_uri_parses_without_panicking ... ok
test parser::cache::tests::distinct_sources_parse_independently ... ok
test parser::cache::tests::depth_failure_detail_survives_the_cache_boundary ... ok
test parser::cache::tests::exact_contents_resolve_forced_hash_collisions ... ok
test parser::cache::tests::failed_parses_are_not_cached ... ok
test parser::cache::tests::prepared_errors_match_eval_source ... ok
test parser::cache::tests::prepared_program_executes_repeatedly_with_one_parse ... ok
test parser::cache::tests::repeated_compiles_share_one_parse ... ok
test parser::index::tests::a_declaration_is_recorded_with_its_position ... ok
test parser::index::tests::a_parameter_is_a_declaration_in_the_body_scope ... ok
test parser::index::tests::a_reference_resolves_to_its_declaration ... ok
test parser::index::tests::an_inner_declaration_shadows_an_outer_one ... ok
test parser::index::tests::sibling_scopes_do_not_share_a_binding ... ok
test parser::index::tests::the_outline_lists_declarations ... ok
test parser::tests::test_arrow_fn ... ok
test parser::tests::test_binary_precedence ... ok
test parser::tests::test_class_accessors_still_parse ... ok
test parser::tests::test_class_decl ... ok
test parser::tests::test_class_members_named_like_modifiers ... ok
test parser::tests::test_computed_member ... ok
test parser::tests::test_export_default ... ok
test parser::tests::test_export_default_class_declaration ... ok
test parser::tests::test_export_default_function_declaration ... ok
test parser::tests::test_fn_decl ... ok
test parser::tests::test_for_in ... ok
test parser::tests::test_for_loop ... ok
test parser::tests::test_for_of ... ok
test parser::tests::test_if_else ... ok
test parser::tests::test_import ... ok
test parser::tests::test_member_access ... ok
test parser::tests::test_new_expr ... ok
test parser::tests::test_switch ... ok
test parser::tests::test_ternary ... ok
test parser::cache::tests::eviction_preserves_recent_entries_and_bounds_bytes ... ok
test parser::tests::test_try_catch ... ok
test parser::tests::test_while_loop ... ok
test parser::tests::test_var_decl ... ok
test plugin_host::tests::colon_capability_installs_from_extra_requests_with_interpreter_access ... ok
test plugin_host::tests::direct_call_awaits_promises_and_drains_before_converting ... ok
test plugin_host::tests::direct_call_invokes_export_without_parsing ... ok
test plugin_host::tests::direct_call_propagates_exceptions ... ok
test plugin_host::tests::direct_call_rejects_undefined_result ... ok
test plugin_host::tests::direct_call_value_returns_raw_values_with_this ... ok
test lsp::runtime_client::tests::oversized_runtime_frames_are_rejected ... ok
test plugin_host::tests::direct_call_without_export_fails_closed ... ok
test plugin_host::tests::extra_request_for_unknown_capability_fails_closed ... ok
test plugin_host::tests::extra_request_without_grant_does_not_install ... ok
test plugin_host::tests::direct_lifecycle_awaits_async_on_load ... ok
test plugin_host::tests::manifest_validation_and_glob_rules_reject_traversal ... ok
test plugin_host::tests::napi_prebuild_package_roots_stay_inside_the_plugin_directory ... ok
test plugin_host::tests::manifest_permission_denial_is_a_catchable_guest_error ... ok
test plugin_host::tests::plugin_host_composes_node_api_addons_with_checked_fs_facades ... ok
test plugin_host::tests::host_filesystem_policy_intersects_manifest_requests ... ok
test plugin_host::tests::repeated_plugin_loads_share_module_parses ... ok
test plugin_host::tests::resource_limits_and_missing_capability_requests_fail_closed ... ok
test plugin_host::tests::rust_host_loads_commonjs_packages_without_native_addons ... ok
test plugin_host::tests::rust_host_loads_relative_esm_and_reloads_with_serialized_state ... ok
test plugin_host::tests::rust_host_rejects_package_exports_that_escape_the_plugin_root ... ok
test plugin_host::tests::rust_host_resolves_in_root_esm_packages_with_exports_and_nested_dependencies ... ok
test runtime::tests::loop_budget_applies ... ok
test runtime::tests::missing_spec_file_errors ... ok
test runtime::tests::prepared_program_stats ... ok
test runtime::tests::runtime_stats_snapshot ... ok
test runtime::tests::spec_file_round_trips ... ok
test runtime::tests::spec_is_importable_after_build ... ok
test shape::tests::add_transition_matches_literal ... ok
test shape::tests::attributes_do_not_fork_shapes ... ok
test shape::tests::bypass_mutation_heals ... ok
test shape::tests::delete_canonicalizes ... ok
test shape::tests::shared_layout_shared_shape ... ok
test shape::tests::single_read_builds_nothing ... ok
test value::array_index_tests::canonical_indices_parse ... ok
test value::array_index_tests::non_canonical_names_are_ordinary_properties ... ok
test value::array_index_tests::string_helpers_match_char_semantics ... ok
test interpreter::rust_node_api::tests::loads_napi_rs_addon_with_the_same_commonjs_entry_on_node_bun_and_vm ... ok
test value::shared_array_buffer_tests::shared_backing_is_aligned_stable_and_clones_share_bytes ... ok
test value::weak_registry_drop_tests::weak_registrations_do_not_disable_iterative_teardown ... ok
test value::drop_tests::deeply_nested_values_drop_without_overflowing_the_stack ... ok
test plugin_host::tests::plugin_host_authorizes_addon_without_digest_and_aliases_bare_name ... ok
test plugin_host::tests::plugin_host_loads_rust_authored_napi_rs_addon ... ok

test result: ok. 383 passed; 0 failed; 0 ignored; 0 measured; 0 filtered out; finished in 1.24s

