$ npm run test:node

> napi-vm@0.1.5 test:node
> node --test tests/node/*.test.js

✔ persistent owner keeps globals across repeated executions (12.34358ms)
✔ host functions and Node marshalling execute on Node thread without sync VM deadlock (7.208636ms)
✔ manual virtual turns preserve unfinished checkpoints and absolute timers (2.613812ms)
✔ bounded command queue rejects visibly without losing accepted completion (1.083662ms)
✔ same-session commands from a host function fail instead of deadlocking (3.595485ms)
✔ deadline interrupts long callback and a never-settled host promise (24.253472ms)
✔ shutdown cancels guest work and settles every pending completion (6.243593ms)
✔ shutdown wakes an owner awaiting a never-settled Node completion (6.195896ms)
✔ idle sessions and pending completions have correct Node lifetimes (134.561187ms)
✔ immediate cancellation reaches commands not yet dequeued by owner (1.489313ms)
✔ pending Node promise stays rooted until deadline and retires on disposal (83.717594ms)
✔ Node worker teardown wakes and terminates the persistent guest owner (38.907638ms)
✔ throwing checkpoint recovers before new guest code (0.678572ms)
✔ unawaited host results do not lock admission and remain awaitable (1.362593ms)
✔ top-level await waits for future and nested real-time timers (66.759393ms)
✔ cancel and dispose wake a future-timer await after a host barrier (2.155552ms)
✔ abandoned results are retired while closure-held results survive (101.963564ms)
✔ virtual top-level await never advances time and supports host-driven recovery (1.368912ms)
✔ a short execution deadline caps a far-future timer await (7.412264ms)
✔ dispatched host dependency rejects reentry before guest await (2.61591ms)
✔ completed deadlines do not poison idle metadata or new executions (101.779487ms)
✔ delayed unawaited callback can reenter after its execution completes (1.214309ms)
✔ metadata and configured limits preserve pending timer deadlines (101.719296ms)
✔ a saved host result protects reentry across executions and queued admission (20.052971ms)
✔ public owners use the same bytecode tier and reuse prepared source (11.005765ms)
✔ legacy sync and async calls share globals closures modules symbols and shapes (11.357896ms)
✔ released exports stay bounded and finalization cannot wait for a Node-dependent worker (135.398449ms)
✔ fresh cycle workloads stabilize without sharing mutable realm objects (489.0566ms)
✔ automatic collection bounds retained cyclic containers in a persistent owner (61.028453ms)
✔ the CommonJS entry point loads the native binding (4.534179ms)
✔ the ESM entry point loads the native binding (2.718124ms)
✔ the generated entry points agree on the package version (0.90321ms)
✔ basic evaluation works (0.579854ms)
✔ values marshal in both directions (0.628806ms)
✔ host functions are callable from the guest (0.586483ms)
✔ async execution settles its promise (7.588539ms)
✔ exposing an async function does not keep the process alive (28.429347ms)
✔ registering an async host module does not keep the process alive (48.55006ms)
✔ a synchronous run does not keep the process alive (57.920562ms)
✔ dispose() lets a process that used runAsync exit (34.715674ms)
✔ dispose() is idempotent and safe before any async work (0.589478ms)
✔ guest errors surface as host exceptions (0.872354ms)
✔ the loop budget interrupts an infinite loop (0.531651ms)
✔ recursion depth is capped rather than crashing the process (6.257474ms)
✔ removeModule makes a module unresolvable (0.491931ms)
✔ the plugin filesystem backend enforces its read limit (0.560143ms)
ℹ tests 46
ℹ suites 0
ℹ pass 46
ℹ fail 0
ℹ cancelled 0
ℹ skipped 0
ℹ todo 0
ℹ duration_ms 799.058578
