$ npm test

> napi-vm@0.1.5 test
> bun test ./tests

bun test v1.4.2 (744846f84)

tests/arithmetic.test.js:
(pass) addition [1.21ms]
(pass) subtraction [0.73ms]
(pass) multiplication [0.90ms]
(pass) division [0.84ms]
(pass) modulo [0.79ms]
(pass) operator precedence: mul before add [0.63ms]
(pass) operator precedence: parentheses override [0.62ms]
(pass) nested parentheses [0.52ms]
(pass) unary minus [0.69ms]
(pass) unary plus [0.40ms]
(pass) floating point arithmetic [0.61ms]
(pass) large numbers [0.40ms]
(pass) division by zero produces Infinity [0.50ms]
(pass) NaN propagation [0.30ms]
(pass) complex expressions [0.51ms]

tests/array-methods.test.js:
(pass) at supports negative indices [0.91ms]
(pass) findIndex reports the position [0.49ms]
(pass) findLast and findLastIndex search from the end [0.56ms]
(pass) lastIndexOf searches from the end [0.48ms]
(pass) shift and unshift work at the front [1.28ms]
(pass) fill writes a range [0.99ms]
(pass) keys, values and entries iterate [0.73ms]
(pass) gen.throw raises at the suspension point [0.90ms]
(pass) an uncaught gen.throw propagates to the caller [0.52ms]
(pass) gen.return finishes the generator [1.71ms]
(pass) gen.return runs a finally block [0.28ms]
(pass) a returned generator is exhausted [0.28ms]

tests/bigint.test.js:
(pass) typeof a BigInt [0.26ms]
(pass) a BigInt exceeds the safe integer range [0.43ms]
(pass) arithmetic [0.75ms]
(pass) division truncates towards zero [0.47ms]
(pass) remainder takes the dividend's sign [0.48ms]
(pass) division by zero throws [0.24ms]
(pass) bit shifts [0.49ms]
(pass) a right shift floors a negative value [0.22ms]
(pass) bitwise operators use two's complement [0.83ms]
(pass) negation [0.22ms]
(pass) BigInts compare by value [0.41ms]
(pass) loose equality crosses the numeric types [0.47ms]
(pass) strict equality does not [0.22ms]
(pass) relational comparison crosses the numeric types [0.44ms]
(pass) mixed arithmetic is a TypeError [0.39ms]
(pass) unary plus on a BigInt is a TypeError [0.26ms]
(pass) concatenation with a string works [0.48ms]
(pass) String() coerces a BigInt [0.23ms]
(pass) a BigInt is falsy only at zero [0.41ms]
(pass) BigInt converts a number [0.26ms]
(pass) BigInt parses a string, including radix prefixes [0.67ms]
(pass) BigInt refuses a non-integer [0.28ms]
(pass) asIntN wraps to a signed width [0.23ms]
(pass) asUintN wraps to an unsigned width [0.22ms]
(pass) radix-prefixed BigInt literals [0.63ms]
(pass) radix-prefixed number literals [0.66ms]
(pass) numeric separators [0.47ms]

tests/bridge-values.test.js:
(pass) a Date crosses as a Date [0.37ms]
(pass) a BigInt crosses with full precision [0.47ms]
(pass) a symbol crosses as a symbol [0.27ms]
(pass) a typed array crosses as the same view type [0.63ms]
(pass) an ArrayBuffer crosses with its bytes [0.29ms]
(pass) a Map crosses as a Map [0.32ms]
(pass) a Set crosses as a Set [0.34ms]
(pass) a settled promise crosses as a settled promise [0.40ms]
(pass) a rejected promise crosses as a rejection [0.35ms]
(pass) an async function's result crosses settled [0.32ms]
(pass) a cyclic object crosses intact [0.26ms]
(pass) a shared reference stays shared [0.29ms]
(pass) a proxy crosses as its target [0.24ms]
(pass) a regular expression crosses as its source and flags [0.26ms]
(pass) internal slots do not cross [0.25ms]
(pass) non-enumerable properties do not cross [0.27ms]
(pass) a Date round-trips [0.25ms]
(pass) a BigInt round-trips [0.47ms]
(pass) a typed array round-trips [0.27ms]
(pass) the VM sees a host BigInt as a bigint [0.26ms]
(pass) the VM computes with a host BigInt [0.22ms]
(pass) the VM reads a host Date [0.23ms]
(pass) the VM indexes a host typed array [0.26ms]
(pass) the VM reads a host ArrayBuffer [0.22ms]
(pass) a host symbol arrives as a symbol [0.21ms]
(pass) a VM function crosses as a callable [0.37ms]
(pass) an exported function keeps its closure [0.27ms]
(pass) an exported function takes arguments [0.22ms]
(pass) a function on an exported object is callable [0.22ms]
(pass) an exported function can return another [0.22ms]
(pass) a throw inside an exported function reaches the host [0.28ms]
(pass) an internal error reaches the host too [0.33ms]
(pass) calling an exported function re-entrantly is refused, not corrupting [0.32ms]
(pass) an exported function outlives the VM binding that produced it [0.26ms]

tests/bridge.test.js:
(pass) setGlobal exposes a number as a bare global [0.24ms]
(pass) setGlobal exposes a string [0.21ms]
(pass) setGlobal exposes a boolean and null [0.25ms]
(pass) setGlobal exposes a structured object [0.24ms]
(pass) setGlobal exposes an array usable from the VM [0.25ms]
(pass) exposeFunction: VM calls a Node function with number args [0.23ms]
(pass) exposeFunction: string args and return [0.25ms]
(pass) exposeFunction: Node function receives a VM array [0.29ms]
(pass) exposeFunction: Node function receives a VM object [0.56ms]
(pass) exposeFunction: Node function returns an object to the VM [0.24ms]
(pass) exposeFunction: a thrown JS error is catchable inside the VM [0.33ms]
(pass) exposeFunction rejects a non-function [0.39ms]
(pass) callFunction invokes a VM function and returns a number [0.32ms]
(pass) callFunction returns a structured object [0.27ms]
(pass) callFunction returns an array [0.26ms]
(pass) callFunction returns a string [0.29ms]
(pass) callFunction can call an exposed Node function indirectly [0.24ms]
(pass) callFunction on an undefined name throws [0.24ms]
(pass) the global aliases are objects and all identical [0.23ms]
(pass) setGlobal is reachable via window and globalThis [0.31ms]
(pass) exposeFunction is callable via window [0.24ms]
(pass) guest object keys are own data properties at the N-API boundary [0.24ms]
(pass) runAsync dispatches an ordinary exposed function on Node's main thread [0.60ms]
(pass) runAsync rejects overlapping operations on one VM [10.87ms]
(pass) runAsync owns the VM state until a dropped VM's worker finishes [8.08ms]
(pass) async host arguments are deep-copied before the VM continues [10.81ms]
(pass) host thenables settle only once [0.56ms]
(pass) IPC detach is safe while runAsync still owns the VM [11.90ms]
(pass) writing via window defines a real global [0.30ms]
(pass) top-level declarations are visible on window [0.39ms]

tests/builtin-constructors.test.js:
(pass) String coerces to a string [0.88ms]
(pass) typeof String is function [0.22ms]
(pass) String still carries its statics [0.21ms]
(pass) Number coerces to a number [0.76ms]
(pass) Boolean coerces to a boolean [0.45ms]
(pass) Number constants [0.77ms]
(pass) Object() wraps a nullish value [0.43ms]
(pass) Object() boxes primitives and preserves their value [1.01ms]
(pass) Array.of collects its arguments [0.23ms]
(pass) Array.from copies an array [0.22ms]
(pass) Array.from maps as it copies [0.26ms]
(pass) Array.from reads an array-like [0.30ms]
(pass) Array.from iterates a string [0.37ms]
(pass) Array.from drains a generator [0.37ms]
(pass) Array(n) allocates n slots [0.25ms]
(pass) Array with several arguments collects them [0.21ms]
(pass) an array carries named properties [0.22ms]
(pass) assigning length truncates [0.41ms]
(pass) a tag receives the chunks and the values [0.36ms]
(pass) a tag receives the raw chunks [0.26ms]
(pass) a tag receives the cooked chunks [0.30ms]
(pass) String.raw leaves escapes alone [0.23ms]
(pass) String.raw interleaves substitutions [0.22ms]
(pass) a method can be a tag [0.42ms]

tests/builtins.test.js:
(pass) Math.PI [0.25ms]
(pass) Math.E [0.22ms]
(pass) Math constants [1.24ms]
(pass) console exists as object [0.22ms]
(pass) console has log member [0.17ms]
(pass) JSON exists [0.26ms]
(pass) JSON has parse and stringify [0.29ms]
(pass) Object exists with members [0.24ms]
(pass) Array exists with members [0.21ms]
(pass) Promise exists with members [0.22ms]
(pass) Date exists with members [0.24ms]
(pass) Number exists with members [0.29ms]
(pass) String exists with members [0.22ms]
(pass) Symbol exists with iterator [0.20ms]
(pass) Reflect exists with members [0.29ms]
(pass) Intl exists with members [0.22ms]
(pass) process exists with members [0.39ms]
(pass) Buffer exists with members [0.28ms]
(pass) crypto exists with members [0.26ms]
(pass) navigator exists with members [0.22ms]
(pass) performance exists with members [0.19ms]
(pass) location exists with members [0.28ms]
(pass) localStorage exists with members [0.26ms]
(pass) URL exists with members [0.24ms]
(pass) WebSocket exists with members [0.22ms]
(pass) Response exists with members [0.21ms]
(pass) ArrayBuffer exists with isView [0.24ms]
(pass) BigInt exists with members [0.27ms]
(pass) module.exports exists [0.20ms]
(pass) history exists with members [0.56ms]
(pass) screen exists with members [0.31ms]

tests/class-features.test.js:
(pass) an anonymous class expression [0.36ms]
(pass) a named class expression binds its name inside the body [0.25ms]
(pass) a class expression's name does not leak [0.34ms]
(pass) a class expression can extend [0.42ms]
(pass) a class expression is usable inline [0.40ms]
(pass) a private field is readable from inside [0.24ms]
(pass) a private field is not an own enumerable property [0.31ms]
(pass) a private field is invisible to JSON [0.30ms]
(pass) a private method is callable from inside [0.26ms]
(pass) a private static member [0.22ms]
(pass) a private field can be written [0.32ms]
(pass) a static block runs against the class [0.24ms]
(pass) a static block sees this as the class [0.22ms]
(pass) static blocks run in order [0.24ms]
(pass) a static can be assigned after the class is declared [0.24ms]
(pass) an async class method returns a promise [0.32ms]
(pass) a generator class method yields [0.31ms]
(pass) an async generator class method [0.37ms]
(pass) a static async method [0.28ms]

tests/collections.test.js:
(pass) typeof Map and Set are functions [0.49ms]
(pass) a map stores and reads [0.25ms]
(pass) a map is seeded from entries [0.27ms]
(pass) size tracks mutation [0.24ms]
(pass) has reports membership [0.28ms]
(pass) get on a missing key is undefined [0.23ms]
(pass) set is chainable [0.23ms]
(pass) an object key matches by identity [0.23ms]
(pass) distinct objects are distinct keys [0.24ms]
(pass) re-setting a key keeps its position [0.33ms]
(pass) clear empties the map [0.24ms]
(pass) keys, values and entries iterate [0.76ms]
(pass) a map iterates as entries [0.28ms]
(pass) forEach receives value, key and the map [0.25ms]
(pass) map internals are not own properties [0.27ms]
(pass) a map has no JSON representation of its entries [0.23ms]
(pass) collection String tags match Node and Bun [43.29ms]
(pass) a set deduplicates [0.54ms]
(pass) a set spreads to its values [0.27ms]
(pass) add is chainable and idempotent [0.24ms]
(pass) NaN is its own match [0.27ms]
(pass) a set is seeded from a string [0.23ms]
(pass) delete reports whether it removed anything [0.23ms]
(pass) set entries pair each value with itself [0.96ms]
(pass) forEach sums a set [0.41ms]
(pass) a weak map stores by identity [0.49ms]
(pass) a weak set holds membership [0.26ms]
(pass) a weak collection has no size [0.23ms]
(pass) for...of destructures an array pattern [0.34ms]
(pass) for...of destructures an object pattern [0.26ms]

tests/control-flow.test.js:
(pass) if true branch [0.28ms]
(pass) if false branch [0.23ms]
(pass) if/else [0.41ms]
(pass) if/else if/else chain [1.14ms]
(pass) nested if [0.27ms]
(pass) while loop [0.44ms]
(pass) while loop with condition-based exit [0.23ms]
(pass) for loop basic [0.25ms]
(pass) for loop with var [0.23ms]
(pass) for loop with expression init [0.22ms]
(pass) for loop countdown [0.23ms]
(pass) for loop with no init [0.25ms]
(pass) for loop with no update [0.22ms]
(pass) nested for loops [0.44ms]
(pass) for...of array [0.30ms]
(pass) for...of builds string [0.49ms]
(pass) for...in object keys [0.27ms]
(pass) for...in array indices [0.29ms]
(pass) switch statement [1.29ms]
(pass) switch fallthrough [0.37ms]
(pass) switch with break [0.30ms]
(pass) switch default only [0.64ms]
(pass) break in switch works [0.36ms]
(pass) for loop exits via condition [0.28ms]
(pass) ternary operator [0.84ms]
(pass) nested ternary [0.22ms]
(pass) ternary with expressions [0.23ms]
(pass) block statement [0.47ms]
(pass) empty statement [0.23ms]
(pass) multiple statements return last [0.21ms]

tests/crash-safety.test.js:
(pass) unbounded recursion throws a catchable RangeError [0.72ms]
(pass) unbounded mutual recursion throws a catchable RangeError [0.48ms]
(pass) recursion limit still allows deep-but-bounded recursion [0.76ms]
(pass) deeply nested source is a parse error, not a crash [3.35ms]
(pass) returning a cyclic object prints [Circular] instead of crashing [0.23ms]
(pass) returning a cyclic array prints [Circular] instead of crashing [0.18ms]
[Circular]
(pass) console.log of a cyclic array does not crash [0.31ms]
(pass) JSON.stringify of a cyclic structure throws a catchable TypeError [0.25ms]
(pass) JSON.stringify of a very deep structure throws a catchable RangeError [2.30ms]
(pass) JSON.parse of a very deep document throws a catchable RangeError [0.71ms]
(pass) infinite loop hits the loop budget and throws [87.87ms]
(pass) loop budget refills on the next run [81.26ms]
(pass) array growth past the cap throws a catchable RangeError [172.43ms]
(pass) indexed array assignment enforces the hard cap [0.37ms]
(pass) sparse object destructuring does not materialize a huge array [0.19ms]
(pass) JSON.parse enforces array and object caps [48.38ms]
(pass) ordinary String.replace enforces the string cap [30.56ms]
(pass) Array.join enforces the string cap before building its result [75.39ms]
(pass) Number.toFixed rejects unbounded precision [0.35ms]
(pass) Object.assign enforces the object property cap [15.94ms]
(pass) deep Array.prototype.flat is iterative and bounded [87.34ms]
(pass) Array.sort does not hold a RefCell borrow across a comparator [0.44ms]
(pass) Array.sort propagates comparator errors [0.34ms]
(pass) deep prototype lookup is bounded without native recursion [4.46ms]
(pass) string doubling past the cap throws a catchable RangeError [61.71ms]
(pass) return formatting cannot amplify a shared graph past the string cap [946.80ms]
(pass) Interpreter-style string coercion is bounded for shared arrays [1363.62ms]
(pass) for-of over a maximum-sized string is lazy and Unicode-safe [45.98ms]
(pass) dynamic global creation is bounded through all global aliases [970.70ms]
(pass) updating an existing global does not consume binding quota [75.08ms]
(pass) deeply nested value builds fine and teardown does not crash [211.39ms]
(pass) recursive yield* is a catchable error, not fatal [2.55ms]
(pass) callFunction into unbounded recursion throws a catchable JS error [0.54ms]

tests/data-types.test.js:
(pass) number literals [1.69ms]
(pass) string literals [0.72ms]
(pass) boolean literals [0.39ms]
(pass) null literal [0.24ms]
(pass) undefined literal [0.25ms]
(pass) array literal [0.64ms]
(pass) array access [0.60ms]
(pass) array out of bounds [0.21ms]
(pass) array length [0.74ms]
(pass) nested arrays [0.55ms]
(pass) object literal [0.69ms]
(pass) object computed access [0.48ms]
(pass) object missing property [0.22ms]
(pass) nested objects [0.29ms]
(pass) object with string keys [0.48ms]
(pass) string length [0.68ms]
(pass) string concatenation [1.07ms]
(pass) typeof operator [1.70ms]
(pass) void operator [0.43ms]
(pass) delete operator [0.43ms]
(pass) type coercion in + [0.63ms]
(pass) type coercion in arithmetic [1.66ms]
(pass) NaN from invalid coercion [0.66ms]
(pass) Infinity [0.25ms]
(pass) array in string context [0.28ms]
(pass) object in string context [0.42ms]

tests/dates.test.js:
(pass) typeof Date is function [0.24ms]
(pass) epoch milliseconds construct a date [0.37ms]
(pass) an ISO string constructs a date [1.09ms]
(pass) components construct a date [0.29ms]
(pass) component accessors [1.70ms]
(pass) the day of the week [0.31ms]
(pass) UTC accessors match the local ones [0.57ms]
(pass) getTime and valueOf agree [0.49ms]
(pass) setTime is observed through every reference [0.24ms]
(pass) a date stringifies as its ISO form [0.21ms]
(pass) a date serializes to JSON as its ISO form [0.24ms]
(pass) an invalid date reports itself [0.22ms]
(pass) dates before the epoch work [0.30ms]
(pass) Date.now is a number [0.22ms]
(pass) Date without new is a string [0.24ms]
(pass) a date copies another date [0.28ms]

tests/destructuring.test.js:
(pass) array and object declarations bind [0.54ms]
(pass) declarations take defaults [0.50ms]
(pass) declarations nest [0.29ms]
(pass) a rest element collects the tail [0.50ms]
(pass) array destructuring assignment swaps [0.24ms]
(pass) object destructuring assignment needs parentheses [0.25ms]
(pass) an assignment reaches an outer binding [0.24ms]
(pass) a property can be a target [0.58ms]
(pass) an assignment takes defaults [0.24ms]
(pass) a missing property assigns undefined [0.22ms]
(pass) a rest element works in an assignment [0.23ms]
(pass) an object parameter destructures [0.25ms]
(pass) an array parameter destructures [0.28ms]
(pass) a destructured parameter takes a whole-parameter default [0.24ms]
(pass) several destructured parameters [0.33ms]
(pass) a destructured parameter mixes with a plain one [0.29ms]
(pass) destructured parameters nest [0.28ms]
(pass) an arrow takes a destructured parameter [0.88ms]

tests/ecma-gaps.test.js:
(pass) bitwise AND & [0.27ms]
(pass) bitwise OR | [0.22ms]
(pass) bitwise XOR ^ [0.21ms]
(pass) bitwise NOT ~ [0.21ms]
(pass) left shift << [0.27ms]
(pass) signed right shift >> [0.22ms]
(pass) unsigned right shift >>> [0.20ms]
(pass) exponentiation operator ** [0.21ms]
(pass) nullish coalescing ?? [0.21ms]
(pass) optional chaining ?. [0.31ms]
(pass) template literal basic [0.21ms]
(pass) template literal interpolation [0.20ms]
(pass) member assignment obj.prop = value [0.22ms]
(pass) compound assignment %= [0.33ms]
(pass) chained assignment a = b = 5 [0.21ms]
(pass) multiple variable declaration let a, b [0.21ms]
(pass) array destructuring [0.22ms]
(pass) object destructuring [0.34ms]
(pass) spread in array literal flattens [0.23ms]
(pass) spread in function call [0.30ms]
(pass) object spread [0.26ms]
(pass) arrow function single param without parens [0.24ms]
(pass) arrow function multiple params [0.23ms]
(pass) default parameters [0.23ms]
(pass) rest parameters [0.32ms]
(pass) arguments object [0.28ms]
(pass) do...while loop [0.39ms]
(pass) break inside a loop [0.30ms]
(pass) continue inside a loop [0.24ms]
(pass) labeled break [0.23ms]
(pass) braceless if statement [0.28ms]
(pass) for...of over a string [1.04ms]
(pass) comma operator / multi-init for loop [0.38ms]
(pass) finally runs after catch [0.32ms]
(pass) try/catch catches runtime (non-throw) errors [0.34ms]
(pass) typeof undeclared variable is 'undefined' (no throw) [0.51ms]
(pass) object property shorthand { x } [0.24ms]
(pass) object computed property key [0.22ms]
(pass) object method shorthand [0.30ms]
(pass) object getter [0.26ms]
(pass) class constructor with this [0.24ms]
(pass) class instance method [0.24ms]
(pass) class field [0.25ms]
(pass) class static method [0.32ms]
(pass) class inheritance [0.34ms]
(pass) super call in derived constructor [0.31ms]
(pass) instanceof [0.30ms]
(pass) function constructor assigns via this [0.24ms]
(pass) Array.prototype.map [0.37ms]
(pass) Array.prototype.filter [0.37ms]
(pass) Array.prototype.reduce [0.36ms]
(pass) Array.prototype.push mutates [0.45ms]
(pass) Array.prototype.join [0.36ms]
(pass) Array.isArray [0.48ms]
(pass) Array.isArray follows nested proxies [0.27ms]
(pass) string index access [0.21ms]
(pass) String.prototype.toUpperCase [0.21ms]
(pass) String.prototype.slice [0.35ms]
(pass) String.prototype.split [0.24ms]
(pass) String.prototype.includes [0.21ms]
(pass) Math.abs [0.20ms]
(pass) Math.floor [0.27ms]
(pass) Math.sqrt [0.25ms]
(pass) Math.max variadic [0.21ms]
(pass) Number.prototype.toFixed [0.40ms]
(pass) scientific notation literal [0.22ms]
(pass) parseInt [0.33ms]
(pass) parseFloat [0.23ms]
(pass) global isNaN [0.34ms]
(pass) Number.isNaN [0.35ms]
(pass) JSON.stringify [2.24ms]
(pass) JSON.parse [0.34ms]
(pass) Object.keys [0.23ms]
(pass) Object.assign [0.22ms]
(pass) boolean coerces to number in arithmetic [0.22ms]
(pass) loose equality coerces number/string [0.26ms]
(pass) loose equality coerces boolean [0.22ms]
(pass) async function returns a promise [0.31ms]
(pass) promise instances support then chaining [0.50ms]
(pass) promise catch and finally are eager and chainable [0.57ms]
(pass) generator function [0.22ms]
(pass) Array.prototype.sort default is lexicographic [0.36ms]
(pass) Array.prototype.sort with comparator [0.28ms]
(pass) Array.prototype.flat default depth 1 [0.24ms]
(pass) Array.prototype.flat with depth [0.46ms]
(pass) Array.prototype.flatMap maps then flattens [0.60ms]
(pass) Array.prototype.reduceRight [1.13ms]
(pass) Date.UTC at the epoch [0.32ms]
(pass) Date.UTC with a time component [0.23ms]
(pass) Date.parse ISO string at the epoch [0.22ms]
(pass) Date.parse with fractional seconds [0.21ms]
(pass) Date.parse applies a timezone offset [0.39ms]
(pass) Date.now returns a number [0.39ms]
hello
(pass) console.log is callable and returns undefined [0.23ms]
boom
(pass) console.error is callable [0.27ms]
(pass) new Error carries a message [0.25ms]
(pass) new Error carries a name [0.32ms]
(pass) TypeError has its own name [0.22ms]
(pass) Error with no argument has an empty message [0.32ms]
(pass) typeof new Error is object [0.24ms]
(pass) throw/catch preserves the Error object [0.24ms]
(pass) caught Error name survives the throw [0.28ms]
(pass) await unwraps a fulfilled promise [0.27ms]
(pass) await on a non-promise returns the value [0.21ms]
(pass) await rethrows a rejected promise [0.22ms]
(pass) Promise.resolve [0.31ms]
(pass) Promise.all resolves to an array [0.56ms]
(pass) Promise.all rejects on first rejection [0.27ms]
(pass) Promise.race returns the first settled [0.40ms]
(pass) generator next yields the first value [3.54ms]
(pass) generator next advances through values [0.35ms]
(pass) generator reports done once exhausted [0.31ms]
(pass) for...of drives a generator [0.52ms]
(pass) generator receives parameters [0.35ms]
(pass) infinite generator does not hang (true suspension) [0.22ms]
(pass) generator next(val) sends a value into the yield expression [0.84ms]
(pass) generator with yield in a conditional [0.32ms]
(pass) generator return value is accessible via done result [0.47ms]
(pass) generator is its own iterator (Symbol.iterator) [0.39ms]
(pass) typeof Symbol is function [0.39ms]
(pass) typeof Symbol() is symbol [0.30ms]
(pass) Symbol.iterator is a symbol [0.38ms]
(pass) Symbol.for returns a symbol [0.42ms]
(pass) Symbol.keyFor retrieves the registry key [0.52ms]
(pass) well-known symbols exist [1.05ms]
(pass) for...of over an object with [Symbol.iterator] [2.81ms]
(pass) array [Symbol.iterator] returns a working iterator [0.43ms]
(pass) string [Symbol.iterator] iterates characters [0.31ms]
(pass) named export reaches an importer [0.36ms]
(pass) exported function declaration reaches an importer [0.22ms]
(pass) default export reaches an importer [0.97ms]
(pass) namespace import collects exports [0.25ms]

tests/edge-cases.test.js:
(pass) class declaration [1.20ms]
(pass) class with constructor [0.32ms]
(pass) class with methods [0.37ms]
(pass) class with static method [0.53ms]
(pass) class with fields [0.25ms]
(pass) class extends [0.24ms]
(pass) deeply nested expressions [0.28ms]
(pass) deeply nested function calls [0.25ms]
(pass) deeply nested member access [0.25ms]
(pass) empty array [0.22ms]
(pass) empty object [1.05ms]
(pass) array with undefined holes [0.62ms]
(pass) string with special chars [0.51ms]
(pass) number edge cases [0.46ms]
(pass) boolean coercion in if [1.66ms]
(pass) boolean coercion in while [0.29ms]
(pass) boolean coercion in ternary [0.65ms]
(pass) string comparison via == [0.40ms]
(pass) object equality is by reference (always false) [0.22ms]
(pass) array equality is by reference (always false) [0.32ms]
(pass) function toString representation [0.23ms]
(pass) native function toString representation [0.28ms]
(pass) number formatting: integers [0.50ms]
(pass) number formatting: floats [0.43ms]
(pass) negative numbers [0.40ms]
(pass) chained member and call [0.28ms]
(pass) computed property with expression [0.27ms]
(pass) assignment in expression [0.23ms]
(pass) multiple assignment [0.22ms]
(pass) complex program: sum of squares [0.30ms]
(pass) complex program: isPrime [0.48ms]
(pass) complex program: map-like pattern [0.58ms]
(pass) complex program: accumulator pattern [0.30ms]
(pass) complex program: string builder [0.30ms]
(pass) complex program: nested data access [0.29ms]
(pass) program with all control flow [0.26ms]

tests/error-handling.test.js:
(pass) try/catch basic [0.58ms]
(pass) try/catch with number throw [0.25ms]
(pass) try/catch with string throw [0.23ms]
(pass) try without throw executes normally [0.28ms]
(pass) catch variable scoped [0.23ms]
(pass) nested try/catch [0.22ms]
(pass) try/catch does not catch non-throw errors silently [0.22ms]
(pass) throw stops execution in try block [0.32ms]
(pass) try/catch/finally - finally runs after try [0.24ms]
(pass) try/catch/finally - finally runs after catch [0.22ms]
(pass) error in function caught by caller [0.22ms]
(pass) error propagates through call stack [0.32ms]
(pass) throw with expression [0.33ms]
(pass) conditional throw [0.59ms]
(pass) try/catch returns value from try [0.26ms]
(pass) try/catch returns value from catch [0.24ms]
(pass) multiple statements in catch [0.24ms]
(pass) undefined variable access throws (not caught by try/catch) [0.28ms]
(pass) calling non-function throws (not caught by try/catch) [0.50ms]

tests/errors.test.js:
(pass) each built-in error carries its name [1.02ms]
(pass) message round-trips [0.49ms]
(pass) a subclass inherits the constructor [0.96ms]
(pass) a subclass can add its own state [0.32ms]
(pass) a subclass is catchable [0.26ms]
(pass) a derived class without a constructor forwards its arguments [0.25ms]
(pass) an explicit derived constructor is used instead [0.31ms]
(pass) stack begins with the error line [0.34ms]
(pass) stack names the frames it was constructed in [0.25ms]
(pass) stack names the whole call chain [0.26ms]
(pass) an internally raised error carries a stack too [0.50ms]
(pass) toString joins the name and message [0.73ms]
(pass) String() uses toString [0.64ms]
(pass) an internally raised error stringifies too [0.27ms]
(pass) a custom toString is used by String and templates [0.93ms]
(pass) a non-string return is coerced [0.46ms]
(pass) an object without toString still renders opaquely [0.25ms]
(pass) a custom toString is used by concatenation [0.53ms]
(pass) compound concatenation uses it on either side [0.46ms]
(pass) valueOf wins over toString for the default hint [0.49ms]
(pass) a toString returning a number makes + numeric [0.41ms]
(pass) an object without either renders opaquely [0.51ms]
(pass) arrays reduce to their string form [0.98ms]
(pass) numeric operators coerce through the string form too [0.81ms]
(pass) an object has no numeric value [0.44ms]
(pass) Number() follows the same rules [0.59ms]
(pass) numeric compound assignment is unaffected [0.40ms]

tests/functions.test.js:
(pass) function declaration and call [0.54ms]
(pass) function with no params [0.24ms]
(pass) function with no return [0.23ms]
(pass) function with early return [0.82ms]
(pass) arrow function expression body [0.80ms]
(pass) arrow function block body [0.24ms]
(pass) arrow function no params [0.22ms]
(pass) arrow function single param with parens [0.22ms]
(pass) function expression [0.57ms]
(pass) higher-order functions [0.25ms]
(pass) functions as return values [0.57ms]
(pass) closures capture variables [0.63ms]
(pass) closure over loop variable [0.29ms]
(pass) recursion: factorial [0.66ms]
(pass) recursion: fibonacci [0.79ms]
(pass) mutual recursion [0.62ms]
(pass) nested function declarations [0.33ms]
(pass) function calling another function [0.25ms]
(pass) function with default-like behavior via || [0.49ms]
(pass) variadic-like via arguments count [0.23ms]
(pass) missing arguments are undefined [0.23ms]
(pass) extra arguments ignored [0.52ms]
(pass) function name in typeof [0.44ms]
(pass) new with function returns object [0.36ms]
(pass) IIFE pattern [0.24ms]

tests/generators-delegation.test.js:
(pass) yield* delegates to an array [0.57ms]
(pass) yield* delegates to another generator [0.33ms]
(pass) yield* evaluates to the delegate's return value [0.37ms]
(pass) yield* delegates to a string [0.31ms]
(pass) yield* forwards values sent with next(v) [0.23ms]
(pass) closing the outer generator closes the delegate [0.32ms]
(pass) nested delegation composes [0.30ms]
(pass) a generator can be spread [0.20ms]
(pass) spreading an infinite generator is bounded, not a hang [127.05ms]

tests/host-module.test.js:
(pass) registerHostModule exposes host functions as module exports [0.63ms]
(pass) registerHostModule returns the globals it created [0.30ms]
(pass) removeModule revokes the module's bridge globals [0.25ms]
(pass) module names that differ only in punctuation get separate namespaces [0.28ms]
(pass) re-registering with fewer exports revokes the dropped bridge global [0.57ms]
(pass) a failed re-registration leaves the previous exports intact [0.37ms]
(pass) exports receive every argument and can return objects [0.31ms]
(pass) a host error thrown by an export is catchable in the guest [0.25ms]
(pass) options.async marks exports the guest can await [0.73ms]
(pass) re-registering a host module replaces the previous exports [0.35ms]
(pass) an empty exports object is rejected [0.21ms]
(pass) non-function exports are rejected [0.20ms]
(pass) export names that are not identifiers are rejected [1.77ms]
(pass) registering a host module does not leak host globals into the guest [0.21ms]
(pass) options.async naming a missing export is rejected [0.28ms]
(pass) a failure after a binding was replaced rolls that binding back [411.17ms]
(pass) keyword export names are rejected, not compiled into broken source [1.14ms]

tests/hot-reload.test.js:
(pass) hasModule returns false for unregistered modules [0.23ms]
(pass) registerModule makes hasModule return true [0.38ms]
(pass) removeModule removes a registered module [0.20ms]
(pass) removeModule returns false for unknown module [0.25ms]
(pass) listModules returns all registered module names [0.20ms]
(pass) listModules is empty after removing all modules [0.25ms]
(pass) removed module exports are no longer importable [1.25ms]
(pass) hasModule never disagrees with what import can resolve [0.28ms]
(pass) re-registering a module drops exports the new source removed [0.28ms]
(pass) a module body that throws registers nothing [0.80ms]
(pass) a failed re-registration leaves the previous module intact [0.23ms]
(pass) hasGlobal returns false for unset globals [0.15ms]
(pass) setGlobal makes hasGlobal return true [0.14ms]
(pass) removeGlobal removes a global set via setGlobal [0.18ms]
(pass) removeGlobal removes an exposed host function [0.19ms]
(pass) removeGlobal returns false for unknown global [0.15ms]
(pass) removeGlobal + re-expose avoids stale references (hot-reload pattern) [0.35ms]
(pass) globalThis writes shadow builtins without mutating the builtin frame [0.17ms]
(pass) VmIpc is available while a module is evaluated [0.60ms]
  [OK] ipc loaded
(pass) HotReloader attaches IPC before loading modules [2.91ms]
  [OK] ipc loaded
[hot-reload] change detected: ipc.js
  [OK] ipc loaded
[hot-reload] rebuild complete

(pass) HotReloader republishes IPC metadata for each VM generation [6.12ms]
(pass) full hot-reload cycle: teardown + rebuild leaves no stale state [0.67ms]

tests/language-features.test.js:
(pass) IEEE-754 double precision addition [0.52ms]
(pass) positive division by zero yields Infinity [0.24ms]
(pass) negative division by zero yields -Infinity [0.22ms]
(pass) zero divided by zero yields NaN [0.21ms]
(pass) very large integer literal round-trips [0.26ms]
(pass) the Infinity constant prints as Infinity [0.26ms]
(pass) NaN constant is a number [0.21ms]
(pass) newline escape [0.30ms]
(pass) tab escape [0.30ms]
(pass) backslash escape [0.24ms]
(pass) quote escapes [0.45ms]
(pass) null escape [0.28ms]
(pass) typeof array is object [0.23ms]
(pass) typeof object is object [0.20ms]
(pass) typeof arrow function is function [0.21ms]
(pass) typeof function declaration is function [0.30ms]
(pass) typeof typeof number is string [0.22ms]
(pass) NaN is not equal to itself (strict) [0.21ms]
(pass) NaN is not equal to itself (loose) [0.20ms]
(pass) null loosely equals undefined [0.20ms]
(pass) null does not strictly equal undefined [0.24ms]
(pass) null strictly equals null [0.25ms]
(pass) undefined strictly equals undefined [0.27ms]
(pass) number + number + string concatenates left to right [0.24ms]
(pass) string first forces concatenation [0.29ms]
(pass) array to string joins with commas [0.26ms]
(pass) object to string is [object Object] [0.36ms]
(pass) boolean true stringifies in concat [0.29ms]
(pass) postfix decrement returns old value [0.23ms]
(pass) prefix decrement returns new value [0.22ms]
(pass) double negation of boolean [0.20ms]
(pass) switch with no matching case yields empty result [0.25ms]
(pass) nested for loops count correctly [0.24ms]
(pass) for...in iterates all keys in order [0.25ms]
(pass) for...of sums array values [0.23ms]
(pass) block can mutate outer variable [0.24ms]
(pass) chained comparison via && [0.25ms]
(pass) bare return yields undefined [0.35ms]
(pass) statements after return are unreachable [0.25ms]
(pass) arrow returning object literal in parens [0.27ms]
(pass) function composition [0.23ms]
(pass) three-argument function [0.22ms]
(pass) identity function [0.32ms]
(pass) function expression assigned and called [0.25ms]
(pass) closure accumulator retains state [0.29ms]
(pass) two closures have independent state [0.28ms]
(pass) deeply nested object access [0.26ms]
(pass) nested array indexing [0.23ms]
(pass) object property arithmetic [0.22ms]
(pass) program: FizzBuzz (1-15) [0.27ms]
(pass) program: greatest common divisor [0.27ms]
(pass) program: iterative factorial [0.28ms]
(pass) program: primality test [0.33ms]
(pass) program: collatz steps [0.28ms]
(pass) program: max of array via for...of [0.46ms]
(pass) program: sum of nested array (grid) [0.41ms]
(pass) program: countdown string [1.19ms]
(pass) program: csv builder with separator logic [0.29ms]

tests/lexer.test.js:
(pass) tokenizes integers [0.03ms]
(pass) tokenizes floats [0.01ms]
(pass) tokenizes numeric separators [0.30ms]
(pass) tokenizes single-quoted strings [0.02ms]
(pass) tokenizes double-quoted strings [0.01ms]
(pass) tokenizes string escape sequences [0.72ms]
(pass) tokenizes identifiers with $ and _ [0.54ms]
(pass) skips single-line comments [0.37ms]
(pass) skips multi-line comments [0.27ms]
(pass) tokenizes arithmetic operators in expressions [0.04ms]
(pass) tokenizes increment/decrement in expressions [0.02ms]
(pass) tokenizes comparison operators in expressions [0.02ms]
(pass) tokenizes logical operators in expressions [0.01ms]
(pass) tokenizes assignment operators in expressions [0.02ms]
(pass) tokenizes arrow function syntax [0.01ms]
(pass) tokenizes spread in array [0.01ms]
(pass) tokenizes keywords in context [0.03ms]
(pass) handles empty input [0.21ms]
(pass) handles whitespace-only input [0.21ms]

tests/logical-assignment.test.js:
(pass) ||= assigns to a falsy binding [0.28ms]
(pass) ||= leaves a truthy binding alone [0.25ms]
(pass) &&= assigns to a truthy binding [0.35ms]
(pass) &&= leaves a falsy binding alone [0.27ms]
(pass) ??= assigns to null [0.29ms]
(pass) ??= leaves a defined falsy value alone [0.30ms]
(pass) ??= assigns to undefined [0.27ms]
(pass) a member target works [0.32ms]
(pass) the right side is not evaluated when it is not needed [0.26ms]
(pass) the right side runs when it is needed [0.42ms]
(pass) the expression evaluates to the resulting value [0.77ms]
(pass) a computed member target [0.39ms]

tests/modules-linking.test.js:
(pass) an imported binding tracks the exporting module [1.26ms]
(pass) a renamed import is still live [0.25ms]
(pass) a namespace object is live [0.20ms]
(pass) export let declares in module scope [0.21ms]
(pass) a namespace exposes the default under 'default' [0.17ms]
(pass) a namespace lists its exports [0.17ms]
(pass) import renames with `as` [0.16ms]
(pass) import { default as x } names the default export [0.16ms]
(pass) export ... from forwards a named export [0.18ms]
(pass) export ... from renames while forwarding [0.20ms]
(pass) a re-exported binding is still live [0.18ms]
(pass) export { default as x } from forwards the default [0.17ms]
(pass) export * forwards every named export [0.16ms]
(pass) export * excludes the default export [0.18ms]
(pass) export * as names the namespace [0.19ms]
(pass) import() resolves to the namespace [0.25ms]
(pass) await import() works inside an async function [0.25ms]
(pass) import() of a missing module rejects [0.25ms]
(pass) a module's private bindings do not leak to the global scope [0.55ms]
(pass) two modules can declare the same top-level name [0.21ms]
(pass) a module still sees the globals the host exposed [0.18ms]
(pass) visibility runs one way: modules see the script scope, not each other [0.26ms]
(pass) defineModule defers evaluation until the first import [0.19ms]
(pass) a body error in a deferred module surfaces at the import [0.19ms]
(pass) a cyclic module graph links [0.21ms]
(pass) a cycle links a forward reference [0.20ms]
(pass) a cycle links from either entry point [0.22ms]

tests/modules.test.js:
(pass) import.meta.url [0.50ms]
(pass) import.meta.main defaults to false [0.29ms]
(pass) setImportMetaMain changes import.meta.main [0.27ms]
(pass) import.meta as expression [0.20ms]
(pass) import.meta.main in conditional [0.26ms]
(pass) register_module does not throw [0.26ms]
(pass) register_module with exports [0.20ms]
(pass) register_module with default export [0.17ms]
(pass) import from unregistered module throws [0.17ms]
(pass) module state persists across runs [0.17ms]
(pass) module state: functions persist [0.20ms]
(pass) module state: variables mutable across runs [0.21ms]

tests/npm-loader.test.js:
(pass) package loader resolves conditional exports and registers guest ESM without host execution [4.10ms]
(pass) compiler mode none keeps JavaScript unchanged and reports unsupported source [0.67ms]
(pass) auto compiler fallback is followed by napi-vm validation [0.70ms]
(pass) SWC output that the VM cannot parse is rejected as a transform failure [0.51ms]
(pass) CommonJS package source is rejected instead of interpreted as guest ESM [0.58ms]
(pass) module graph scanner ignores comments and string literals [0.15ms]
(pass) module graph scanner rejects computed dynamic imports and CommonJS patterns [0.03ms]

tests/object-model.test.js:
(pass) delete removes the property [0.28ms]
(pass) object literal duplicate keys use the last value and keep insertion order [0.24ms]
(pass) delete reports success [0.46ms]
(pass) delete of a computed key [0.27ms]
(pass) delete of a missing property still succeeds [0.45ms]
(pass) delete of a non-reference is true [0.31ms]
(pass) delete of a declared binding is false [0.24ms]
(pass) delete does not reach the prototype [0.23ms]
(pass) delete of a non-configurable property fails [0.28ms]
(pass) in finds an own property [0.59ms]
(pass) in finds an inherited property [0.30ms]
(pass) in reports a missing property [0.34ms]
(pass) in works on array indices [0.52ms]
(pass) an object is strictly equal to itself [0.27ms]
(pass) distinct objects are not strictly equal [0.30ms]
(pass) an array is strictly equal to itself [0.22ms]
(pass) a function is strictly equal to itself [0.38ms]
(pass) aliases share identity [0.24ms]
(pass) Object.create links the prototype [0.24ms]
(pass) Object.create leaves the prototype out of the own keys [0.23ms]
(pass) Object.getPrototypeOf round-trips [0.25ms]
(pass) Object.create(null) has a null prototype [0.27ms]
(pass) Object.setPrototypeOf is observed through every reference [0.26ms]
(pass) Object.create with a descriptor map [0.23ms]
(pass) defineProperty defaults to non-enumerable [0.27ms]
(pass) a non-enumerable property is still readable [0.29ms]
(pass) an enumerable defined property appears in Object.keys [0.24ms]
(pass) defineProperty defaults to non-writable [0.24ms]
(pass) a writable defined property accepts assignment [0.37ms]
(pass) getOwnPropertyDescriptor of a plain property [0.24ms]
(pass) getOwnPropertyDescriptor of a missing property [0.23ms]
(pass) getOwnPropertyDescriptors covers every own property [0.27ms]
(pass) defineProperty installs a getter [0.26ms]
(pass) defineProperty installs a setter [0.26ms]
(pass) defineProperty installs a getter and a setter together [0.26ms]
(pass) assignment follows inherited accessor and data property descriptors [0.54ms]
(pass) object literal getter and setter declarations combine [0.30ms]
(pass) object spread reads an accessor and copies its current value [0.29ms]
(pass) defineProperties installs several at once [0.29ms]
(pass) redefining a non-configurable property throws [0.29ms]
(pass) getOwnPropertyNames includes non-enumerable properties [0.46ms]
(pass) freeze rejects writes [0.26ms]
(pass) freeze rejects additions [0.24ms]
(pass) isFrozen reports a frozen object [0.23ms]
(pass) isFrozen reports an ordinary object [0.25ms]
(pass) seal keeps writes but rejects additions [0.24ms]
(pass) isSealed reports a sealed object [0.22ms]
(pass) a sealed property cannot be deleted [0.31ms]
(pass) preventExtensions blocks new properties [0.29ms]
(pass) Object.hasOwn sees an own property [0.23ms]
(pass) Object.hasOwn ignores the prototype [0.32ms]
(pass) Object.fromEntries builds an object [0.25ms]
(pass) Object.is distinguishes NaN [0.35ms]
(pass) Object.is distinguishes signed zero [0.23ms]
(pass) Object.values runs getters [0.24ms]
(pass) Object.entries pairs keys with values [0.28ms]
(pass) Reflect.get reads a property [0.25ms]
(pass) Reflect.set writes a property [0.25ms]
(pass) Reflect.has follows the prototype chain [0.23ms]
(pass) Reflect.deleteProperty removes a property [0.87ms]
(pass) Reflect.ownKeys lists own properties [0.26ms]
(pass) Reflect.apply calls with an argument array [0.35ms]
(pass) Reflect.construct builds an instance [0.34ms]
(pass) Reflect.defineProperty reports failure instead of throwing [0.26ms]
(pass) Reflect.getPrototypeOf matches Object.getPrototypeOf [0.62ms]
(pass) Reflect.preventExtensions reports success [0.36ms]
(pass) an object property may be named get [0.30ms]
(pass) an object method may be named set [0.50ms]

tests/operators.test.js:
(pass) strict equality === [2.93ms]
(pass) strict inequality !== [0.79ms]
(pass) strict equality type mismatch [1.93ms]
(pass) loose equality == [0.98ms]
(pass) loose equality null/undefined [0.71ms]
(pass) loose inequality != [0.91ms]
(pass) less than < [0.67ms]
(pass) greater than > [0.90ms]
(pass) less than or equal <= [0.64ms]
(pass) greater than or equal >= [0.63ms]
(pass) logical AND && [0.89ms]
(pass) logical OR || [1.18ms]
(pass) logical NOT ! [1.00ms]
(pass) logical AND short-circuit returns value [1.13ms]
(pass) logical OR short-circuit returns value [0.96ms]
(pass) logical operators do not evaluate a short-circuited right operand [0.84ms]
(pass) truthiness [2.13ms]
(pass) prefix increment [0.46ms]
(pass) postfix increment [0.43ms]
(pass) prefix decrement [0.23ms]
(pass) postfix decrement [0.93ms]
(pass) increment in expression [0.63ms]
(pass) in operator [0.44ms]
(pass) instanceof returns false (stub) [0.22ms]
(pass) chained comparisons via && [0.44ms]
(pass) complex logical expressions [0.74ms]

tests/promises.test.js:
(pass) a then callback runs after the synchronous code [0.35ms]
(pass) a then callback has not run yet at the next statement [0.35ms]
(pass) an async function suspends at await [0.30ms]
(pass) chained thens run in order [0.33ms]
(pass) queueMicrotask defers [0.28ms]
(pass) timers run after every microtask [0.25ms]
(pass) new Promise resolves [0.22ms]
(pass) new Promise rejects [0.27ms]
(pass) a throwing executor rejects the promise [0.24ms]
(pass) an executor that is not a function throws [0.24ms]
(pass) a promise settles only once [0.23ms]
(pass) a promise stays pending until resolved [0.26ms]
(pass) a later resolution reaches an earlier then [0.27ms]
(pass) typeof Promise is function [0.22ms]
(pass) then maps the value [0.22ms]
(pass) catch handles a rejection [0.25ms]
(pass) a throw inside then becomes a rejection [0.32ms]
(pass) then without an onRejected forwards the rejection [0.27ms]
(pass) catch forwards a fulfilment [0.24ms]
(pass) finally runs and passes the value through [0.33ms]
(pass) finally passes a rejection through [0.26ms]
(pass) Promise.resolve is idempotent on a promise [0.24ms]
(pass) resolving with a thenable adopts its value [0.26ms]
(pass) thenable resolution runs its then method as a microtask [0.26ms]
(pass) a throwing then getter rejects the promise [0.36ms]
(pass) promise resolution ignores later resolve and reject calls [0.27ms]
(pass) resolving with a rejecting thenable rejects [0.28ms]
(pass) a promise resolved with a promise adopts it [0.23ms]
(pass) Promise.all collects values in order [0.23ms]
(pass) Promise.all on an empty list resolves immediately [0.21ms]
(pass) Promise.all rejects on the first rejection [0.44ms]
(pass) Promise.allSettled reports both outcomes [0.28ms]
(pass) Promise.race takes the first settlement [0.22ms]
(pass) Promise.any takes the first fulfilment [0.28ms]
(pass) Promise.any rejects with an AggregateError when all reject [0.33ms]
(pass) an async function returns a promise [0.52ms]
(pass) a throwing async function rejects with the thrown value [0.37ms]
(pass) await unwraps a promise [0.27ms]
(pass) try/catch around await catches a rejection [0.27ms]
(pass) await inside a loop accumulates [0.34ms]
(pass) await resolves a timer-backed promise [0.24ms]
(pass) an async arrow with no parameters [0.60ms]
(pass) an async arrow with one bare parameter [0.39ms]
(pass) an async arrow without parentheses [0.26ms]
(pass) an async object method [0.32ms]
(pass) an async class method [0.31ms]
(pass) async is still usable as a property name [0.25ms]
(pass) for await consumes an array of promises [0.31ms]
(pass) for await consumes an async generator [0.40ms]
(pass) an async generator may await between yields [0.38ms]
(pass) Symbol.asyncIterator drives for await [0.53ms]
(pass) a generator object method [0.38ms]
(pass) a generator class method [0.32ms]

tests/proxy.test.js:
(pass) an empty handler is transparent [0.81ms]
(pass) a proxy may wrap another proxy [48.47ms]
(pass) the get trap intercepts reads [0.86ms]
(pass) the get trap receives the target and the key [0.31ms]
(pass) the set trap intercepts writes [0.37ms]
(pass) the has trap answers `in` [0.55ms]
(pass) the deleteProperty trap intercepts delete [0.39ms]
(pass) property traps preserve symbol keys [0.63ms]
(pass) the ownKeys trap answers Object.keys [0.49ms]
(pass) the apply trap intercepts calls [0.26ms]
(pass) a proxied function without an apply trap still calls [0.25ms]
(pass) the construct trap intercepts new [0.48ms]
(pass) a proxied class without a construct trap still constructs [0.35ms]
(pass) typeof reports what the proxy wraps [0.67ms]
(pass) a non-object target is rejected [0.28ms]
(pass) a non-object handler is rejected [1.31ms]
(pass) a proxy serializes as its target [0.31ms]
(pass) Function compiles a body [0.25ms]
(pass) Function works without new [0.22ms]
(pass) one argument may list several parameters [0.27ms]
(pass) a body with no parameters [0.22ms]
(pass) a syntax error in the body throws [0.23ms]

tests/regexp.test.js:
(pass) a regex literal tests a subject [0.49ms]
(pass) source and flags are readable [0.64ms]
(pass) flag properties [1.57ms]
(pass) typeof RegExp is function [0.27ms]
(pass) the constructor compiles a pattern [0.22ms]
(pass) the constructor copies a regex [0.21ms]
(pass) an invalid pattern throws [0.23ms]
(pass) division is still division [0.25ms]
(pass) exec returns the match and its groups [0.22ms]
(pass) exec reports the match index [0.22ms]
(pass) an unmatched optional group is undefined [0.35ms]
(pass) exec returns null when nothing matches [0.30ms]
(pass) a global regex advances lastIndex [0.23ms]
(pass) a global exec loop walks every match [0.36ms]
(pass) lastIndex is writable [0.28ms]
(pass) named groups are exposed [0.29ms]
(pass) a named backreference [0.22ms]
(pass) character classes [0.66ms]
(pass) shorthand classes [0.59ms]
(pass) anchors and word boundaries [0.85ms]
(pass) bounded quantifiers [0.64ms]
(pass) lazy quantifiers stop early [0.23ms]
(pass) greedy quantifiers take as much as they can [0.23ms]
(pass) alternation is leftmost-first [0.25ms]
(pass) dotAll lets . cross a newline [0.44ms]
(pass) multiline anchors match at line breaks [0.55ms]
(pass) case-insensitive matching [0.31ms]
(pass) lookahead [0.42ms]
(pass) lookbehind [0.53ms]
(pass) backreferences [0.39ms]
(pass) non-capturing groups do not capture [0.23ms]
(pass) a sticky regex must match at lastIndex [0.43ms]
(pass) catastrophic backtracking is bounded, not hung [11.95ms]
(pass) match with a global pattern lists the matches [0.31ms]
(pass) match returns null when nothing matches [0.24ms]
(pass) matchAll yields full results [0.31ms]
(pass) matchAll requires a global pattern [0.26ms]
(pass) search reports the index [0.41ms]
(pass) replace with a global pattern replaces everything [0.26ms]
(pass) replace without the global flag replaces once [0.21ms]
(pass) replace with a function receives the match [0.34ms]
(pass) replacement patterns reorder groups [0.29ms]
(pass) $& inserts the whole match [0.23ms]
(pass) $$ inserts a literal dollar [0.38ms]
(pass) a literal needle with a function replacement [0.25ms]
(pass) split on a pattern [0.27ms]
(pass) split keeps the separator's capture groups [0.23ms]
(pass) split on an empty string yields characters [0.22ms]
(pass) replaceAll on a literal still works [0.45ms]
(pass) replace on a literal is not treated as a pattern [0.30ms]

tests/runtime-session.test.js:
(pass) VmSession.registerGlobal publishes and replaces generic metadata [0.89ms]
(pass) VmSession attach and detach clear obsolete globals [0.60ms]
(pass) VmSession rejects malformed and oversized metadata [1.90ms]
(pass) legacy host-function type strings remain accepted [0.79ms]
(pass) legacy host-function metadata accepts descriptive type names [0.58ms]
(pass) registerGlobal stays strict about unknown type names [0.39ms]
(pass) legacy string shapes enforce the same depth limit as structured shapes [0.55ms]
(pass) shape kinds reject fields they do not interpret [0.48ms]
(pass) VmIpc publishes only public ipc metadata and removes the facade on detach [0.40ms]

tests/sandbox.test.js:
(pass) no access to real require [0.69ms]
(pass) no access to real process [0.37ms]
(pass) globalThis is sandboxed object [0.32ms]
(pass) window is sandboxed object [0.22ms]
(pass) self is sandboxed object [0.25ms]
(pass) fetch is absent until granted as a capability [0.27ms]
(pass) setTimeout schedules without a clock [0.27ms]
(pass) setInterval is the same scheduler as setTimeout [0.28ms]
(pass) eval is sandboxed object [0.27ms]
(pass) Worker is sandboxed object [0.17ms]
(pass) SharedWorker is sandboxed object [0.16ms]
(pass) no filesystem access [0.16ms]
(pass) GPU APIs are sandboxed objects [0.17ms]
(pass) Web Streams are sandboxed objects [0.22ms]
(pass) ServiceWorker APIs are sandboxed [0.18ms]
(pass) DOM APIs are sandboxed objects [0.17ms]
(pass) TextEncoder/TextDecoder are pure transforms [0.35ms]
(pass) Blob/File/FormData sandboxed [0.22ms]
(pass) vm instances are isolated [0.38ms]
(pass) vm state does not leak between instances [0.31ms]
(pass) runCode is stateless between calls [0.47ms]
(pass) cannot escape sandbox via the Function constructor [0.30ms]
(pass) Proxy intercepts guest objects only [0.30ms]
(pass) structuredClone is a pure deep copy, not host reach [0.23ms]
(pass) queueMicrotask runs on the VM's own queue [0.35ms]
(pass) indexedDB is sandboxed [0.19ms]
(pass) caches is sandboxed [0.17ms]
(pass) sessionStorage is sandboxed [0.17ms]

tests/scoping.test.js:
(pass) let is scoped to its block [0.22ms]
(pass) const is scoped to its block [0.19ms]
(pass) var ignores blocks and reaches the function scope [0.36ms]
(pass) let inside a function block does not escape it [0.17ms]
(pass) block function declarations remain hoisted and block-scoped [0.31ms]
(pass) an inner block shadows rather than overwrites [0.32ms]
(pass) assignment without a declaration reaches the outer binding [0.16ms]
(pass) if, loop and for-of bodies are blocks [0.74ms]
(pass) a catch parameter is scoped to its clause [0.25ms]
(pass) switch cases share one block scope [0.17ms]
(pass) a closure captures its block's binding [0.16ms]
(pass) const rejects reassignment [0.22ms]
(pass) const rejects compound assignment and increment [0.80ms]
(pass) const binds, it does not freeze [0.17ms]
(pass) a destructured const is still const [0.38ms]
(pass) let remains reassignable [0.17ms]
(pass) reading a let before its declaration is a TDZ error [0.19ms]
(pass) writing to a let before its declaration is a TDZ error [0.17ms]
(pass) const has a dead zone too [0.20ms]
(pass) the dead zone is distinct from an undeclared name [0.38ms]
(pass) function declarations are hoisted and callable above themselves [0.20ms]
(pass) var is hoisted as undefined, not left undeclared [0.15ms]
(pass) a bare var redeclaration does not erase the value [0.15ms]
(pass) var declared inside a nested block hoists to the function [0.28ms]
(pass) for(let) gives each iteration its own binding [0.21ms]
(pass) for(let) captures from the initializer and update keep their iteration bindings [0.33ms]
(pass) for(var) keeps one shared binding [0.18ms]
(pass) a for(let) binding does not leak, a for(var) one does [0.34ms]
(pass) multiple declarators bind in the enclosing scope [0.54ms]
(pass) top-level let and const persist across run() calls [0.23ms]
(pass) a top-level const stays const across run() calls [0.23ms]

tests/stdlib-breadth.test.js:
(pass) reading a property of null is a TypeError [0.50ms]
(pass) a nested miss reports where it failed [0.33ms]
(pass) optional chaining still short-circuits [0.44ms]
(pass) super.method calls the superclass implementation [0.30ms]
(pass) super works from a differently named method [0.27ms]
(pass) super reaches a superclass getter [0.28ms]
(pass) super() still runs the superclass constructor [0.25ms]
(pass) an object pattern supplies a default [0.77ms]
(pass) a renamed property takes a default [0.24ms]
(pass) an object rest pattern collects what is left [0.32ms]
(pass) defaults nest [0.24ms]
(pass) a destructured parameter takes defaults [0.24ms]
(pass) a computed method name evaluates its key [0.52ms]
(pass) a literal computed method name still works [0.41ms]
(pass) splice returns what it removed [0.30ms]
(pass) splice removes in place [0.33ms]
(pass) splice inserts [0.33ms]
(pass) splice without a count removes the tail [0.23ms]
(pass) a negative start counts from the end [0.28ms]
(pass) padStart and padEnd [0.62ms]
(pass) trimStart and trimEnd [0.55ms]
(pass) at, lastIndexOf, concat and localeCompare [1.06ms]
(pass) codePointAt [0.22ms]
(pass) toString takes a radix [0.87ms]
(pass) an out-of-range radix throws [0.24ms]
(pass) toPrecision reports significant figures [0.47ms]
(pass) a numeric indent formats the output [0.23ms]
(pass) nested values indent progressively [0.23ms]
(pass) empty collections stay on one line [0.53ms]
(pass) a string indent is used verbatim [0.52ms]
(pass) no indent keeps the compact form [0.28ms]
(pass) a string containing braces is not re-indented [0.34ms]

tests/symbols.test.js:
(pass) a symbol is strictly equal to itself [0.53ms]
(pass) two symbols with the same description differ [0.24ms]
(pass) typeof a symbol [0.22ms]
(pass) a symbol carries its description [0.26ms]
(pass) a symbol without a description [0.23ms]
(pass) a symbol renders as Symbol(description) [0.70ms]
(pass) String() coerces a symbol [0.28ms]
(pass) Symbol.for returns the same symbol for a key [0.34ms]
(pass) Symbol.for differs from a fresh symbol [0.25ms]
(pass) Symbol.keyFor finds a registered symbol [0.27ms]
(pass) Symbol.keyFor ignores an unregistered symbol [0.31ms]
(pass) Symbol.iterator is one value [0.24ms]
(pass) well-known symbols are distinct from each other [0.55ms]
(pass) a symbol key round-trips [0.25ms]
(pass) same-description symbols key separate slots [0.23ms]
(pass) symbol keys are not string keys [0.28ms]
(pass) symbol keys are skipped by JSON.stringify [0.69ms]
(pass) a computed symbol key in an object literal [0.59ms]
(pass) a custom Symbol.iterator drives spread [0.31ms]

tests/syntax-errors.test.js:
(pass) a malformed statement is a SyntaxError with a position [0.34ms]
(pass) a partial program is not executed [0.19ms]
(pass) an unknown character is reported rather than skipped [0.15ms]
(pass) a missing closing paren in an if head is rejected [0.28ms]
(pass) errors report the first problem, not a cascade [0.17ms]
(pass) unclosed parameter list reports end of input instead of hanging [0.18ms]
(pass) unclosed array reports end of input instead of hanging [0.15ms]
(pass) unclosed block reports end of input instead of hanging [0.12ms]
(pass) unclosed call reports end of input instead of hanging [0.12ms]
(pass) unclosed object reports end of input instead of hanging [0.12ms]
(pass) valid syntax is unaffected [1.04ms]

tests/typed-arrays.test.js:
(pass) the constructors report as functions [0.64ms]
(pass) a buffer has a byte length [0.51ms]
(pass) a view over a buffer sizes itself [0.24ms]
(pass) isView distinguishes buffers from views [0.61ms]
(pass) views over one buffer share its storage [0.25ms]
(pass) a buffer slice is a copy [0.24ms]
(pass) elements round-trip [0.32ms]
(pass) a typed array is built from an array [0.58ms]
(pass) integer views wrap [0.54ms]
(pass) a clamped view saturates [0.53ms]
(pass) float views keep the fraction [0.48ms]
(pass) a float32 view rounds to single precision [0.33ms]
(pass) out-of-range writes are ignored [0.24ms]
(pass) an out-of-range read is undefined [0.35ms]
(pass) BigInt views hold BigInt elements [0.24ms]
(pass) byteLength and BYTES_PER_ELEMENT [0.53ms]
(pass) byteOffset reflects the window [0.24ms]
(pass) buffer exposes the underlying storage [0.22ms]
(pass) of and from build views [0.44ms]
(pass) set copies elements in [0.28ms]
(pass) set rejects an oversized source [0.26ms]
(pass) subarray shares storage [0.23ms]
(pass) slice copies storage [0.26ms]
(pass) fill writes a range [0.24ms]
(pass) at supports negative indices [0.23ms]
(pass) iteration methods work on the elements [0.93ms]
(pass) a typed array is iterable [0.62ms]
(pass) a typed array stringifies as its elements [0.24ms]
(pass) a DataView reads what it writes [0.23ms]
(pass) byte order is explicit [0.39ms]
(pass) big-endian is the default and differs from little-endian [0.28ms]
(pass) signed and unsigned views of the same bytes [0.27ms]
(pass) floats round-trip [0.23ms]
(pass) an out-of-range access throws [0.24ms]
(pass) a DataView reports its window [0.46ms]

tests/variables.test.js:
(pass) const declaration [0.72ms]
(pass) let declaration [0.42ms]
(pass) var declaration [0.46ms]
(pass) uninitialized declaration [0.41ms]
(pass) multiple declarations [0.25ms]
(pass) reassignment [0.68ms]
(pass) compound assignment += [0.50ms]
(pass) compound assignment -= [0.22ms]
(pass) compound assignment *= [0.21ms]
(pass) compound assignment /= [0.21ms]
(pass) chained compound assignment [0.25ms]
(pass) assignment expression returns value [0.75ms]
(pass) a declaration produces no completion value [0.67ms]
(pass) variable shadowing in functions [0.59ms]
(pass) global variable accessible in functions [0.28ms]
(pass) assignment to global from function [0.37ms]

tests/vm-instance.test.js:
(pass) createVm returns VM instance [0.20ms]
(pass) new Vm() creates instance [0.15ms]
(pass) vm.run returns string [0.16ms]
(pass) vm.run preserves state [0.16ms]
(pass) vm.run handles errors gracefully [0.28ms]
(pass) vm.getGlobal returns defined variable [0.17ms]
(pass) vm.getGlobal returns undefined for missing [0.15ms]
(pass) vm.getGlobal returns string values [0.14ms]
(pass) vm.getGlobal returns object representation [0.15ms]
(pass) vm.getGlobal returns array representation [0.14ms]
(pass) vm.getGlobal returns function representation [0.21ms]
(pass) runCode standalone function [0.59ms]
(pass) runCode returns last expression [0.22ms]
(pass) runCode throws on runtime error [0.29ms]
(pass) debugParse returns AST string [0.04ms]
(pass) debugParse shows function structure [0.02ms]
(pass) debugParse shows expression structure [0.01ms]
(pass) vm handles complex program [1.45ms]
(pass) vm handles constructor pattern [0.25ms]
(pass) vm handles closures across runs [0.21ms]
(pass) multiple VMs run independently [0.88ms]
(pass) vm handles empty source [0.17ms]
(pass) vm handles comment-only source [0.14ms]
(pass) vm handles multiline programs [0.17ms]

tests/vm-validation.test.js:
(pass) optional chaining accepts keyword property names [0.27ms]
(pass) object literals accept reserved words as property names [0.27ms]
(pass) contextual words can be function and variable names [0.23ms]
(pass) Object.prototype.hasOwnProperty.call is available [0.24ms]
(pass) validateModule accepts module syntax without resolving imports [0.23ms]
(pass) validateModule parses source without executing it [0.32ms]
(pass) validateModule returns a positioned syntax diagnostic [0.19ms]
(pass) validateModule classifies excessive nesting as a parse limit [0.24ms]

tests/vm.test.js:
(pass) basic arithmetic [1.03ms]
(pass) variables [0.61ms]
(pass) functions [1.01ms]
(pass) objects [0.68ms]
(pass) arrays [0.87ms]
(pass) loops [0.45ms]
(pass) closures [0.50ms]
(pass) recursion [0.54ms]
(pass) import.meta [0.49ms]
(pass) try/catch [0.51ms]
(pass) ternary [0.66ms]
(pass) prefix/postfix [1.52ms]
(pass) compound assignment [0.62ms]
(pass) nested functions [0.23ms]
(pass) builtins [1.60ms]
(pass) web APIs exist [0.37ms]
(pass) comparison operators [2.25ms]
(pass) logical operators [1.19ms]
(pass) string operations [0.53ms]
(pass) sandboxed - no host access [0.25ms]

tests/web-compat.test.js:
(pass) Array search methods honor fromIndex [4.16ms]
(pass) typed array search methods honor fromIndex [1.07ms]
(pass) String search methods honor the position argument [3.54ms]
(pass) String indexOf reports character offsets, like lastIndexOf [0.42ms]
(pass) Map/Set/WeakMap/WeakSet expose .prototype [1.82ms]
(pass) classes can extend Map and Set [0.53ms]
(pass) destructuring accepts computed keys [2.52ms]
(pass) C-style for accepts a pattern head with trailing declarators [0.91ms]
(pass) classes accept computed, string, and numeric member names [1.85ms]
(pass) module bodies hoist function declarations like scripts [0.26ms]
(pass) Proxy accepts globalThis as a target [0.74ms]
(pass) defineProperty may narrow writable on a non-configurable property [1.00ms]
(pass) object destructuring reads through the normal member path [1.61ms]
(pass) loose equality with same-type operands matches strict equality [2.02ms]
(pass) falling off the end of a function returns undefined [1.23ms]
(pass) Array push/pop are generic over non-array receivers [3.49ms]

tests/web-globals.test.js:
(pass) the pure globals are callable [0.89ms]
(pass) encode produces UTF-8 bytes [0.45ms]
(pass) decode reads UTF-8 bytes [0.37ms]
(pass) encode and decode round-trip beyond ASCII [0.67ms]
(pass) decode accepts a buffer [0.24ms]
(pass) a query string parses [0.59ms]
(pass) a missing key is null [0.25ms]
(pass) repeated keys are preserved [0.24ms]
(pass) set replaces and append adds [0.52ms]
(pass) has and delete [0.46ms]
(pass) percent and plus encoding round-trip [0.70ms]
(pass) an array of pairs seeds the params [0.44ms]
(pass) an object seeds the params [0.29ms]
(pass) params iterate [0.73ms]
(pass) forEach visits each pair [0.28ms]
(pass) a clone is deep [0.26ms]
(pass) cycles are preserved [0.24ms]
(pass) shared references stay shared [0.28ms]
(pass) dates and typed arrays clone by value [0.65ms]
(pass) a function cannot be cloned [0.29ms]
(pass) primitives pass through [0.62ms]
(pass) network APIs remain unavailable or inert before capabilities are granted [0.35ms]

tests/compat/differential.test.js:
(pass) standard promise, microtask, and timer ordering matches Node and Bun [67.89ms]

tests/compat/valibot.test.js:
(pass) Valibot ESM schemas and transformations match Node and Bun [87.43ms]

tests/node/async-session.test.js:
(pass) persistent owner keeps globals across repeated executions [11.72ms]
(pass) host functions and Node marshalling execute on Node thread without sync VM deadlock [6.08ms]
(pass) manual virtual turns preserve unfinished checkpoints and absolute timers [1.53ms]
(pass) bounded command queue rejects visibly without losing accepted completion [0.63ms]
(pass) same-session commands from a host function fail instead of deadlocking [2.96ms]
(pass) deadline interrupts long callback and a never-settled host promise [21.85ms]
(pass) shutdown cancels guest work and settles every pending completion [5.76ms]
(pass) shutdown wakes an owner awaiting a never-settled Node completion [5.77ms]
(pass) idle sessions and pending completions have correct Node lifetimes [50.48ms]
(pass) immediate cancellation reaches commands not yet dequeued by owner [0.91ms]
(pass) pending Node promise stays rooted until deadline and retires on disposal [50.23ms]
(pass) Node worker teardown wakes and terminates the persistent guest owner [19.34ms]
(pass) throwing checkpoint recovers before new guest code [0.76ms]
(pass) unawaited host results do not lock admission and remain awaitable [1.40ms]
(pass) top-level await waits for future and nested real-time timers [67.07ms]
(pass) cancel and dispose wake a future-timer await after a host barrier [1.69ms]
(pass) abandoned results are retired while closure-held results survive [90.79ms]
(pass) virtual top-level await never advances time and supports host-driven recovery [1.13ms]
(pass) a short execution deadline caps a far-future timer await [5.94ms]
(pass) dispatched host dependency rejects reentry before guest await [2.18ms]
(pass) completed deadlines do not poison idle metadata or new executions [101.11ms]
(pass) delayed unawaited callback can reenter after its execution completes [1.45ms]
(pass) metadata and configured limits preserve pending timer deadlines [103.77ms]
(pass) a saved host result protects reentry across executions and queued admission [40.23ms]

tests/node/smoke.test.js:
(pass) the CommonJS entry point loads the native binding [0.15ms]
(pass) the ESM entry point loads the native binding [0.13ms]
(pass) the generated entry points agree on the package version [0.63ms]
(pass) basic evaluation works [3.20ms]
(pass) values marshal in both directions [0.67ms]
(pass) host functions are callable from the guest [0.39ms]
(pass) async execution settles its promise [0.67ms]
(pass) exposing an async function does not keep the process alive [11.31ms]
(pass) registering an async host module does not keep the process alive [9.59ms]
(pass) a synchronous run does not keep the process alive [10.12ms]
(pass) dispose() lets a process that used runAsync exit [10.66ms]
(pass) dispose() is idempotent and safe before any async work [0.64ms]
(pass) guest errors surface as host exceptions [0.62ms]
(pass) the loop budget interrupts an infinite loop [0.51ms]
(pass) recursion depth is capped rather than crashing the process [6.92ms]
(pass) removeModule makes a module unresolvable [0.48ms]
(pass) the plugin filesystem backend enforces its read limit [0.17ms]

tests/node/runtime-improvements.test.js:
(pass) public owners use the same bytecode tier and reuse prepared source [1.30ms]
(pass) legacy sync and async calls share globals closures modules symbols and shapes [10.19ms]
(pass) released exports stay bounded and finalization cannot wait for a Node-dependent worker [31.16ms]
(pass) fresh cycle workloads stabilize without sharing mutable realm objects [447.10ms]
(pass) automatic collection bounds retained cyclic containers in a persistent owner [60.96ms]

tests/plugins/capabilities.test.ts:
(pass) crypto provides UUIDs, random bytes and a Node-style hash [1.53ms]
(pass) a huge randomBytes request is refused [0.46ms]
(pass) an unknown digest algorithm is refused [0.36ms]
(pass) crypto is absent until installed, and gone after removal [0.47ms]
(pass) performance exposes the host monotonic clock [0.36ms]
(pass) a coarsened clock hides precision [0.28ms]
(pass) timers is removable [0.27ms]
(pass) the VM's own timers stay clock-free without the capability [0.20ms]
(pass) an origin must be in both the manifest and the policy [0.19ms]
(pass) a wildcard request is still bounded by the policy [0.02ms]
(pass) an absent policy allowlist permits nothing
(pass) a policy deny beats everything [0.03ms]
(pass) a path in a manifest entry grants only its origin [0.02ms]
(pass) non-HTTP protocols are refused [0.02ms]
(pass) a malformed origin fails at manifest validation, not at request time [0.16ms]
(pass) the manifest accepts the capability flags [0.08ms]
(pass) a non-boolean crypto flag is rejected [0.03ms]
(pass) a permitted request reaches the transport [1.68ms]
(pass) fetch accepts a Request created by the guest facade [1.12ms]
(pass) a denied origin never reaches the transport [0.94ms]
(pass) json() parses the body [1.01ms]
(pass) fetch capability installs the common Headers, Request, and Response surface [0.90ms]
(pass) fetch is absent until its permission is installed [0.23ms]
(pass) fetch is removable through its teardown [0.41ms]

tests/plugins/dynamic-capabilities.test.ts:
(pass) registry defines, lists, and rejects duplicates and bad names [0.24ms]
(pass) unregistering removes the capability [0.02ms]
(pass) manifest validates the capabilities shape, not the names [0.33ms]
(pass) requested and granted capability is usable from guest code [1.89ms]
(pass) unknown capability names fail the load, not the parse [0.71ms]
(pass) requested but ungranted capability stays absent [0.61ms]
(pass) explicit false opts out without error [0.51ms]
(pass) setCapabilityEnabled disables at runtime; unknown names throw [1.61ms]
(pass) unload revokes the dynamic module [0.81ms]
(pass) assertTrustedSpec fails closed [0.37ms]
(pass) packageTarballUrl builds scoped URLs and refuses plain http [0.12ms]
(pass) verifyIntegrity accepts the pinned hash and refuses the rest [0.25ms]
(pass) extractTarball round-trips files and refuses escapes [1.43ms]
(pass) ensureModulesDir creates the folder [0.12ms]
(pass) download → verify → require → expose → guest call [3.74ms]
(pass) tampered tarball is refused before require [0.49ms]
(pass) registry fallback tries the next mirror after an HTTP error [0.80ms]
(pass) capability options take defaults and refuse unknown keys [0.39ms]

tests/plugins/filesystem.test.ts:
(pass) relative read allowed by ./** [1.12ms]
(pass) relative read denied outside the granted subtree [0.74ms]
(pass) a granted subtree is still readable [0.57ms]
(pass) a single-file grant matches only that file [0.71ms]
(pass) paths without a leading ./ resolve against the plugin root too [0.65ms]
(pass) "./" is the plugin root, not the process working directory [0.57ms]
(pass) write allowed inside ./cache/** [0.94ms]
(pass) write denied outside the granted subtree [0.77ms]
(pass) read permission does not imply write permission [0.81ms]
(pass) writeFileSync rejects non-string contents [0.60ms]
(pass) existsSync reports presence for permitted paths [0.62ms]
(pass) existsSync is itself permission-checked [0.73ms]
(pass) empty permissions deny every read [0.86ms]
(pass) a manifest without a permissions block denies every read [0.61ms]
(pass) read: false denies [0.67ms]
(pass) read: true behaves like "*" and is bounded by the plugin root [0.63ms]
(pass) absolute read is confined to the plugin root [0.66ms]
(pass) an absolute manifest grant cannot reach outside the root [0.59ms]
(pass) absolute read denied even when the manifest grants a subtree [0.63ms]
(pass) absolute write denied even when the manifest asks for "*" [0.72ms]
(pass) "*" inside the plugin root works with the default policy [0.70ms]
(pass) permission errors do not leak host paths [0.72ms]
(pass) a guest sees a typed PermissionDenied error it can catch [0.64ms]

tests/plugins/lifecycle.test.ts:
(pass) an object plugin loads [0.47ms]
(pass) a class plugin loads and is instantiated once [0.89ms]
(pass) class instance state survives between hooks [0.77ms]
(pass) missing hooks are optional [0.54ms]
(pass) a plugin without a default export is rejected [0.69ms]
(pass) onLoad runs before onUnload, with the unload reason [0.79ms]
(pass) onUnload returns state to the host [0.72ms]
(pass) the guest context carries name and version but not the plugin root [0.58ms]
(pass) get and list expose loaded plugins [1.42ms]
(pass) loading the same plugin twice is refused [1.03ms]
(pass) unloading an unknown plugin is refused [0.07ms]
(pass) unload detaches the capabilities from the VM [0.83ms]
(pass) a throwing onLoad marks the plugin as errored [0.65ms]
(pass) a throwing onLoad revokes the capabilities immediately [0.97ms]
(pass) a throwing onReload revokes the new VM's capabilities [1.29ms]
(pass) a throwing onUnload still unloads the plugin [0.57ms]
(pass) an errored plugin can still be reloaded after a fix [1.96ms]
(pass) a directory without plugin.json is refused [0.19ms]
(pass) a missing plugin directory is refused [0.06ms]
(pass) a missing entry file is refused [0.19ms]
(pass) node:path is only registered when the manifest asks for it [1.14ms]
(pass) the sandbox is intact inside a plugin [0.77ms]

tests/plugins/limits.test.ts:
(pass) readFileSync refuses a file above the limit [0.25ms]
(pass) readFileSync allows a file exactly at the limit [0.07ms]
(pass) writeFileSync refuses contents above the limit and writes nothing [0.07ms]
(pass) the write limit counts UTF-8 bytes, not characters [0.13ms]
(pass) the default limit is 8 MiB [0.02ms]
(pass) a ResourceLimit error reaches the guest as a catchable error [0.71ms]
(pass) readFileSync refuses a directory rather than reporting a permission problem [0.09ms]
(pass) readFileSync refuses to follow a symlink at the final component [0.10ms]
(pass) writeFileSync refuses to follow a symlink at the final component [0.21ms]

tests/plugins/manifest.test.ts:
(pass) accepts a well-formed manifest [0.82ms]
(pass) rejects an unknown permission key instead of ignoring it [0.07ms]
(pass) every built-in permission key is registered [0.05ms]
(pass) permissions are optional [0.02ms]
(pass) rejects a non-object manifest [0.04ms]
(pass) rejects an empty name [0.03ms]
(pass) rejects a name with path separators [0.03ms]
(pass) rejects a missing version [0.08ms]
(pass) rejects a non-integer apiVersion [0.05ms]
(pass) rejects an unsupported apiVersion [0.02ms]
(pass) rejects a numeric fs permission [0.14ms]
(pass) rejects non-string entries in an fs permission array [0.09ms]
(pass) rejects a non-boolean path permission [0.04ms]
(pass) rejects non-object permissions [0.05ms]
(pass) parseManifest reports invalid JSON [0.04ms]
(pass) parseManifest round-trips a valid document [0.03ms]
(pass) rejects an empty entry [0.03ms]

tests/plugins/path-rules.test.ts:
(pass) rejects an entry outside the plugin directory [0.08ms]
(pass) normalizes the entry path [0.03ms]
(pass) rejects an empty entry [0.07ms]
(pass) an entry whose first segment merely starts with `..` is accepted [0.01ms]
(pass) an entry with a real `..` segment is still rejected [0.05ms]

tests/plugins/permissions.test.ts:
(pass) undefined and false compile to no rules [0.02ms]
(pass) true and "*" both compile to the canonical all-rule [0.02ms]
(pass) a string compiles to one rule and an array to several [0.09ms]
(pass) relative and absolute rules are told apart [0.03ms]
(pass) malformed patterns are rejected at compile time [0.13ms]
(pass) a pattern is normalized before compiling [0.05ms]
(pass) a literal pattern matches only that path [0.03ms]
(pass) * stays within one segment [0.08ms]
(pass) ** crosses directories [0.03ms]
(pass) ** may appear in the middle of a pattern [0.04ms]
(pass) ./** covers the whole plugin subtree [0.01ms]
(pass) a suffix wildcard matches within a segment only [0.13ms]
(pass) regex metacharacters in a pattern are literal [0.04ms]
(pass) absolute patterns match absolute candidates [0.05ms]
(pass) the all-rule matches anything [0.02ms]
(pass) a filename that merely starts with two dots is not a traversal [0.06ms]
(pass) a real `..` segment still escapes the root [0.07ms]

tests/plugins/platform.test.ts:
(pass) normalize resolves segments like node posix [0.14ms]
(pass) join skips empty segments [0.07ms]
(pass) resolve walks right-to-left to the first absolute part [0.06ms]
(pass) dirname and basename handle edges [0.10ms]
(pass) extname ignores bare dots [0.03ms]
(pass) relative expresses the walk between absolutes [0.09ms]
(pass) portableCrypto issues UUIDs and randomness, not digests [0.15ms]
(pass) a missing filesystem fails with a wiring error [0.07ms]
(pass) portablePlatform assembles portable defaults around a custom fs [0.04ms]

tests/plugins/reload.test.ts:
(pass) reload runs onUnload(reason=reload) then onReload with the previous state [2.24ms]
(pass) reload builds a brand-new VM [1.25ms]
(pass) reload picks up edited source and permissions [1.43ms]
(pass) reload re-reads the manifest, so tightened permissions take effect [1.49ms]
(pass) onReload falls back to onLoad when the plugin has no onReload [0.88ms]
(pass) only serializable state crosses between VMs [0.85ms]
(pass) reload of an unknown plugin is refused [0.06ms]
(pass) reload refuses a directory that renamed itself [1.25ms]
(pass) a plugin that failed to load can be reloaded after a fix [0.88ms]

tests/plugins/standard-builtins.test.ts:
(pass) standard Node built-ins match Node and Bun using the same guest module [56.85ms]

tests/plugins/symlink.test.ts:
(pass) a symlinked directory cannot be read through [0.81ms]
(pass) a symlinked directory cannot be written through [0.75ms]
(pass) a symlinked directory cannot be probed with existsSync [0.58ms]
(pass) `*` in the manifest does not lift the symlink boundary [0.48ms]
(pass) a symlinked file pointing outside is refused [0.52ms]
(pass) a symlink staying inside the plugin root still works [0.50ms]
(pass) an in-root symlink is matched by its canonical location, not its link path [0.59ms]
(pass) an entry file symlinked outside the plugin root is refused [0.18ms]

tests/plugins/traversal.test.ts:
(pass) `..` climbing out of the plugin root is refused [0.66ms]
(pass) a bare `..` prefix is refused [0.47ms]
(pass) `..` inside the root is normalized, then permission-checked [0.53ms]
(pass) `..` that resolves back into the granted subtree is allowed [0.48ms]
(pass) Windows-style separators are folded before the check [0.99ms]
(pass) a deep `..` chain is refused [0.53ms]
(pass) traversal is refused for writes too [0.57ms]
(pass) traversal is refused for existsSync too [0.53ms]
(pass) a NUL byte in a path is refused [0.49ms]
(pass) a non-string path is refused [0.56ms]
(pass) an absolute path is not a traversal error but a confinement error [0.56ms]

tests/wasm/browser-build.test.mjs:
(pass) browser build > generators yield their values [1.02ms]
(pass) browser build > a generator reports done and its return value [0.85ms]
(pass) browser build > generators work in loops and comprehensions [0.88ms]
(pass) browser build > yield* delegates [0.26ms]
(pass) browser build > an unbounded generator is a catchable error, not a hang [134.71ms]
(pass) browser build > the language features the native build has are present [2.00ms]
(pass) browser build > promise reactions run as microtasks [0.33ms]
(pass) browser build > virtual clock polling resumes checkpoints without blocking [0.76ms]
(pass) browser build > real-time clock polling leaves future timers pending [29.92ms]

 1487 pass
 0 fail
 2423 expect() calls
Ran 1487 tests across 65 files. [7.55s]
