$ npm run test:node

> napi-vm@0.1.5 test:node
> node --test tests/node/*.test.js

✔ persistent owner keeps globals across repeated executions (13.103737ms)
✔ host functions and Node marshalling execute on Node thread without sync VM deadlock (13.375125ms)
✔ manual virtual turns preserve unfinished checkpoints and absolute timers (2.868236ms)
✔ bounded command queue rejects visibly without losing accepted completion (1.626657ms)
✔ same-session commands from a host function fail instead of deadlocking (3.493126ms)
✔ deadline interrupts long callback and a never-settled host promise (24.825164ms)
✔ shutdown cancels guest work and settles every pending completion (5.997184ms)
✔ shutdown wakes an owner awaiting a never-settled Node completion (6.864874ms)
✔ idle sessions and pending completions have correct Node lifetimes (156.590005ms)
✔ immediate cancellation reaches commands not yet dequeued by owner (2.827104ms)
✔ pending Node promise stays rooted until deadline and retires on disposal (87.062887ms)
✔ Node worker teardown wakes and terminates the persistent guest owner (35.370872ms)
✔ throwing checkpoint recovers before new guest code (1.517163ms)
✔ unawaited host results do not lock admission and remain awaitable (2.543653ms)
✔ top-level await waits for future and nested real-time timers (67.007711ms)
✔ cancel and dispose wake a future-timer await after a host barrier (2.43907ms)
✔ abandoned results are retired while closure-held results survive (75.343178ms)
✔ virtual top-level await never advances time and supports host-driven recovery (0.947476ms)
✔ a short execution deadline caps a far-future timer await (6.088291ms)
✔ dispatched host dependency rejects reentry before guest await (3.824295ms)
✔ completed deadlines do not poison idle metadata or new executions (102.749596ms)
✔ delayed unawaited callback can reenter after its execution completes (1.312104ms)
✔ metadata and configured limits preserve pending timer deadlines (101.58897ms)
✔ a saved host result protects reentry across executions and queued admission (19.031912ms)
✔ public owners use the same bytecode tier and reuse prepared source (6.025106ms)
✔ legacy sync and async calls share globals closures modules symbols and shapes (12.436774ms)
✔ released exports stay bounded and finalization cannot wait for a Node-dependent worker (205.605222ms)
✔ fresh cycle workloads stabilize without sharing mutable realm objects (282.282568ms)
✔ the CommonJS entry point loads the native binding (5.606196ms)
✔ the ESM entry point loads the native binding (2.980515ms)
✔ the generated entry points agree on the package version (1.077872ms)
✔ basic evaluation works (0.718811ms)
✔ values marshal in both directions (0.690539ms)
✔ host functions are callable from the guest (0.574364ms)
✔ async execution settles its promise (7.839687ms)
✔ exposing an async function does not keep the process alive (45.604175ms)
✔ registering an async host module does not keep the process alive (47.63763ms)
✔ a synchronous run does not keep the process alive (40.314661ms)
✔ dispose() lets a process that used runAsync exit (55.051165ms)
✔ dispose() is idempotent and safe before any async work (0.581615ms)
✔ guest errors surface as host exceptions (0.855197ms)
✔ the loop budget interrupts an infinite loop (0.614765ms)
✔ recursion depth is capped rather than crashing the process (12.347374ms)
✔ removeModule makes a module unresolvable (0.467804ms)
✔ the plugin filesystem backend enforces its read limit (0.243736ms)
ℹ tests 45
ℹ suites 0
ℹ pass 45
ℹ fail 0
ℹ cancelled 0
ℹ skipped 0
ℹ todo 0
ℹ duration_ms 828.10111
