$ npm run test:wasm

> napi-vm@0.1.5 test:wasm
> npm run playground:build && npm run lint:playground && node --test tests/wasm/*.test.mjs


> napi-vm@0.1.5 playground:build
> wasm-pack build --target web --out-dir playground/pkg --release -- --no-default-features --features wasm

[INFO]: 🎯  Checking for the Wasm target...
[INFO]: 🌀  Compiling to Wasm...
   Compiling napi-vm v0.1.5 (/workspace/napi-vm)
warning: unused import: `crate::lexer::Lexer`
  --> src/wasm.rs:32:5
   |
32 | use crate::lexer::Lexer;
   |     ^^^^^^^^^^^^^^^^^^^
   |
   = note: `#[warn(unused_imports)]` (part of `#[warn(unused)]`) on by default


warning: unused import: `crate::parser::Parser`
  --> src/wasm.rs:33:5
   |
33 | use crate::parser::Parser;
   |     ^^^^^^^^^^^^^^^^^^^^^


warning: method `allowed_native_addon_digests` is never used
   --> src/interpreter/commonjs.rs:481:19
    |
186 | impl FileCommonJsLoader {
    | ----------------------- method in this implementation
...
481 |     pub(super) fn allowed_native_addon_digests(&self) -> &HashMap<PathBuf, [u8; 32]> {
    |                   ^^^^^^^^^^^^^^^^^^^^^^^^^^^^
    |
    = note: `#[warn(dead_code)]` (part of `#[warn(unused)]`) on by default


    Finished `release` profile [optimized] target(s) in 28.46s
[INFO]: ⬇️  Installing wasm-bindgen...
[INFO]: Optional fields missing from Cargo.toml: 'description', 'repository', and 'license'. These are not necessary, but recommended
[INFO]: ✨   Done in 28.86s
[INFO]: 📦   Your wasm pkg is ready to publish at /workspace/napi-vm/playground/pkg.

> napi-vm@0.1.5 lint:playground
> tsc --noEmit -p playground/tsconfig.json

▶ browser build
  ✔ generators yield their values (5.842463ms)
  ✔ a generator reports done and its return value (0.711071ms)
  ✔ generators work in loops and comprehensions (2.05299ms)
  ✔ yield* delegates (0.289355ms)
  ✔ an unbounded generator is a catchable error, not a hang (143.627389ms)
  ✔ the language features the native build has are present (6.235024ms)
  ✔ promise reactions run as microtasks (0.970791ms)
  ✔ virtual clock polling resumes checkpoints without blocking (1.293477ms)
  ✔ real-time clock polling leaves future timers pending (25.778667ms)
✔ browser build (215.21611ms)
ℹ tests 9
ℹ suites 1
ℹ pass 9
ℹ fail 0
ℹ cancelled 0
ℹ skipped 0
ℹ todo 0
ℹ duration_ms 279.354143
