$ npm run test:node

> napi-vm@0.1.5 test:node
> node --test tests/node/*.test.js

✔ persistent owner keeps globals across repeated executions (10.048492ms)
✔ host functions and Node marshalling execute on Node thread without sync VM deadlock (7.193694ms)
✔ manual virtual turns preserve unfinished checkpoints and absolute timers (1.480959ms)
✔ bounded command queue rejects visibly without losing accepted completion (0.848347ms)
✔ same-session commands from a host function fail instead of deadlocking (4.693996ms)
✔ deadline interrupts long callback and a never-settled host promise (23.049306ms)
✔ shutdown cancels guest work and settles every pending completion (6.535239ms)
✔ shutdown wakes an owner awaiting a never-settled Node completion (9.139277ms)
✔ idle sessions and pending completions have correct Node lifetimes (140.998549ms)
✔ immediate cancellation reaches commands not yet dequeued by owner (1.649453ms)
✔ pending Node promise stays rooted until deadline and retires on disposal (84.712375ms)
✔ Node worker teardown wakes and terminates the persistent guest owner (37.911209ms)
✔ throwing checkpoint recovers before new guest code (1.000957ms)
✔ unawaited host results do not lock admission and remain awaitable (2.487515ms)
✔ top-level await waits for future and nested real-time timers (67.333199ms)
✔ cancel and dispose wake a future-timer await after a host barrier (3.171575ms)
✔ abandoned results are retired while closure-held results survive (84.371466ms)
✔ virtual top-level await never advances time and supports host-driven recovery (1.505977ms)
✔ a short execution deadline caps a far-future timer await (6.708258ms)
✔ dispatched host dependency rejects reentry before guest await (4.787988ms)
✔ completed deadlines do not poison idle metadata or new executions (102.254165ms)
✔ delayed unawaited callback can reenter after its execution completes (1.760851ms)
✔ metadata and configured limits preserve pending timer deadlines (109.153268ms)
✔ a saved host result protects reentry across executions and queued admission (19.529568ms)
✔ public owners use the same bytecode tier and reuse prepared source (5.555382ms)
✔ legacy sync and async calls share globals closures modules symbols and shapes (17.184788ms)
✔ released exports stay bounded and finalization cannot wait for a Node-dependent worker (126.31855ms)
✔ fresh cycle workloads stabilize without sharing mutable realm objects (245.103672ms)
✔ automatic collection bounds retained cyclic containers in a persistent owner (92.265299ms)
✔ the CommonJS entry point loads the native binding (5.740852ms)
✔ the ESM entry point loads the native binding (3.141268ms)
✔ the generated entry points agree on the package version (0.926365ms)
✔ basic evaluation works (0.61126ms)
✔ values marshal in both directions (0.665432ms)
✔ host functions are callable from the guest (0.634175ms)
✔ async execution settles its promise (6.959045ms)
✔ exposing an async function does not keep the process alive (41.800322ms)
✔ registering an async host module does not keep the process alive (43.314988ms)
✔ a synchronous run does not keep the process alive (35.978925ms)
✔ dispose() lets a process that used runAsync exit (29.369781ms)
✔ dispose() is idempotent and safe before any async work (0.590459ms)
✔ guest errors surface as host exceptions (0.754256ms)
✔ the loop budget interrupts an infinite loop (0.540123ms)
✔ recursion depth is capped rather than crashing the process (5.476544ms)
✔ removeModule makes a module unresolvable (0.443127ms)
✔ the plugin filesystem backend enforces its read limit (0.2726ms)
ℹ tests 46
ℹ suites 0
ℹ pass 46
ℹ fail 0
ℹ cancelled 0
ℹ skipped 0
ℹ todo 0
ℹ duration_ms 793.09924
