Gnuplot not found, using plotters backend
Benchmarking tiers/prop_mono_hot
Benchmarking tiers/prop_mono_hot: Warming up for 1.0000 s
Benchmarking tiers/prop_mono_hot: Collecting 30 samples in estimated 1.3271 s (1860 iterations)
Benchmarking tiers/prop_mono_hot: Analyzing
tiers/prop_mono_hot     time:   [700.93 µs 710.17 µs 721.82 µs]
                        change: [-12.701% -10.646% -8.7436%] (p = 0.00 < 0.05)
                        Performance has improved.
Found 2 outliers among 30 measurements (6.67%)
  2 (6.67%) high mild
Benchmarking tiers/prop_mega_hot
Benchmarking tiers/prop_mega_hot: Warming up for 1.0000 s
Benchmarking tiers/prop_mega_hot: Collecting 30 samples in estimated 1.3003 s (930 iterations)
Benchmarking tiers/prop_mega_hot: Analyzing
tiers/prop_mega_hot     time:   [1.3138 ms 1.3352 ms 1.3619 ms]
                        change: [-13.573% -11.109% -8.4128%] (p = 0.00 < 0.05)
                        Performance has improved.
Found 3 outliers among 30 measurements (10.00%)
  2 (6.67%) high mild
  1 (3.33%) high severe
Benchmarking tiers/shape_churn
Benchmarking tiers/shape_churn: Warming up for 1.0000 s
Benchmarking tiers/shape_churn: Collecting 30 samples in estimated 1.1278 s (1395 iterations)
Benchmarking tiers/shape_churn: Analyzing
tiers/shape_churn       time:   [714.88 µs 730.16 µs 751.20 µs]
                        change: [-9.5946% -3.0216% +2.5451%] (p = 0.41 > 0.05)
                        No change in performance detected.
Found 1 outliers among 30 measurements (3.33%)
  1 (3.33%) high severe

