$ npm run test:node

> napi-vm@0.1.5 test:node
> node --test tests/node/*.test.js

✔ persistent owner keeps globals across repeated executions (12.665466ms)
✔ host functions and Node marshalling execute on Node thread without sync VM deadlock (10.483413ms)
✔ manual virtual turns preserve unfinished checkpoints and absolute timers (2.181653ms)
✔ bounded command queue rejects visibly without losing accepted completion (0.94346ms)
✔ same-session commands from a host function fail instead of deadlocking (3.388969ms)
✔ deadline interrupts long callback and a never-settled host promise (24.134542ms)
✔ shutdown cancels guest work and settles every pending completion (5.50253ms)
✔ shutdown wakes an owner awaiting a never-settled Node completion (5.524252ms)
✔ idle sessions and pending completions have correct Node lifetimes (150.491964ms)
✔ immediate cancellation reaches commands not yet dequeued by owner (1.770374ms)
✔ pending Node promise stays rooted until deadline and retires on disposal (85.969319ms)
✔ Node worker teardown wakes and terminates the persistent guest owner (33.666385ms)
✔ throwing checkpoint recovers before new guest code (0.964562ms)
✔ unawaited host results do not lock admission and remain awaitable (1.733449ms)
✔ top-level await waits for future and nested real-time timers (67.688643ms)
✔ cancel and dispose wake a future-timer await after a host barrier (2.200862ms)
✔ abandoned results are retired while closure-held results survive (97.424344ms)
✔ virtual top-level await never advances time and supports host-driven recovery (1.198884ms)
✔ a short execution deadline caps a far-future timer await (6.197274ms)
✔ dispatched host dependency rejects reentry before guest await (7.298341ms)
✔ completed deadlines do not poison idle metadata or new executions (101.414627ms)
✔ delayed unawaited callback can reenter after its execution completes (3.068738ms)
✔ metadata and configured limits preserve pending timer deadlines (101.794018ms)
✔ a saved host result protects reentry across executions and queued admission (20.300314ms)
✔ public owners use the same bytecode tier and reuse prepared source (5.766797ms)
✔ legacy sync and async calls share globals closures modules symbols and shapes (22.419482ms)
✔ released exports stay bounded and finalization cannot wait for a Node-dependent worker (156.768483ms)
✔ fresh cycle workloads stabilize without sharing mutable realm objects (241.679008ms)
✔ automatic collection bounds retained cyclic containers in a persistent owner (79.864884ms)
✔ the CommonJS entry point loads the native binding (4.497817ms)
✔ the ESM entry point loads the native binding (2.494112ms)
✔ the generated entry points agree on the package version (0.779172ms)
✔ basic evaluation works (0.43886ms)
✔ values marshal in both directions (1.502059ms)
✔ host functions are callable from the guest (0.489677ms)
✔ async execution settles its promise (7.987559ms)
✔ exposing an async function does not keep the process alive (31.793001ms)
✔ registering an async host module does not keep the process alive (44.610561ms)
✔ a synchronous run does not keep the process alive (69.195516ms)
✔ dispose() lets a process that used runAsync exit (36.837054ms)
✔ dispose() is idempotent and safe before any async work (1.501229ms)
✔ guest errors surface as host exceptions (1.020445ms)
✔ the loop budget interrupts an infinite loop (0.547343ms)
✔ recursion depth is capped rather than crashing the process (7.931394ms)
✔ removeModule makes a module unresolvable (0.45204ms)
✔ the plugin filesystem backend enforces its read limit (0.247382ms)
ℹ tests 46
ℹ suites 0
ℹ pass 46
ℹ fail 0
ℹ cancelled 0
ℹ skipped 0
ℹ todo 0
ℹ duration_ms 811.351113
