$ npm run test:node

> napi-vm@0.1.5 test:node
> node --test tests/node/*.test.js

✔ persistent owner keeps globals across repeated executions (13.519651ms)
✔ host functions and Node marshalling execute on Node thread without sync VM deadlock (7.74634ms)
✔ manual virtual turns preserve unfinished checkpoints and absolute timers (4.791252ms)
✔ bounded command queue rejects visibly without losing accepted completion (1.176982ms)
✔ same-session commands from a host function fail instead of deadlocking (5.076601ms)
✔ deadline interrupts long callback and a never-settled host promise (24.486448ms)
✔ shutdown cancels guest work and settles every pending completion (7.136793ms)
✔ shutdown wakes an owner awaiting a never-settled Node completion (7.95178ms)
✔ idle sessions and pending completions have correct Node lifetimes (153.729079ms)
✔ immediate cancellation reaches commands not yet dequeued by owner (1.236091ms)
✔ pending Node promise stays rooted until deadline and retires on disposal (97.042786ms)
✔ Node worker teardown wakes and terminates the persistent guest owner (38.804611ms)
✔ throwing checkpoint recovers before new guest code (1.131624ms)
✔ unawaited host results do not lock admission and remain awaitable (1.399782ms)
✔ top-level await waits for future and nested real-time timers (66.966262ms)
✔ cancel and dispose wake a future-timer await after a host barrier (2.319751ms)
✔ abandoned results are retired while closure-held results survive (85.405719ms)
✔ virtual top-level await never advances time and supports host-driven recovery (2.552623ms)
✔ a short execution deadline caps a far-future timer await (6.68309ms)
✔ dispatched host dependency rejects reentry before guest await (4.93585ms)
✔ completed deadlines do not poison idle metadata or new executions (102.144766ms)
✔ delayed unawaited callback can reenter after its execution completes (1.553689ms)
✔ metadata and configured limits preserve pending timer deadlines (101.975801ms)
✔ a saved host result protects reentry across executions and queued admission (23.826315ms)
✔ public owners use the same bytecode tier and reuse prepared source (4.169296ms)
✔ legacy sync and async calls share globals closures modules symbols and shapes (13.317856ms)
✔ released exports stay bounded and finalization cannot wait for a Node-dependent worker (137.134024ms)
✔ fresh cycle workloads stabilize without sharing mutable realm objects (274.657655ms)
✔ automatic collection bounds retained cyclic containers in a persistent owner (72.627033ms)
✔ the CommonJS entry point loads the native binding (6.523269ms)
✔ the ESM entry point loads the native binding (2.869118ms)
✔ the generated entry points agree on the package version (0.671751ms)
✔ basic evaluation works (0.494725ms)
✔ values marshal in both directions (0.570048ms)
✔ host functions are callable from the guest (1.232936ms)
✔ async execution settles its promise (6.879877ms)
✔ exposing an async function does not keep the process alive (44.90499ms)
✔ registering an async host module does not keep the process alive (42.551671ms)
✔ a synchronous run does not keep the process alive (46.471943ms)
✔ dispose() lets a process that used runAsync exit (32.955977ms)
✔ dispose() is idempotent and safe before any async work (0.576668ms)
✔ guest errors surface as host exceptions (0.774015ms)
✔ the loop budget interrupts an infinite loop (0.511069ms)
✔ recursion depth is capped rather than crashing the process (5.486429ms)
✔ removeModule makes a module unresolvable (0.415997ms)
✔ the plugin filesystem backend enforces its read limit (0.278729ms)
ℹ tests 46
ℹ suites 0
ℹ pass 46
ℹ fail 0
ℹ cancelled 0
ℹ skipped 0
ℹ todo 0
ℹ duration_ms 841.361714
