$ cargo test --no-default-features
   Compiling napi-vm v0.1.5 (/workspace/napi-vm)
    Finished `test` profile [unoptimized + debuginfo] target(s) in 9.55s
     Running unittests src/lib.rs (target/debug/deps/napi_vm-288afe23e71f4a35)

running 347 tests
test bigint::tests::as_n_bit_wraps ... ok
test bigint::tests::arithmetic_beyond_f64 ... ok
test bigint::tests::bitwise_uses_twos_complement ... ok
test bigint::tests::decimal_round_trips ... ok
test bigint::tests::pow_squares_and_multiplies ... ok
test bigint::tests::division_truncates_towards_zero ... ok
test bigint::tests::radix_prefixes_parse ... ok
test bigint::tests::shifts_floor_negatives ... ok
test builtins::date::tests::epoch_is_zero ... ok
test builtins::date::tests::known_dates ... ok
test builtins::date::tests::parse_date_only ... ok
test builtins::date::tests::parse_millis ... ok
test builtins::date::tests::parse_with_offset ... ok
test builtins::date::tests::parse_with_time_and_z ... ok
test builtins::json::tests::reindent_accepts_string_indent ... ok
test builtins::json::tests::reindent_ignores_structure_inside_strings ... ok
test builtins::json::tests::reindent_keeps_empty_containers_on_one_line ... ok
test builtins::json::tests::reindent_nests_objects_and_arrays ... ok
test builtins::typedarray::tests::atomics_shared_buffer_fixture_matches_node_and_bun ... ok
test bytecode::compiler::tests::block_captures_box_into_pushed_scopes ... ok
test bytecode::compiler::tests::fibonacci_disassembly ... ok
test builtins::buffer::tests::buffer_fixture_matches_node_and_bun ... ok
test bytecode::compiler::tests::function_level_captures_compile ... ok
test bytecode::compiler::tests::nested_functions_carry_arrow_and_constructor_flags ... ok
test bytecode::compiler::tests::recursive_and_self_referencing_functions_compile ... ok
test bytecode::compiler::tests::unsupported_constructs_decline ... ok
test bytecode::compiler::tests::stage_one_programs_compile ... ok
test bytecode::parity_tests::arrays ... ok
test bytecode::parity_tests::bigint_and_regex_literals ... ok
test bytecode::parity_tests::arithmetic_and_strings ... ok
test bytecode::parity_tests::captures ... ok
test builtins::typedarray::tests::atomics_wait_async_tracks_structured_cloned_shared_data ... ok
test bytecode::parity_tests::classes ... ok
test bytecode::parity_tests::closures ... ok
test bytecode::parity_tests::control_flow ... ok
test bytecode::parity_tests::declined_units_stay_on_ast ... ok
test bytecode::parity_tests::constructors ... ok
test bytecode::parity_tests::fallback_functions_inside_bytecode_units ... ok
test bytecode::parity_tests::destructuring_assignment ... ok
test bytecode::parity_tests::for_in_loops ... ok
test builtins::typedarray::tests::atomics_wait_async_and_notify_match_node_and_bun ... ok
test bytecode::parity_tests::destructuring_declarations ... ok
test bytecode::parity_tests::for_of_loops ... ok
test bytecode::parity_tests::labeled_statements ... ok
test bytecode::parity_tests::modules ... ok
test bytecode::parity_tests::raw_tagged_templates_and_export_mutation_remain_equivalent ... ok
test bytecode::parity_tests::functions_calls_and_this ... ok
test bytecode::parity_tests::spreads ... ok
test bytecode::parity_tests::optional_chaining ... ok
test bytecode::parity_tests::switch_statements ... ok
test bytecode::parity_tests::tagged_templates ... ok
test bytecode::parity_tests::trailing_jumps_land_on_end_of_code ... ok
test bytecode::verify::tests::load_const_rejects_non_scalar_constants ... ok
test bytecode::verify::tests::template_rejects_quasi_arity_mismatch ... ok
test bytecode::vm::tests::ic_goes_megamorphic_and_stays_correct ... ok
test bytecode::vm::tests::ic_never_caches_accessors ... ok
test bytecode::parity_tests::objects ... ok
test bytecode::vm::tests::ic_serves_loop_reads_and_writes ... ok
test bytecode::vm::tests::program_stats_aggregate ... ok
test bytecode::vm::tests::ic_survives_shape_change ... ok
test convert::tests::from_json_rejects_excessive_depth ... ok
test convert::tests::json_round_trip_preserves_shape_and_numbers ... ok
test convert::tests::to_json_matches_stringify_bigint_behavior ... ok
test convert::tests::to_json_rejects_cycles_like_stringify ... ok
test convert::tests::to_json_runs_getters_and_to_json ... ok
test heap::tests::closure_cycle_reclaimed ... ok
test convert::tests::to_json_matches_stringify_edge_values ... ok
test heap::tests::collect_refused_while_executing ... ok
test heap::tests::env_cleared_while_held_by_promise ... ok
test heap::tests::host_pin_survives_collection ... ok
test heap::tests::object_cycle_reclaimed ... ok
test heap::tests::pure_promise_cycle_reclaimed ... ok
test heap::tests::suspended_generator_refuses ... ok
test host::tests::wake_notifier_is_thread_safe ... ok
test host::tests::wake_slot_fires_registered_notifier ... ok
test host::wake_tests::cancellation_wakes_a_waiter_at_the_condvar_sleep_boundary ... ok
test host::wake_tests::notifications_coalesce_but_latched_wakeup_is_not_lost ... ok
test heap::tests::reachable_objects_survive ... ok
test interpreter::commonjs::tests::filesystem_loader_refuses_paths_outside_configured_roots ... ok
test interpreter::commonjs::tests::filesystem_loader_resolves_exports_and_requires_native_addon_allowlisting ... ok
test bytecode::parity_tests::variables_and_assignment ... ok
test host::wake_tests::racing_producer_preserves_every_event ... ok
test bytecode::parity_tests::try_catch_finally ... ok
test interpreter::commonjs::tests::filesystem_loader_resolves_package_self_references_only_when_exported ... ok
test interpreter::commonjs::tests::native_addon_publishes_initial_exports_and_retries_after_initialization_failure ... ok
test interpreter::commonjs::tests::node_api_prebuild_lookup_honors_prebuilds_only ... ok
test interpreter::commonjs::tests::node_api_prebuild_lookup_uses_exec_path_neighbor_as_fallback ... ok
test interpreter::commonjs::tests::node_api_prebuild_resolution_filters_incompatible_tags_and_aliases_package ... ok
test interpreter::commonjs::tests::node_api_prebuild_selection_uses_node_gyp_tag_precedence ... ok
test interpreter::commonjs::tests::node_gyp_build_package_prebuild_override_is_canonical_and_root_checked ... ok
test interpreter::commonjs::tests::node_gyp_build_runtime_builtin_exposes_tag_and_tuple_helpers ... ok
test interpreter::commonjs::tests::node_module_create_require_rejects_invalid_parents ... ok
test interpreter::commonjs::tests::node_module_create_require_resolves_from_esm_and_shares_commonjs_cache ... ok
test interpreter::commonjs::tests::require_executes_and_caches_commonjs_source ... ok
test interpreter::commonjs::tests::require_executes_functions_and_handles_circular_partial_exports ... ok
test interpreter::commonjs::tests::require_is_disabled_until_the_host_configures_a_loader ... ok
test interpreter::commonjs::tests::require_loader_and_cache_are_shared_with_async_function_realms ... ok
test interpreter::commonjs::tests::require_parses_json_as_guest_values ... ok
test interpreter::commonjs::tests::require_resolve_native_path_matches_node_and_bun ... ok
test interpreter::commonjs::tests::require_resolve_uses_the_configured_loader_without_evaluating_modules ... ok
test interpreter::jobs::scheduler_tests::cancellation_releases_roots_immediately ... ok
test interpreter::commonjs::tests::filesystem_loader_resolves_package_import_maps ... ok
test interpreter::jobs::scheduler_tests::hybrid_promotes_once_traces_roots_and_resets_when_empty ... ok
test interpreter::jobs::scheduler_tests::timer_ids_wrap_without_collisions_or_reordering ... ok
test interpreter::jobs::scheduler_tests::timers_normalize_and_keep_fifo_ties ... ok
test interpreter::jobs::scheduler_tests::wrapped_ids_skip_multiple_live_small_queue_entries ... ok
test interpreter::native_addon::tests::shared_policy_configures_each_available_backend ... ok
test interpreter::native_addon_binary::tests::native_addon_binary_preflight_checks_format_and_architecture ... ok
test interpreter::node_addon::tests::loads_and_invokes_a_real_node_api_addon ... ok
test interpreter::node_addon::tests::node_addon_configuration_rejects_entry_outside_roots_before_startup ... ok
test interpreter::commonjs::tests::filesystem_loader_resolves_wildcard_exports_with_node_pattern_precedence ... ok
test interpreter::resolve::boxed_primitive_prototype_tests::boxed_primitives_use_their_constructor_prototypes ... ok
test interpreter::jobs::scheduler_tests::empty_storage_is_reused_and_large_index_retention_is_capped ... ok
test interpreter::resolve::boxed_primitive_prototype_tests::object_prototype_methods_match_node_and_bun ... ok
test interpreter::node_addon::tests::node_addon_sidecar_enforces_allowlist_and_digest_on_direct_loads ... ok
test interpreter::scheduler::lifecycle_tests::batched_deadline_polling_has_the_same_bound ... ok
test interpreter::scheduler::lifecycle_tests::batched_polling_preserves_exact_fuel_and_bounds_zero_cost_instructions ... ok
test interpreter::scheduler::lifecycle_tests::completed_execution_retires_deadline_without_idle_reactivation ... ok
test interpreter::scheduler::lifecycle_tests::timers_checkpoints_and_suspended_bodies_keep_the_original_deadline ... ok
test interpreter::tests::sparse_arrays_preserve_holes_across_common_methods ... ok
test interpreter::resolve::boxed_primitive_prototype_tests::primitive_constructor_fixture_matches_node_and_bun ... ok
test interpreter::tests::built_in_error_subclasses_inherit_from_error ... ok
test interpreter::tests::test_arrays ... ok
test interpreter::tests::test_closures ... ok
test interpreter::tests::test_arithmetic ... ok
test interpreter::tests::test_break_in_loops ... ok
test interpreter::tests::test_continue_in_loops ... ok
test interpreter::tests::test_compound_assign ... ok
test interpreter::tests::test_do_while ... ok
test interpreter::tests::test_for_in ... ok
test interpreter::tests::test_for_of ... ok
test interpreter::tests::test_comparison ... ok
test interpreter::tests::test_increment ... ok
test interpreter::tests::test_functions ... ok
test interpreter::tests::test_loops ... ok
test interpreter::tests::test_math_constants ... ok
test interpreter::tests::test_nested_functions ... ok
test interpreter::tests::test_logical ... ok
test interpreter::tests::test_recursion ... ok
test interpreter::tests::test_strings ... ok
test interpreter::tests::test_objects ... ok
test interpreter::tests::test_switch ... ok
test interpreter::tests::test_try_catch ... ok
test interpreter::tests::test_ternary ... ok
test interpreter::tests::test_variables ... ok
test jit::tests::cold_until_threshold_then_compiles_once ... ok
test jit::tests::decline_asks_once ... ok
test jit::tests::guard_failure_deopts_then_discards ... ok
test interpreter::tests::top_level_await_reports_a_promise_with_no_pending_work ... ok
test jit::tests::loop_iters_trip_threshold ... ok
test jit::tests::no_backend_reports_hot ... ok
test jit::tests::shape_guard_checks_params ... ok
test lang::actions::tests::a_diagnostic_outside_the_range_is_skipped ... ok
test lang::actions::tests::a_mismatched_pair_offers_no_guess ... ok
test lang::actions::tests::a_stray_closer_offers_removal ... ok
test lang::actions::tests::an_unclosed_brace_offers_its_closer ... ok
test lang::actions::tests::an_unclosed_paren_offers_its_closer ... ok
test lang::actions::tests::badly_indented_source_offers_a_format ... ok
test lang::actions::tests::well_formatted_source_offers_nothing ... ok
test jit::tests::hot_function_requests_compile_through_vm ... ok
test lang::document::tests::hover_never_panics_on_a_member_without_a_receiver ... ok
test lang::document::tests::hover_never_panics_on_non_ascii_cursor_offset ... ok
test lang::document::tests::hovers_host_function_metadata_and_documentation ... ok
test lang::document::tests::infers_exported_class_factory ... ok
test lang::document::tests::infers_literal_variable ... ok
test interpreter::tests::test_typeof ... ok
test lang::document::tests::infers_string_prototype_return_types ... ok
test lang::document::tests::infers_promise_callback_and_property ... ok
test lang::document::tests::infers_the_real_store_module_factory ... ok
test lang::document::tests::injects_native_date_types_from_catalog ... ok
test lang::format_source::tests::a_block_comment_keeps_its_own_layout ... ok
test lang::format_source::tests::a_brace_in_a_string_does_not_indent ... ok
test lang::format_source::tests::a_closing_line_lines_up_with_its_opener ... ok
test lang::format_source::tests::a_multi_line_template_is_left_alone ... ok
test lang::document::tests::propagates_types_across_imported_modules ... ok
test lang::document::tests::preserves_class_instance_type_through_factory ... ok
test lang::format_source::tests::a_template_interpolation_does_not_unbalance_the_scan ... ok
test lang::format_source::tests::blank_lines_stay_blank ... ok
test lang::format_source::tests::comments_survive ... ok
test lang::format_source::tests::nested_blocks_are_indented ... ok
test lang::format_source::tests::newlines_are_never_moved ... ok
test lang::format_source::tests::over_indentation_is_removed ... ok
test lang::format_source::tests::tabs_are_available ... ok
test lang::format_source::tests::trailing_whitespace_is_trimmed ... ok
test lang::metadata::tests::accepts_legacy_string_shapes_inside_objects ... ok
test lang::metadata::tests::parses_recursive_function_metadata ... ok
test interpreter::commonjs::tests::filesystem_loader_uses_export_array_fallbacks_only_for_invalid_targets ... ok
test lang::metadata::tests::rejects_malformed_and_oversized_shapes ... ok
test lang::navigation::tests::an_argument_that_already_names_the_parameter_is_not_hinted ... ok
test lang::navigation::tests::definition_points_at_the_declaration ... ok
test lang::navigation::tests::document_symbols_list_declarations ... ok
test lang::navigation::tests::inlay_hints_name_positional_arguments ... ok
test lang::navigation::tests::references_include_the_declaration ... ok
test lang::navigation::tests::references_respect_scope ... ok
test lang::navigation::tests::rename_refuses_a_non_identifier ... ok
test lang::navigation::tests::signature_help_outside_a_call_is_none ... ok
test lang::semantic::tests::a_call_target_is_a_function ... ok
test lang::semantic::tests::a_capitalized_name_is_a_class ... ok
test lang::navigation::tests::signature_help_reports_the_active_parameter ... ok
test lang::semantic::tests::a_member_name_is_a_property ... ok
test lang::semantic::tests::a_regex_literal_is_not_division ... ok
test lang::semantic::tests::encoding_uses_deltas ... ok
test lang::semantic::tests::keywords_strings_and_numbers_are_classified ... ok
test lang::service::tests::document_lifecycle_rebuilds_analysis ... ok
test lang::metadata::tests::bounds_global_count ... ok
test lang::service::tests::generic_globals_support_nested_completion_hover_signatures_and_docs ... ok
test lang::service::tests::generic_global_precedence_is_local_then_runtime_then_manifest ... ok
test lang::service::tests::host_metadata_rebuilds_open_documents ... ok
test lang::service::tests::live_host_function_outranks_a_manifest_generic_global ... ok
test lang::service::tests::runtime_generic_global_outranks_a_runtime_host_function ... ok
test lang::service::tests::registered_modules_feed_import_inference ... ok
test lang::service::tests::runtime_host_function_replaces_the_manifest_declaration ... ok
test lang::tests::diagnostics_balanced_ok ... ok
test lang::tests::diagnostics_template_balances ... ok
test lang::tests::diagnostics_unbalanced ... ok
test lang::service::tests::runtime_json_shape_feeds_handler_completion ... ok
test lang::tests::exposed_function_metadata_is_available_to_completion ... ok
test lang::tests::ident_offers_exposed_functions ... ok
test lang::tests::ident_offers_globals ... ok
test lang::tests::ident_offers_module_names ... ok
test lang::tests::ipc_is_absent_without_metadata ... ok
test lang::tests::ident_playground_prefix ... ok
test lang::tests::ident_offers_scope_decls ... ok
test lang::tests::member_array_literal ... ok
test lang::tests::legacy_type_strings_are_depth_bounded ... ok
test lang::tests::member_builtin_math ... ok
test lang::tests::member_array_var ... ok
test lang::tests::member_generic_global ... ok
test lang::tests::member_global_alias_includes_exposed_host_functions ... ok
test lang::tests::member_namespace_import_exports ... ok
test lang::tests::member_global_alias_includes_generic_global ... ok
test lang::tests::member_object_literal_keys ... ok
test lang::tests::member_playground_namespace_exports ... ok
test lang::tests::member_string_literal ... ok
test lang::tests::symbols_top_level ... ok
test lang::tests::unknown_legacy_type_names_degrade_instead_of_failing ... ok
test lexer::tests::contextual_words_remain_valid_bindings ... ok
test lang::tests::unknown_local_binding_still_shadows_builtin_members ... ok
test lexer::tests::non_identifiers_are_rejected ... ok
test lexer::tests::no_keyword_is_a_binding_identifier ... ok
test lexer::tests::ordinary_names_are_binding_identifiers ... ok
test lexer::tests::reserved_word_list_is_exhaustive ... ok
test lexer::tests::test_arrow ... ok
test lexer::tests::test_comments ... ok
test lexer::tests::test_compound_assignment ... ok
test lexer::tests::test_identifiers ... ok
test lexer::tests::test_keywords ... ok
test lexer::tests::test_numbers ... ok
test lexer::tests::test_operators ... ok
test lexer::tests::test_punctuation ... ok
test lexer::tests::test_spread ... ok
test lexer::tests::test_string_escapes ... ok
test lexer::tests::test_strings ... ok
test lsp::protocol::tests::workspace_id_is_20_hex_chars ... ok
test lsp::runtime_client::tests::authentication_is_bounded_and_newline_delimited ... ok
test lsp::runtime_client::tests::eof_ends_the_connection ... ok
test lsp::runtime_client::tests::idle_timeouts_do_not_end_the_connection ... ok
test lsp::runtime_client::tests::partial_multibyte_lines_are_reassembled ... ok
test lsp::runtime_client::tests::stale_session_events_are_ignored_by_the_discovery_loop ... ok
test lsp::text::tests::ascii_positions_match_byte_offsets ... ok
test lsp::text::tests::cjk_columns_are_single_units ... ok
test lsp::text::tests::crlf_lines_exclude_the_carriage_return ... ok
test lsp::text::tests::diagnostic_columns_convert_to_utf16 ... ok
test lsp::text::tests::non_uri_input_passes_through ... ok
test lsp::text::tests::no_platform_leaves_escapes_in_a_file_path ... ok
test lsp::text::tests::out_of_range_positions_clamp ... ok
test lsp::text::tests::percent_encoded_uri_is_decoded ... ok
test lsp::text::tests::percent_escapes_decode_and_survive_invalid_input ... ok
test lsp::text::tests::plain_uri_round_trips ... ok
test lsp::text::tests::utf16_columns_account_for_multibyte_characters ... ok
test lsp::text::tests::utf16_columns_account_for_surrogate_pairs ... ok
test lsp::text::tests::windows_uri_parses_without_panicking ... ok
test parser::cache::tests::distinct_sources_parse_independently ... ok
test lang::metadata::tests::legacy_string_shapes_share_the_structured_depth_limit ... ok
test parser::cache::tests::exact_contents_resolve_forced_hash_collisions ... ok
test parser::cache::tests::failed_parses_are_not_cached ... ok
test parser::cache::tests::prepared_errors_match_eval_source ... ok
test parser::cache::tests::prepared_program_executes_repeatedly_with_one_parse ... ok
test parser::cache::tests::depth_failure_detail_survives_the_cache_boundary ... ok
test parser::cache::tests::repeated_compiles_share_one_parse ... ok
test parser::index::tests::a_declaration_is_recorded_with_its_position ... ok
test parser::index::tests::a_parameter_is_a_declaration_in_the_body_scope ... ok
test parser::index::tests::a_reference_resolves_to_its_declaration ... ok
test parser::index::tests::an_inner_declaration_shadows_an_outer_one ... ok
test parser::index::tests::sibling_scopes_do_not_share_a_binding ... ok
test parser::index::tests::the_outline_lists_declarations ... ok
test parser::tests::test_arrow_fn ... ok
test parser::tests::test_binary_precedence ... ok
test parser::tests::test_class_accessors_still_parse ... ok
test parser::tests::test_class_decl ... ok
test parser::tests::test_class_members_named_like_modifiers ... ok
test parser::tests::test_computed_member ... ok
test parser::tests::test_export_default ... ok
test parser::tests::test_export_default_function_declaration ... ok
test parser::tests::test_export_default_class_declaration ... ok
test parser::tests::test_fn_decl ... ok
test parser::tests::test_for_in ... ok
test parser::tests::test_for_loop ... ok
test parser::tests::test_for_of ... ok
test parser::tests::test_if_else ... ok
test parser::tests::test_import ... ok
test parser::tests::test_member_access ... ok
test parser::tests::test_new_expr ... ok
test parser::tests::test_ternary ... ok
test parser::tests::test_switch ... ok
test parser::tests::test_try_catch ... ok
test parser::tests::test_var_decl ... ok
test parser::tests::test_while_loop ... ok
test parser::cache::tests::eviction_preserves_recent_entries_and_bounds_bytes ... ok
test plugin_host::tests::colon_capability_installs_from_extra_requests_with_interpreter_access ... ok
test plugin_host::tests::direct_call_invokes_export_without_parsing ... ok
test plugin_host::tests::direct_call_awaits_promises_and_drains_before_converting ... ok
test plugin_host::tests::direct_call_propagates_exceptions ... ok
test plugin_host::tests::direct_call_rejects_undefined_result ... ok
test plugin_host::tests::direct_call_value_returns_raw_values_with_this ... ok
test plugin_host::tests::direct_call_without_export_fails_closed ... ok
test plugin_host::tests::direct_lifecycle_awaits_async_on_load ... ok
test plugin_host::tests::extra_request_for_unknown_capability_fails_closed ... ok
test lsp::runtime_client::tests::oversized_runtime_frames_are_rejected ... ok
test plugin_host::tests::manifest_validation_and_glob_rules_reject_traversal ... ok
test plugin_host::tests::extra_request_without_grant_does_not_install ... ok
test plugin_host::tests::manifest_permission_denial_is_a_catchable_guest_error ... ok
test plugin_host::tests::host_filesystem_policy_intersects_manifest_requests ... ok
test plugin_host::tests::repeated_plugin_loads_share_module_parses ... ok
test plugin_host::tests::resource_limits_and_missing_capability_requests_fail_closed ... ok
test plugin_host::tests::rust_host_rejects_package_exports_that_escape_the_plugin_root ... ok
test runtime::tests::loop_budget_applies ... ok
test runtime::tests::missing_spec_file_errors ... ok
test plugin_host::tests::rust_host_loads_commonjs_packages_without_native_addons ... ok
test runtime::tests::runtime_stats_snapshot ... ok
test runtime::tests::prepared_program_stats ... ok
test plugin_host::tests::rust_host_resolves_in_root_esm_packages_with_exports_and_nested_dependencies ... ok
test runtime::tests::spec_is_importable_after_build ... ok
test runtime::tests::spec_file_round_trips ... ok
test shape::tests::bypass_mutation_heals ... ok
test shape::tests::add_transition_matches_literal ... ok
test plugin_host::tests::rust_host_loads_relative_esm_and_reloads_with_serialized_state ... ok
test shape::tests::attributes_do_not_fork_shapes ... ok
test value::array_index_tests::canonical_indices_parse ... ok
test value::array_index_tests::non_canonical_names_are_ordinary_properties ... ok
test value::array_index_tests::string_helpers_match_char_semantics ... ok
test shape::tests::shared_layout_shared_shape ... ok
test value::shared_array_buffer_tests::shared_backing_is_aligned_stable_and_clones_share_bytes ... ok
test shape::tests::delete_canonicalizes ... ok
test shape::tests::single_read_builds_nothing ... ok
test value::weak_registry_drop_tests::weak_registrations_do_not_disable_iterative_teardown ... ok
test value::drop_tests::deeply_nested_values_drop_without_overflowing_the_stack ... ok

test result: ok. 347 passed; 0 failed; 0 ignored; 0 measured; 0 filtered out; finished in 1.10s

     Running unittests src/bin/napi-vm-lsp.rs (target/debug/deps/napi_vm_lsp-084a3952cb17f06a)

running 0 tests

test result: ok. 0 passed; 0 failed; 0 ignored; 0 measured; 0 filtered out; finished in 0.00s

     Running tests/compiler_memory.rs (target/debug/deps/compiler_memory-6bf82d3ac0e5c8b7)

running 1 test
test repeated_synthesized_compilation_releases_owned_ast_data ... ok

test result: ok. 1 passed; 0 failed; 0 ignored; 0 measured; 0 filtered out; finished in 0.90s

     Running tests/coroutine_backend.rs (target/debug/deps/coroutine_backend-9e7a4bbcba98128b)

running 8 tests
test t2_coroutines_dropped_before_starting ... ok
test t4_dropped_coroutines_run_their_destructors ... ok
test t6_nested_coroutines_dropped_while_both_suspended ... ok
test t1_coroutines_run_to_completion ... ok
test t5_coroutines_dropped_while_suspended_deep ... ok
test t3_coroutines_dropped_while_suspended ... ok
test t7_dropped_from_deep_in_the_callers_stack ... ok
test t8_deep_coroutine_dropped_from_deep_in_the_callers_stack ... ok

test result: ok. 8 passed; 0 failed; 0 ignored; 0 measured; 0 filtered out; finished in 0.04s

     Running tests/evaluation_modes.rs (target/debug/deps/evaluation_modes-5d0157db0c53b962)

running 4 tests
test lazy_source_lines_match_standard_lines ... ok
test compact_property_cache_verification ... ok
test host_panic_restores_bytecode_scope_and_allows_reuse ... ok
test evaluation_tiers_caching_and_drain_policies ... ok

test result: ok. 4 passed; 0 failed; 0 ignored; 0 measured; 0 filtered out; finished in 0.00s

     Running tests/external_event_loop.rs (target/debug/deps/external_event_loop-b899933e70f7c168)

running 1 test
test tokio_current_thread_loop_delivers_host_callbacks_and_keeps_ticking ... ok

test result: ok. 1 passed; 0 failed; 0 ignored; 0 measured; 0 filtered out; finished in 0.15s

     Running tests/gc_public_lifecycle.rs (target/debug/deps/gc_public_lifecycle-0b688b399ade6166)

running 2 tests
test debt_and_suspended_generator_barrier ... ok
test pins_and_multiple_interpreters_survive_collection ... ok

test result: ok. 2 passed; 0 failed; 0 ignored; 0 measured; 0 filtered out; finished in 0.00s

     Running tests/generator_stress.rs (target/debug/deps/generator_stress-088c457c3727b14e)

running 25 tests
test a_generator_resuming_itself_is_an_error_not_a_hang ... ok
test abandoning_a_single_suspended_generator ... ok
test abandoning_a_suspended_generator_runs_no_catch ... ok
test abandoning_a_suspended_generator_runs_no_finally ... ok
test abandoning_after_the_program_ends ... ok
test a_generator_exhausting_the_loop_budget_unwinds_cleanly ... ok
test abandoning_nested_generators_runs_no_finally ... ok
test abandoning_many_suspended_generators ... ok
test abandoning_many_generators_with_finally_runs_none ... ok
test abandoning_ten_suspended_generators ... ok
test an_exhausted_for_of_runs_finally_once ... ok
test cloned_generator_values_share_one_coroutine ... ok
test closing_is_idempotent_across_many_loops ... ok
test deeply_nested_generators ... ok
test generators_never_started_are_dropped_cleanly ... ok
test generators_abandoned_by_breaking_out_of_for_of ... ok
test generators_abandoned_while_suspended ... ok
test leaving_a_for_of_early_runs_finally ... ok
test generators_stored_in_structures_outlive_their_scope ... ok
test generators_sharing_one_closure_environment ... ok
test nested_generators_drive_one_another ... ok
test throwing_out_of_a_for_of_body_still_closes ... ok
test nested_generators_abandoned_mid_flight ... ok
test many_generators_run_to_completion ... ok
test a_throwing_generator_body_unwinds_cleanly ... ok

test result: ok. 25 passed; 0 failed; 0 ignored; 0 measured; 0 filtered out; finished in 0.17s

     Running tests/lsp_protocol.rs (target/debug/deps/lsp_protocol-00782886c070dff0)

running 27 tests
test closed_stdin_without_shutdown_returns_one ... ok
test already_formatted_source_produces_no_edits ... ok
test a_code_action_offers_to_fix_indentation ... ok
test a_code_action_fixes_an_unclosed_delimiter ... ok
test document_highlight_marks_every_occurrence ... ok
test document_symbols_carry_ranges ... ok
test content_length_counts_utf8_bytes_not_characters ... ok
test definition_jumps_to_the_declaration ... ok
test exit_without_shutdown_returns_one ... ok
test exit_after_shutdown_returns_zero ... ok
test formatting_preserves_comments ... ok
test formatting_reindents_without_moving_lines ... ok
test full_document_lifecycle_publishes_diagnostics ... ok
test initialize_advertises_capabilities_and_utf16_encoding ... ok
test inlay_hints_label_positional_arguments ... ok
test initialize_advertises_the_navigation_capabilities ... ok
test multiple_messages_in_one_write_are_all_processed ... ok
test ipc_facade_completion_is_absent_without_metadata ... ok
test invalid_static_manifest_globals_are_ignored_safely ... ok
test partial_writes_and_extra_headers_are_tolerated ... ok
test rename_to_a_non_identifier_is_refused ... ok
test references_are_scoped_to_the_binding ... ok
test rename_edits_only_the_matching_binding ... ok
test semantic_tokens_are_encoded_as_deltas ... ok
test signature_help_reports_the_active_parameter ... ok
test static_manifest_globals_support_completion_hover_and_documentation ... ok
test utf16_positions_locate_completion_and_hover_after_astral_characters ... ok

test result: ok. 27 passed; 0 failed; 0 ignored; 0 measured; 0 filtered out; finished in 1.77s

     Running tests/lsp_runtime.rs (target/debug/deps/lsp_runtime-627c7f95ac200038)

running 3 tests
test runtime_global_completion_and_hover_use_declarative_shapes ... ok
test percent_encoded_workspace_root_still_finds_the_runtime ... ok
test runtime_metadata_survives_idle_and_session_changes ... ok

test result: ok. 3 passed; 0 failed; 0 ignored; 0 measured; 0 filtered out; finished in 3.02s

     Running tests/scheduler.rs (target/debug/deps/scheduler-3aae24a162cb210e)

running 24 tests
test blocking_only_bridge_is_polled_before_the_full_timeout ... ok
test cancellation_between_readiness_check_and_wait_is_latched ... ok
test future_await_resumes_before_another_due_timer ... ok
test collection_refuses_while_dequeued_native_job_values_are_on_the_stack ... ok
test future_timer_wait_is_capped_by_execution_deadline ... ok
test hard_job_boundary_keeps_next_job ... ok
test hard_limits_survive_soft_yields ... ok
test last_throwing_microtask_clears_checkpoint ... ok
test host_is_sampled_at_checkpoints_not_per_microtask ... ok
test nested_await_checkpoints_share_the_hard_job_budget ... ok
test nested_timers_and_recursive_microtasks_keep_order ... ok
test opt_in_alternation_prevents_timer_starvation_under_host_flood ... ok
test notifier_delivery_between_poll_and_sleep_is_latched ... ok
test cancellation_and_deadlines_interrupt_long_callbacks_and_coroutine_bodies ... ok
test oversized_legacy_ingress_reports_backpressure_without_losing_work ... ok
test published_gc_roots_do_not_retain_a_cancelled_timer ... ok
test queued_work_counts_as_progress_without_waiting ... ok
test soft_yield_resumes_microtasks_before_timers_or_new_evaluation ... ok
test soft_yields_do_not_refill_guest_fuel ... ok
test throwing_checkpoint_reconciles_state_without_refilling_jobs ... ok
test virtual_deadlines_and_nested_timers_are_absolute ... ok
test zero_and_time_budgets_keep_the_next_job ... ok
test real_time_waits_only_for_due_timers_and_reports_progress ... ok
test blocking_only_waits_bound_cancellation_deadlines_timeouts_and_shutdown ... ok

test result: ok. 24 passed; 0 failed; 0 ignored; 0 measured; 0 filtered out; finished in 0.07s

   Doc-tests napi_vm

running 1 test
test src/runtime.rs - runtime::RuntimeBuilder (line 36) ... ok

test result: ok. 1 passed; 0 failed; 0 ignored; 0 measured; 0 filtered out; finished in 0.00s

all doctests ran in 0.32s; merged doctests compilation took 0.31s
