npm warn Unknown env config "http-proxy". This will stop working in the next major version of npm.

> napi-vm@0.1.5 plugins:test:interop
> node tools/plugins/test-interop.mjs

{"host":"node","runtime":"node","status":"runtime-tested"}
{"host":"node","runtime":"bun","status":"runtime-tested"}
{"host":"bun","runtime":"node","status":"runtime-tested"}
{"host":"bun","runtime":"bun","status":"runtime-tested"}
{"host":"node","runtime":"node","status":"runtime-tested"}
{"host":"node","runtime":"bun","status":"runtime-tested"}
{"host":"bun","runtime":"node","status":"runtime-tested"}
{"host":"bun","runtime":"bun","status":"runtime-tested"}
{"host":"rust","runtime":"node","status":"runtime-tested"}
{"host":"rust","runtime":"bun","status":"runtime-tested"}
{"host":"rust","runtime":"native","status":"runtime-tested"}
{"host":"rust","runtime":"bun-embedded","status":"runtime-tested"}
{"host":"rust","runtime":"node","status":"runtime-tested"}
{"host":"rust","runtime":"native","status":"runtime-tested"}
{"host":"node","runtime":"native","status":"unsupported-rejected"}
{"host":"bun","runtime":"native","status":"unsupported-rejected"}
{
  "environment": {
    "os": "linux",
    "arch": "x64",
    "node": "v24.19.0"
  },
  "results": [
    {
      "host": "node",
      "runtime": "node",
      "artifact": "same compiled TS ESM",
      "result": {
        "message": "Hola, Ana"
      },
      "status": "runtime-tested"
    },
    {
      "host": "node",
      "runtime": "bun",
      "artifact": "same compiled TS ESM",
      "result": {
        "message": "Hola, Ana"
      },
      "status": "runtime-tested"
    },
    {
      "host": "bun",
      "runtime": "node",
      "artifact": "same compiled TS ESM",
      "result": {
        "message": "Hola, Ana"
      },
      "status": "runtime-tested"
    },
    {
      "host": "bun",
      "runtime": "bun",
      "artifact": "same compiled TS ESM",
      "result": {
        "message": "Hola, Ana"
      },
      "status": "runtime-tested"
    },
    {
      "host": "node",
      "runtime": "node",
      "scenario": "callbacks/domain-errors/events/stateful-reload",
      "result": {
        "greeting": "Hola, Ana",
        "domainError": "INVALID_NAME",
        "firstEvent": {
          "count": "12"
        },
        "secondEvent": {
          "count": "15"
        },
        "stableInstance": "ba5c89bb-c5d5-40ae-b27a-75fe262bda6e",
        "sessions": [
          "d75c8d03-14a9-45aa-a91f-4eb4a07fb4b2",
          "5a8ecb1c-bee0-49cc-9ef1-72ae4831b72f"
        ],
        "restored": "12",
        "final": "15"
      },
      "status": "runtime-tested"
    },
    {
      "host": "node",
      "runtime": "bun",
      "scenario": "callbacks/domain-errors/events/stateful-reload",
      "result": {
        "greeting": "Hola, Ana",
        "domainError": "INVALID_NAME",
        "firstEvent": {
          "count": "12"
        },
        "secondEvent": {
          "count": "15"
        },
        "stableInstance": "5985d0ac-c2a5-48fa-99be-ddffc2857842",
        "sessions": [
          "1e932025-4bfb-430c-8ed2-e5c198692ad4",
          "406c41b5-bb2a-4152-a9fb-71367579e5ef"
        ],
        "restored": "12",
        "final": "15"
      },
      "status": "runtime-tested"
    },
    {
      "host": "bun",
      "runtime": "node",
      "scenario": "callbacks/domain-errors/events/stateful-reload",
      "result": {
        "greeting": "Hola, Ana",
        "domainError": "INVALID_NAME",
        "firstEvent": {
          "count": "12"
        },
        "secondEvent": {
          "count": "15"
        },
        "stableInstance": "c5776cba-fee4-4e2d-b143-6455e72dd80f",
        "sessions": [
          "872d22d1-5874-456d-9887-85dd911a5e75",
          "67412e29-140d-4597-b954-7963072b1eb0"
        ],
        "restored": "12",
        "final": "15"
      },
      "status": "runtime-tested"
    },
    {
      "host": "bun",
      "runtime": "bun",
      "scenario": "callbacks/domain-errors/events/stateful-reload",
      "result": {
        "greeting": "Hola, Ana",
        "domainError": "INVALID_NAME",
        "firstEvent": {
          "count": "12"
        },
        "secondEvent": {
          "count": "15"
        },
        "stableInstance": "23bb391c-370b-4ec2-a969-b86617700d9d",
        "sessions": [
          "36c1473f-283f-4e47-8b14-ebee23e38eb4",
          "182e461d-298b-4740-b950-3e43ce091c37"
        ],
        "restored": "12",
        "final": "15"
      },
      "status": "runtime-tested"
    },
    {
      "host": "rust",
      "runtime": "node",
      "artifact": "same compiled TS ESM",
      "result": {
        "domainError": "INVALID_NAME",
        "greeting": {
          "message": "Hola, Ana"
        },
        "instanceId": "68bad09009652f1dc9888faf01f74e94",
        "scenario": "greeter",
        "sessionId": "cf30c78cd49dc9933f3c733055a2c850"
      },
      "status": "runtime-tested"
    },
    {
      "host": "rust",
      "runtime": "bun",
      "artifact": "same compiled TS ESM",
      "result": {
        "domainError": "INVALID_NAME",
        "greeting": {
          "message": "Hola, Ana"
        },
        "instanceId": "6f6414549685eca649c850954539664d",
        "scenario": "greeter",
        "sessionId": "1e7bade0df7cae157c564a12be9d891b"
      },
      "status": "runtime-tested"
    },
    {
      "host": "rust",
      "runtime": "native",
      "artifact": "Rust executable",
      "result": {
        "domainError": "INVALID_NAME",
        "greeting": {
          "message": "Hola, Ana"
        },
        "instanceId": "3633f2d12f9ea69c828ce3df243aeb61",
        "scenario": "greeter",
        "sessionId": "d3a357e44aa45c317606fb492ef0c5d1"
      },
      "status": "runtime-tested"
    },
    {
      "host": "rust",
      "runtime": "bun-embedded",
      "artifact": "Bun standalone without external JS runtime on PATH",
      "result": {
        "domainError": "INVALID_NAME",
        "greeting": {
          "message": "Hola, Ana"
        },
        "instanceId": "4f053af00351cea4a41ca6b10ed93f92",
        "scenario": "greeter",
        "sessionId": "5cd3289e56a467076247376a45cd6ad2"
      },
      "status": "runtime-tested"
    },
    {
      "host": "rust",
      "runtime": "node",
      "scenario": "counter-ts -> counter-rust -> counter-ts",
      "result": {
        "events": [
          {
            "event": "changed",
            "interface": "example.counter",
            "payload": {
              "count": "12"
            },
            "relatedRequestId": "h:66552544b41a3ac869cd8899cdacd1cd:2",
            "sequence": "1",
            "sessionId": "66552544b41a3ac869cd8899cdacd1cd",
            "version": "1.0.0"
          },
          {
            "event": "changed",
            "interface": "example.counter",
            "payload": {
              "count": "15"
            },
            "relatedRequestId": "h:932cf9fabe7baf83420d6ee37427aa1c:3",
            "sequence": "1",
            "sessionId": "932cf9fabe7baf83420d6ee37427aa1c",
            "version": "1.0.0"
          }
        ],
        "final": {
          "count": "17"
        },
        "first": {
          "count": "12"
        },
        "instanceId": "88e53b1f0eb3cb5c6b902b234d7b43d6",
        "restored": {
          "count": "12"
        },
        "scenario": "migrate",
        "second": {
          "count": "15"
        },
        "sessions": [
          "66552544b41a3ac869cd8899cdacd1cd",
          "932cf9fabe7baf83420d6ee37427aa1c",
          "17a3179e781e0e73288451da54323fdd"
        ],
        "snapshot": {
          "contract": "example.counter.state",
          "data": {
            "count": "12"
          },
          "stateVersion": 1
        }
      },
      "status": "runtime-tested"
    },
    {
      "host": "rust",
      "runtime": "native",
      "scenario": "counter-rust -> counter-ts -> counter-rust",
      "result": {
        "events": [
          {
            "event": "changed",
            "interface": "example.counter",
            "payload": {
              "count": "12"
            },
            "relatedRequestId": "h:ad1f975c918831fd29e771b4a487ab83:2",
            "sequence": "1",
            "sessionId": "ad1f975c918831fd29e771b4a487ab83",
            "version": "1.0.0"
          },
          {
            "event": "changed",
            "interface": "example.counter",
            "payload": {
              "count": "15"
            },
            "relatedRequestId": "h:460b293ad0daadd6c1fbd429d1ee0e79:3",
            "sequence": "1",
            "sessionId": "460b293ad0daadd6c1fbd429d1ee0e79",
            "version": "1.0.0"
          }
        ],
        "final": {
          "count": "17"
        },
        "first": {
          "count": "12"
        },
        "instanceId": "3ca3763e28cbf2f1955c06f65a3e12d9",
        "restored": {
          "count": "12"
        },
        "scenario": "migrate",
        "second": {
          "count": "15"
        },
        "sessions": [
          "ad1f975c918831fd29e771b4a487ab83",
          "460b293ad0daadd6c1fbd429d1ee0e79",
          "1f82deb82a35c7228d29e772d32c0c25"
        ],
        "snapshot": {
          "contract": "example.counter.state",
          "data": {
            "count": "12"
          },
          "stateVersion": 1
        }
      },
      "status": "runtime-tested"
    },
    {
      "host": "node",
      "runtime": "native",
      "status": "unsupported-rejected"
    },
    {
      "host": "bun",
      "runtime": "native",
      "status": "unsupported-rejected"
    }
  ]
}
