✔ persistent owner keeps globals across repeated executions (319.643944ms)
✔ host functions and Node marshalling execute on Node thread without sync VM deadlock (64.123778ms)
✔ manual virtual turns preserve unfinished checkpoints and absolute timers (45.799836ms)
✔ bounded command queue rejects visibly without losing accepted completion (9.599221ms)
✔ same-session commands from a host function fail instead of deadlocking (51.052414ms)
✔ deadline interrupts long callback and a never-settled host promise (119.81573ms)
✔ shutdown cancels guest work and settles every pending completion (30.927923ms)
✔ shutdown wakes an owner awaiting a never-settled Node completion (32.011337ms)
✔ idle sessions and pending completions have correct Node lifetimes (2658.693613ms)
✔ immediate cancellation reaches commands not yet dequeued by owner (34.153987ms)
✔ pending Node promise stays rooted until deadline and retires on disposal (1418.938268ms)
✔ Node worker teardown wakes and terminates the persistent guest owner (744.428128ms)
✔ throwing checkpoint recovers before new guest code (37.014313ms)
✔ unawaited host results do not lock admission and remain awaitable (133.472546ms)
✔ top-level await waits for future and nested real-time timers (128.861542ms)
✔ cancel and dispose wake a future-timer await after a host barrier (68.910249ms)
✔ abandoned results are retired while closure-held results survive (9644.027556ms)
✔ virtual top-level await never advances time and supports host-driven recovery (100.267108ms)
✔ a short execution deadline caps a far-future timer await (44.893346ms)
✔ dispatched host dependency rejects reentry before guest await (281.492032ms)
✔ completed deadlines do not poison idle metadata or new executions (187.352552ms)
✔ delayed unawaited callback can reenter after its execution completes (59.15064ms)
✔ metadata and configured limits preserve pending timer deadlines (156.112983ms)
✔ a saved host result protects reentry across executions and queued admission (888.91825ms)
✔ public owners use the same bytecode tier and reuse prepared source (102.187649ms)
✔ legacy sync and async calls share globals closures modules symbols and shapes (942.631696ms)
✔ released exports stay bounded and finalization cannot wait for a Node-dependent worker (4089.114428ms)
✔ fresh cycle workloads stabilize without sharing mutable realm objects (20904.733168ms)
✔ automatic collection bounds retained cyclic containers in a persistent owner (2908.153746ms)
✔ the CommonJS entry point loads the native binding (50.737075ms)
✔ the ESM entry point loads the native binding (24.383716ms)
✔ the generated entry points agree on the package version (2.218504ms)
✔ basic evaluation works (2.535557ms)
✔ values marshal in both directions (2.906637ms)
✔ host functions are callable from the guest (17.65978ms)
✖ tests/node/smoke.test.js (3901.92197ms)
ℹ tests 36
ℹ suites 0
ℹ pass 35
ℹ fail 1
ℹ cancelled 0
ℹ skipped 0
ℹ todo 0
ℹ duration_ms 30158.47214

✖ failing tests:

test at tests/node/smoke.test.js:1:1
✖ tests/node/smoke.test.js (3901.92197ms)
  'test failed'
