npm warn Unknown env config "http-proxy". This will stop working in the next major version of npm.

> napi-vm@0.1.5 plugins:bench
> node tools/plugins/benchmark.mjs

{
  "environment": {
    "os": "linux",
    "arch": "x64",
    "cpu": "INTEL(R) XEON(R) PLATINUM 8573C",
    "hostRuntime": "node",
    "hostVersion": "v24.19.0",
    "typescript": "6.0.3",
    "buildMode": "emitted-esm",
    "runtime": "node"
  },
  "sampleCount": 30,
  "warmupCalls": 10,
  "payloads": [
    {
      "payloadBytes": 64,
      "p50Ms": 5.240740999999616,
      "p95Ms": 20.566083000000617,
      "p99Ms": 27.012636999999813,
      "sequentialCallsPerSecond": 125.43939486162805
    },
    {
      "payloadBytes": 4096,
      "p50Ms": 7.645007999999507,
      "p95Ms": 30.76755299999968,
      "p99Ms": 32.408511000000544,
      "sequentialCallsPerSecond": 117.39146721572685
    },
    {
      "payloadBytes": 262144,
      "p50Ms": 123.15920499999993,
      "p95Ms": 202.33195799999976,
      "p99Ms": 641.486347,
      "sequentialCallsPerSecond": 6.820235477887208
    },
    {
      "payloadBytes": 1048576,
      "p50Ms": 397.4417620000022,
      "p95Ms": 1032.4412649999995,
      "p99Ms": 1046.9656749999995,
      "sequentialCallsPerSecond": 2.0232597130666816
    }
  ],
  "manyInstances": [
    {
      "count": 1,
      "loadMs": 1327.9762130000017,
      "hostRss": 72167424,
      "pluginRss": [
        41287680
      ]
    },
    {
      "count": 5,
      "loadMs": 6587.579711999999,
      "hostRss": 65429504,
      "pluginRss": [
        41267200,
        41152512,
        41205760,
        41005056,
        41209856
      ]
    },
    {
      "count": 20,
      "loadMs": 35165.942933000006,
      "hostRss": 66084864,
      "pluginRss": [
        41193472,
        41291776,
        41082880,
        41189376,
        41193472,
        41402368,
        41373696,
        41181184,
        41013248,
        41172992,
        41201664,
        41414656,
        41140224,
        41168896,
        41242624,
        41132032,
        41156608,
        41054208,
        41132032,
        41148416
      ]
    }
  ],
  "footprintBytes": 82892,
  "limitations": [
    "New process, not cold OS cache",
    "Linux /proc RSS is resident pages, not exclusive allocation",
    "CPU workload is echo/serialization, not an application speedup claim",
    "Rust/Bun standalone binary footprint measured only when those artifacts are available"
  ],
  "startupThroughReadyMs": 2176.145788,
  "selectedRuntime": "24.19.0",
  "boundedConcurrency": {
    "offered": 8,
    "accepted": 3,
    "rejected": [
      "REENTRANT_CALL",
      "REENTRANT_CALL",
      "REENTRANT_CALL",
      "REENTRANT_CALL",
      "REENTRANT_CALL"
    ],
    "elapsedMs": 8.151033000001917
  },
  "memory": {
    "method": "process.memoryUsage().rss and Linux /proc/<pid>/status VmRSS",
    "hostRss": 70856704,
    "pluginRss": 50614272
  },
  "lifecycleMs": {
    "quiesce": 3.8627210000013292,
    "snapshot": 15.776083000000654,
    "shutdownAndReap": 12.262167000000773,
    "restartAndInitialize": 1617.6662159999978
  },
  "binaryFootprints": {
    "rustPlugin": {
      "bytes": 35947336,
      "buildMode": "debug"
    },
    "rustHost": {
      "bytes": 53402848,
      "buildMode": "debug"
    },
    "bunStandalone": {
      "bytes": 81368544,
      "buildMode": "bun-compile"
    }
  }
}
