npm warn Unknown env config "http-proxy". This will stop working in the next major version of npm.

> napi-vm@0.1.5 plugins:bench
> node tools/plugins/benchmark.mjs

{
  "environment": {
    "os": "linux",
    "arch": "x64",
    "cpu": "INTEL(R) XEON(R) PLATINUM 8573C",
    "hostRuntime": "node",
    "hostVersion": "v24.19.0",
    "typescript": "6.0.3",
    "buildMode": "emitted-esm",
    "runtime": "bun"
  },
  "sampleCount": 30,
  "warmupCalls": 10,
  "payloads": [
    {
      "payloadBytes": 64,
      "p50Ms": 0.9716920000000755,
      "p95Ms": 13.472231000000193,
      "p99Ms": 46.31259599999976,
      "sequentialCallsPerSecond": 210.16967039524812
    },
    {
      "payloadBytes": 4096,
      "p50Ms": 3.7254029999999148,
      "p95Ms": 35.75459600000022,
      "p99Ms": 36.042255000000296,
      "sequentialCallsPerSecond": 135.7113944476508
    },
    {
      "payloadBytes": 262144,
      "p50Ms": 138.2969149999999,
      "p95Ms": 1273.5683580000004,
      "p99Ms": 1342.7517800000005,
      "sequentialCallsPerSecond": 3.9975739890751933
    },
    {
      "payloadBytes": 1048576,
      "p50Ms": 519.3298889999987,
      "p95Ms": 814.7768939999987,
      "p99Ms": 834.4860329999974,
      "sequentialCallsPerSecond": 2.072518827902646
    }
  ],
  "manyInstances": [
    {
      "count": 1,
      "loadMs": 729.6969580000004,
      "hostRss": 64557056,
      "pluginRss": [
        35971072
      ]
    },
    {
      "count": 5,
      "loadMs": 3943.0021699999998,
      "hostRss": 65212416,
      "pluginRss": [
        36982784,
        36716544,
        36970496,
        36298752,
        36888576
      ]
    },
    {
      "count": 20,
      "loadMs": 10713.745431000003,
      "hostRss": 66129920,
      "pluginRss": [
        36585472,
        37150720,
        36761600,
        36868096,
        37122048,
        37142528,
        36691968,
        36696064,
        36679680,
        37224448,
        37048320,
        37171200,
        36958208,
        36831232,
        37060608,
        36925440,
        37023744,
        36798464,
        35966976,
        36147200
      ]
    }
  ],
  "footprintBytes": 82891,
  "limitations": [
    "New process, not cold OS cache",
    "Linux /proc RSS is resident pages, not exclusive allocation",
    "CPU workload is echo/serialization, not an application speedup claim",
    "Rust/Bun standalone binary footprint measured only when those artifacts are available"
  ],
  "startupThroughReadyMs": 1218.247852,
  "selectedRuntime": "1.4.2",
  "boundedConcurrency": {
    "offered": 8,
    "accepted": 1,
    "rejected": [
      "REENTRANT_CALL",
      "REENTRANT_CALL",
      "REENTRANT_CALL",
      "REENTRANT_CALL",
      "REENTRANT_CALL",
      "REENTRANT_CALL",
      "REENTRANT_CALL"
    ],
    "elapsedMs": 99.5430610000003
  },
  "memory": {
    "method": "process.memoryUsage().rss and Linux /proc/<pid>/status VmRSS",
    "hostRss": 72327168,
    "pluginRss": 44011520
  },
  "lifecycleMs": {
    "quiesce": 7.784606999997777,
    "snapshot": 5.381768999999622,
    "shutdownAndReap": 54.25180899999759,
    "restartAndInitialize": 1098.684572000002
  },
  "binaryFootprints": {
    "rustPlugin": {
      "bytes": 35947336,
      "buildMode": "debug"
    },
    "rustHost": {
      "bytes": 53402848,
      "buildMode": "debug"
    },
    "bunStandalone": {
      "bytes": 81368544,
      "buildMode": "bun-compile"
    }
  }
}
