bun test v1.4.2 (744846f84)

tests/promises.test.js:
(pass) a then callback runs after the synchronous code [7.53ms]
(pass) a then callback has not run yet at the next statement [0.51ms]
(pass) an async function suspends at await [1.10ms]
(pass) chained thens run in order [0.48ms]
(pass) queueMicrotask defers [0.51ms]
(pass) timers run after every microtask [7.09ms]
(pass) new Promise resolves [0.69ms]
(pass) new Promise rejects [0.55ms]
(pass) a throwing executor rejects the promise [1.69ms]
(pass) an executor that is not a function throws [0.60ms]
(pass) a promise settles only once [0.39ms]
(pass) a promise stays pending until resolved [0.49ms]
(pass) a later resolution reaches an earlier then [31.79ms]
(pass) typeof Promise is function [0.55ms]
(pass) then maps the value [24.97ms]
(pass) catch handles a rejection [0.62ms]
(pass) a throw inside then becomes a rejection [0.44ms]
(pass) then without an onRejected forwards the rejection [0.43ms]
(pass) catch forwards a fulfilment [0.39ms]
(pass) finally runs and passes the value through [0.47ms]
(pass) finally passes a rejection through [0.39ms]
(pass) Promise.resolve is idempotent on a promise [9.01ms]
(pass) resolving with a thenable adopts its value [0.59ms]
(pass) thenable resolution runs its then method as a microtask [0.47ms]
(pass) a throwing then getter rejects the promise [0.54ms]
(pass) promise resolution ignores later resolve and reject calls [0.48ms]
(pass) resolving with a rejecting thenable rejects [0.42ms]
(pass) a promise resolved with a promise adopts it [0.39ms]
(pass) Promise.all collects values in order [0.40ms]
(pass) Promise.all on an empty list resolves immediately [0.43ms]
(pass) Promise.all rejects on the first rejection [12.83ms]
(pass) Promise.allSettled reports both outcomes [0.71ms]
(pass) Promise.race takes the first settlement [0.47ms]
(pass) Promise.any takes the first fulfilment [18.35ms]
(pass) Promise.any rejects with an AggregateError when all reject [0.52ms]
(pass) an async function returns a promise [0.92ms]
(pass) a throwing async function rejects with the thrown value [0.50ms]
(pass) await unwraps a promise [0.47ms]
(pass) try/catch around await catches a rejection [0.45ms]
(pass) await inside a loop accumulates [12.99ms]
(pass) await resolves a timer-backed promise [0.54ms]
(pass) an async arrow with no parameters [0.47ms]
(pass) an async arrow with one bare parameter [0.46ms]
(pass) an async arrow without parentheses [0.41ms]
(pass) an async object method [0.43ms]
(pass) an async class method [0.43ms]
(pass) async is still usable as a property name [0.49ms]
(pass) for await consumes an array of promises [12.63ms]
(pass) for await consumes an async generator [0.64ms]
(pass) an async generator may await between yields [2.10ms]
(pass) Symbol.asyncIterator drives for await [0.69ms]
(pass) a generator object method [12.98ms]
(pass) a generator class method [2.00ms]

tests/errors.test.js:
(pass) each built-in error carries its name [3.38ms]
(pass) message round-trips [13.40ms]
(pass) a subclass inherits the constructor [0.98ms]
(pass) a subclass can add its own state [0.44ms]
(pass) a subclass is catchable [0.45ms]
(pass) a derived class without a constructor forwards its arguments [0.54ms]
(pass) an explicit derived constructor is used instead [12.66ms]
(pass) stack begins with the error line [0.60ms]
(pass) stack names the frames it was constructed in [0.44ms]
(pass) stack names the whole call chain [0.56ms]
(pass) an internally raised error carries a stack too [1.50ms]
(pass) toString joins the name and message [10.21ms]
(pass) String() uses toString [0.63ms]
(pass) an internally raised error stringifies too [0.29ms]
(pass) a custom toString is used by String and templates [0.58ms]
(pass) a non-string return is coerced [0.70ms]
(pass) an object without toString still renders opaquely [41.18ms]
(pass) a custom toString is used by concatenation [10.29ms]
(pass) compound concatenation uses it on either side [1.49ms]
(pass) valueOf wins over toString for the default hint [1.06ms]
(pass) a toString returning a number makes + numeric [0.60ms]
(pass) an object without either renders opaquely [1.19ms]
(pass) arrays reduce to their string form [9.07ms]
(pass) numeric operators coerce through the string form too [1.32ms]
(pass) an object has no numeric value [0.69ms]
(pass) Number() follows the same rules [3.03ms]
(pass) numeric compound assignment is unaffected [0.41ms]

tests/modules-linking.test.js:
(pass) an imported binding tracks the exporting module [0.72ms]
(pass) a renamed import is still live [0.54ms]
(pass) a namespace object is live [0.69ms]
(pass) export let declares in module scope [4.28ms]
(pass) a namespace exposes the default under 'default' [0.65ms]
(pass) a namespace lists its exports [1.10ms]
(pass) import renames with `as` [3.06ms]
(pass) import { default as x } names the default export [0.85ms]
(pass) export ... from forwards a named export [0.54ms]
(pass) export ... from renames while forwarding [0.57ms]
(pass) a re-exported binding is still live [0.50ms]
(pass) export { default as x } from forwards the default [1.47ms]
(pass) export * forwards every named export [0.57ms]
(pass) export * excludes the default export [0.57ms]
(pass) export * as names the namespace [2.36ms]
(pass) import() resolves to the namespace [0.74ms]
(pass) await import() works inside an async function [4.12ms]
(pass) import() of a missing module rejects [4.43ms]
(pass) a module's private bindings do not leak to the global scope [0.58ms]
(pass) two modules can declare the same top-level name [2.39ms]
(pass) a module still sees the globals the host exposed [0.37ms]
(pass) visibility runs one way: modules see the script scope, not each other [0.40ms]
(pass) defineModule defers evaluation until the first import [0.48ms]
(pass) a body error in a deferred module surfaces at the import [0.65ms]
(pass) a cyclic module graph links [0.66ms]
(pass) a cycle links a forward reference [0.93ms]
(pass) a cycle links from either entry point [0.52ms]

tests/stdlib-breadth.test.js:
(pass) reading a property of null is a TypeError [1.09ms]
(pass) a nested miss reports where it failed [0.73ms]
(pass) optional chaining still short-circuits [1.05ms]
(pass) super.method calls the superclass implementation [0.52ms]
(pass) super works from a differently named method [0.47ms]
(pass) super reaches a superclass getter [0.50ms]
(pass) super() still runs the superclass constructor [0.68ms]
(pass) an object pattern supplies a default [6.80ms]
(pass) a renamed property takes a default [0.62ms]
(pass) an object rest pattern collects what is left [0.59ms]
(pass) defaults nest [0.55ms]
(pass) a destructured parameter takes defaults [0.81ms]
(pass) a computed method name evaluates its key [0.89ms]
(pass) a literal computed method name still works [0.74ms]
(pass) splice returns what it removed [0.56ms]
(pass) splice removes in place [0.58ms]
(pass) splice inserts [2.31ms]
(pass) splice without a count removes the tail [0.47ms]
(pass) a negative start counts from the end [0.37ms]
(pass) padStart and padEnd [2.49ms]
(pass) trimStart and trimEnd [0.84ms]
(pass) at, lastIndexOf, concat and localeCompare [2.10ms]
(pass) codePointAt [0.47ms]
(pass) toString takes a radix [1.46ms]
(pass) an out-of-range radix throws [0.44ms]
(pass) toPrecision reports significant figures [0.98ms]
(pass) a numeric indent formats the output [2.28ms]
(pass) nested values indent progressively [0.74ms]
(pass) empty collections stay on one line [1.15ms]
(pass) a string indent is used verbatim [0.84ms]
(pass) no indent keeps the compact form [0.42ms]
(pass) a string containing braces is not re-indented [0.38ms]

tests/object-model.test.js:
(pass) delete removes the property [6.54ms]
(pass) object literal duplicate keys use the last value and keep insertion order [0.63ms]
(pass) delete reports success [4.53ms]
(pass) delete of a computed key [0.48ms]
(pass) delete of a missing property still succeeds [0.42ms]
(pass) delete of a non-reference is true [0.35ms]
(pass) delete of a declared binding is false [0.38ms]
(pass) delete does not reach the prototype [0.38ms]
(pass) delete of a non-configurable property fails [0.40ms]
(pass) in finds an own property [0.37ms]
(pass) in finds an inherited property [0.52ms]
(pass) in reports a missing property [0.44ms]
(pass) in works on array indices [4.92ms]
(pass) an object is strictly equal to itself [0.40ms]
(pass) distinct objects are not strictly equal [0.46ms]
(pass) an array is strictly equal to itself [0.50ms]
(pass) a function is strictly equal to itself [10.02ms]
(pass) aliases share identity [1.02ms]
(pass) Object.create links the prototype [0.76ms]
(pass) Object.create leaves the prototype out of the own keys [0.41ms]
(pass) Object.getPrototypeOf round-trips [0.42ms]
(pass) Object.create(null) has a null prototype [0.47ms]
(pass) Object.setPrototypeOf is observed through every reference [0.45ms]
(pass) Object.create with a descriptor map [22.33ms]
(pass) defineProperty defaults to non-enumerable [0.50ms]
(pass) a non-enumerable property is still readable [0.56ms]
(pass) an enumerable defined property appears in Object.keys [0.45ms]
(pass) defineProperty defaults to non-writable [0.45ms]
(pass) a writable defined property accepts assignment [0.45ms]
(pass) getOwnPropertyDescriptor of a plain property [0.50ms]
(pass) getOwnPropertyDescriptor of a missing property [0.40ms]
(pass) getOwnPropertyDescriptors covers every own property [1.53ms]
(pass) defineProperty installs a getter [0.65ms]
(pass) defineProperty installs a setter [8.96ms]
(pass) defineProperty installs a getter and a setter together [1.01ms]
(pass) assignment follows inherited accessor and data property descriptors [1.61ms]
(pass) object literal getter and setter declarations combine [0.62ms]
(pass) object spread reads an accessor and copies its current value [4.65ms]
(pass) defineProperties installs several at once [1.13ms]
(pass) redefining a non-configurable property throws [0.88ms]
(pass) getOwnPropertyNames includes non-enumerable properties [0.43ms]
(pass) freeze rejects writes [11.02ms]
(pass) freeze rejects additions [0.77ms]
(pass) isFrozen reports a frozen object [0.60ms]
(pass) isFrozen reports an ordinary object [0.43ms]
(pass) seal keeps writes but rejects additions [0.45ms]
(pass) isSealed reports a sealed object [2.11ms]
(pass) a sealed property cannot be deleted [0.49ms]
(pass) preventExtensions blocks new properties [0.56ms]
(pass) Object.hasOwn sees an own property [8.89ms]
(pass) Object.hasOwn ignores the prototype [0.45ms]
(pass) Object.fromEntries builds an object [0.49ms]
(pass) Object.is distinguishes NaN [0.43ms]
(pass) Object.is distinguishes signed zero [0.36ms]
(pass) Object.values runs getters [0.45ms]
(pass) Object.entries pairs keys with values [0.38ms]
(pass) Reflect.get reads a property [0.62ms]
(pass) Reflect.set writes a property [4.63ms]
(pass) Reflect.has follows the prototype chain [0.55ms]
(pass) Reflect.deleteProperty removes a property [0.61ms]
(pass) Reflect.ownKeys lists own properties [0.45ms]
(pass) Reflect.apply calls with an argument array [0.39ms]
(pass) Reflect.construct builds an instance [0.42ms]
(pass) Reflect.defineProperty reports failure instead of throwing [1.16ms]
(pass) Reflect.getPrototypeOf matches Object.getPrototypeOf [12.59ms]
(pass) Reflect.preventExtensions reports success [0.54ms]
(pass) an object property may be named get [0.41ms]
(pass) an object method may be named set [0.77ms]

tests/generators-delegation.test.js:
(pass) yield* delegates to an array [0.66ms]
(pass) yield* delegates to another generator [0.59ms]
(pass) yield* evaluates to the delegate's return value [0.54ms]
(pass) yield* delegates to a string [0.41ms]
(pass) yield* forwards values sent with next(v) [0.66ms]
(pass) closing the outer generator closes the delegate [12.83ms]
(pass) nested delegation composes [0.85ms]
(pass) a generator can be spread [0.54ms]
(pass) spreading an infinite generator is bounded, not a hang [6744.44ms]

tests/lexer.test.js:
(pass) tokenizes integers [0.43ms]
(pass) tokenizes floats [0.05ms]
(pass) tokenizes numeric separators [1.29ms]
(pass) tokenizes single-quoted strings [0.07ms]
(pass) tokenizes double-quoted strings [0.02ms]
(pass) tokenizes string escape sequences [1.20ms]
(pass) tokenizes identifiers with $ and _ [0.89ms]
(pass) skips single-line comments [0.38ms]
(pass) skips multi-line comments [0.42ms]
(pass) tokenizes arithmetic operators in expressions [0.05ms]
(pass) tokenizes increment/decrement in expressions [0.05ms]
(pass) tokenizes comparison operators in expressions [0.06ms]
(pass) tokenizes logical operators in expressions [0.03ms]
(pass) tokenizes assignment operators in expressions [0.07ms]
(pass) tokenizes arrow function syntax [0.05ms]
(pass) tokenizes spread in array [0.04ms]
(pass) tokenizes keywords in context [0.07ms]
(pass) handles empty input [0.65ms]
(pass) handles whitespace-only input [0.50ms]

tests/host-module.test.js:
(pass) registerHostModule exposes host functions as module exports [1.96ms]
(pass) registerHostModule returns the globals it created [0.55ms]
(pass) removeModule revokes the module's bridge globals [4.66ms]
(pass) module names that differ only in punctuation get separate namespaces [0.60ms]
(pass) re-registering with fewer exports revokes the dropped bridge global [1.38ms]
(pass) a failed re-registration leaves the previous exports intact [0.72ms]
(pass) exports receive every argument and can return objects [5.38ms]
(pass) a host error thrown by an export is catchable in the guest [0.60ms]
(pass) options.async marks exports the guest can await [27.80ms]
(pass) re-registering a host module replaces the previous exports [0.78ms]
(pass) an empty exports object is rejected [0.63ms]
(pass) non-function exports are rejected [0.49ms]
(pass) export names that are not identifiers are rejected [0.51ms]
(pass) registering a host module does not leak host globals into the guest [0.41ms]
(pass) options.async naming a missing export is rejected [2.59ms]
(pass) a failure after a binding was replaced rolls that binding back [1164.57ms]
(pass) keyword export names are rejected, not compiled into broken source [6.93ms]

tests/proxy.test.js:
(pass) an empty handler is transparent [5.62ms]
(pass) a proxy may wrap another proxy [544.39ms]
(pass) the get trap intercepts reads [0.78ms]
(pass) the get trap receives the target and the key [0.58ms]
(pass) the set trap intercepts writes [0.46ms]
(pass) the has trap answers `in` [0.87ms]
(pass) the deleteProperty trap intercepts delete [0.61ms]
(pass) property traps preserve symbol keys [0.83ms]
(pass) the ownKeys trap answers Object.keys [3.63ms]
(pass) the apply trap intercepts calls [0.54ms]
(pass) a proxied function without an apply trap still calls [0.53ms]
(pass) the construct trap intercepts new [0.67ms]
(pass) a proxied class without a construct trap still constructs [0.46ms]
(pass) typeof reports what the proxy wraps [5.34ms]
(pass) a non-object target is rejected [0.50ms]
(pass) a non-object handler is rejected [0.45ms]
(pass) a proxy serializes as its target [0.39ms]
(pass) Function compiles a body [0.42ms]
(pass) Function works without new [0.38ms]
(pass) one argument may list several parameters [0.35ms]
(pass) a body with no parameters [0.40ms]
(pass) a syntax error in the body throws [4.99ms]

tests/runtime-session.test.js:
(pass) VmSession.registerGlobal publishes and replaces generic metadata [8.50ms]
(pass) VmSession attach and detach clear obsolete globals [1.33ms]
(pass) VmSession rejects malformed and oversized metadata [14.27ms]
(pass) legacy host-function type strings remain accepted [1.15ms]
(pass) legacy host-function metadata accepts descriptive type names [1.25ms]
(pass) registerGlobal stays strict about unknown type names [17.11ms]
(pass) legacy string shapes enforce the same depth limit as structured shapes [9.50ms]
(pass) shape kinds reject fields they do not interpret [1.47ms]
(pass) VmIpc publishes only public ipc metadata and removes the facade on detach [1.59ms]

tests/web-globals.test.js:
(pass) the pure globals are callable [1.70ms]
(pass) encode produces UTF-8 bytes [0.83ms]
(pass) decode reads UTF-8 bytes [13.13ms]
(pass) encode and decode round-trip beyond ASCII [1.12ms]
(pass) decode accepts a buffer [0.40ms]
(pass) a query string parses [0.82ms]
(pass) a missing key is null [0.43ms]
(pass) repeated keys are preserved [6.03ms]
(pass) set replaces and append adds [1.35ms]
(pass) has and delete [1.16ms]
(pass) percent and plus encoding round-trip [1.51ms]
(pass) an array of pairs seeds the params [1.04ms]
(pass) an object seeds the params [0.53ms]
(pass) params iterate [20.46ms]
(pass) forEach visits each pair [0.65ms]
(pass) a clone is deep [0.49ms]
(pass) cycles are preserved [0.67ms]
(pass) shared references stay shared [0.47ms]
(pass) dates and typed arrays clone by value [1.31ms]
(pass) a function cannot be cloned [4.52ms]
(pass) primitives pass through [1.47ms]
(pass) network APIs remain unavailable or inert before capabilities are granted [0.52ms]

tests/web-compat.test.js:
(pass) Array search methods honor fromIndex [33.71ms]
(pass) typed array search methods honor fromIndex [5.32ms]
(pass) String search methods honor the position argument [10.04ms]
(pass) String indexOf reports character offsets, like lastIndexOf [0.97ms]
(pass) Map/Set/WeakMap/WeakSet expose .prototype [12.38ms]
(pass) classes can extend Map and Set [5.32ms]
(pass) destructuring accepts computed keys [9.25ms]
(pass) C-style for accepts a pattern head with trailing declarators [1.71ms]
(pass) classes accept computed, string, and numeric member names [9.41ms]
(pass) module bodies hoist function declarations like scripts [0.69ms]
(pass) Proxy accepts globalThis as a target [1.39ms]
(pass) defineProperty may narrow writable on a non-configurable property [38.16ms]
(pass) object destructuring reads through the normal member path [6.97ms]
(pass) loose equality with same-type operands matches strict equality [3.32ms]
(pass) falling off the end of a function returns undefined [10.23ms]
(pass) Array push/pop are generic over non-array receivers [16.38ms]

tests/collections.test.js:
(pass) typeof Map and Set are functions [0.97ms]
(pass) a map stores and reads [0.52ms]
(pass) a map is seeded from entries [0.47ms]
(pass) size tracks mutation [0.54ms]
(pass) has reports membership [0.45ms]
(pass) get on a missing key is undefined [8.64ms]
(pass) set is chainable [1.02ms]
(pass) an object key matches by identity [0.57ms]
(pass) distinct objects are distinct keys [0.51ms]
(pass) re-setting a key keeps its position [0.59ms]
(pass) clear empties the map [0.42ms]
(pass) keys, values and entries iterate [8.08ms]
(pass) a map iterates as entries [24.68ms]
(pass) forEach receives value, key and the map [0.53ms]
(pass) map internals are not own properties [0.42ms]
(pass) a map has no JSON representation of its entries [0.42ms]
(pass) collection String tags match Node and Bun [428.75ms]
(pass) a set deduplicates [0.88ms]
(pass) a set spreads to its values [0.52ms]
(pass) add is chainable and idempotent [0.60ms]
(pass) NaN is its own match [0.45ms]
(pass) a set is seeded from a string [0.39ms]
(pass) delete reports whether it removed anything [0.42ms]
(pass) set entries pair each value with itself [0.78ms]
(pass) forEach sums a set [0.49ms]
(pass) a weak map stores by identity [0.37ms]
(pass) a weak set holds membership [12.79ms]
(pass) a weak collection has no size [0.61ms]
(pass) for...of destructures an array pattern [0.59ms]
(pass) for...of destructures an object pattern [0.82ms]

tests/syntax-errors.test.js:
(pass) a malformed statement is a SyntaxError with a position [0.71ms]
(pass) a partial program is not executed [0.41ms]
(pass) an unknown character is reported rather than skipped [0.45ms]
(pass) a missing closing paren in an if head is rejected [0.48ms]
(pass) errors report the first problem, not a cascade [0.36ms]
(pass) unclosed parameter list reports end of input instead of hanging [13.37ms]
(pass) unclosed array reports end of input instead of hanging [0.31ms]
(pass) unclosed block reports end of input instead of hanging [0.29ms]
(pass) unclosed call reports end of input instead of hanging [0.24ms]
(pass) unclosed object reports end of input instead of hanging [0.37ms]
(pass) valid syntax is unaffected [23.28ms]

tests/builtin-constructors.test.js:
(pass) String coerces to a string [1.65ms]
(pass) typeof String is function [0.43ms]
(pass) String still carries its statics [0.41ms]
(pass) Number coerces to a number [13.28ms]
(pass) Boolean coerces to a boolean [0.98ms]
(pass) Number constants [1.57ms]
(pass) Object() wraps a nullish value [1.00ms]
(pass) Object() boxes primitives and preserves their value [10.19ms]
(pass) Array.of collects its arguments [0.44ms]
(pass) Array.from copies an array [0.42ms]
(pass) Array.from maps as it copies [0.42ms]
(pass) Array.from reads an array-like [0.42ms]
(pass) Array.from iterates a string [7.58ms]
(pass) Array.from drains a generator [1.47ms]
(pass) Array(n) allocates n slots [0.46ms]
(pass) Array with several arguments collects them [0.39ms]
(pass) an array carries named properties [0.60ms]
(pass) assigning length truncates [0.45ms]
(pass) a tag receives the chunks and the values [0.65ms]
(pass) a tag receives the raw chunks [8.77ms]
(pass) a tag receives the cooked chunks [0.59ms]
(pass) String.raw leaves escapes alone [0.45ms]
(pass) String.raw interleaves substitutions [0.40ms]
(pass) a method can be a tag [0.47ms]

tests/vm-validation.test.js:
(pass) optional chaining accepts keyword property names [0.68ms]
(pass) object literals accept reserved words as property names [0.41ms]
(pass) contextual words can be function and variable names [0.45ms]
(pass) Object.prototype.hasOwnProperty.call is available [0.42ms]
(pass) validateModule accepts module syntax without resolving imports [0.50ms]
(pass) validateModule parses source without executing it [0.37ms]
(pass) validateModule returns a positioned syntax diagnostic [0.45ms]
(pass) validateModule classifies excessive nesting as a parse limit [12.99ms]

tests/error-handling.test.js:
(pass) try/catch basic [0.89ms]
(pass) try/catch with number throw [0.45ms]
(pass) try/catch with string throw [0.56ms]
(pass) try without throw executes normally [10.79ms]
(pass) catch variable scoped [0.67ms]
(pass) nested try/catch [0.46ms]
(pass) try/catch does not catch non-throw errors silently [0.67ms]
(pass) throw stops execution in try block [0.46ms]
(pass) try/catch/finally - finally runs after try [0.39ms]
(pass) try/catch/finally - finally runs after catch [0.52ms]
(pass) error in function caught by caller [0.56ms]
(pass) error propagates through call stack [0.61ms]
(pass) throw with expression [0.39ms]
(pass) conditional throw [25.26ms]
(pass) try/catch returns value from try [0.62ms]
(pass) try/catch returns value from catch [0.60ms]
(pass) multiple statements in catch [0.43ms]
(pass) undefined variable access throws (not caught by try/catch) [0.60ms]
(pass) calling non-function throws (not caught by try/catch) [0.45ms]

tests/array-methods.test.js:
(pass) at supports negative indices [1.91ms]
(pass) findIndex reports the position [0.88ms]
(pass) findLast and findLastIndex search from the end [9.05ms]
(pass) lastIndexOf searches from the end [0.75ms]
(pass) shift and unshift work at the front [1.80ms]
(pass) fill writes a range [17.76ms]
(pass) keys, values and entries iterate [1.36ms]
(pass) gen.throw raises at the suspension point [0.64ms]
(pass) an uncaught gen.throw propagates to the caller [4.99ms]
(pass) gen.return finishes the generator [1.12ms]
(pass) gen.return runs a finally block [0.51ms]
(pass) a returned generator is exhausted [1.11ms]

tests/variables.test.js:
(pass) const declaration [1.27ms]
(pass) let declaration [0.66ms]
(pass) var declaration [0.69ms]
(pass) uninitialized declaration [0.68ms]
(pass) multiple declarations [8.60ms]
(pass) reassignment [0.82ms]
(pass) compound assignment += [0.85ms]
(pass) compound assignment -= [0.44ms]
(pass) compound assignment *= [0.37ms]
(pass) compound assignment /= [0.34ms]
(pass) chained compound assignment [0.38ms]
(pass) assignment expression returns value [24.93ms]
(pass) a declaration produces no completion value [1.05ms]
(pass) variable shadowing in functions [0.78ms]
(pass) global variable accessible in functions [0.58ms]
(pass) assignment to global from function [0.37ms]

tests/functions.test.js:
(pass) function declaration and call [0.94ms]
(pass) function with no params [0.37ms]
(pass) function with no return [0.33ms]
(pass) function with early return [1.04ms]
(pass) arrow function expression body [11.07ms]
(pass) arrow function block body [0.58ms]
(pass) arrow function no params [0.37ms]
(pass) arrow function single param with parens [0.39ms]
(pass) function expression [0.75ms]
(pass) higher-order functions [0.37ms]
(pass) functions as return values [4.86ms]
(pass) closures capture variables [0.99ms]
(pass) closure over loop variable [0.41ms]
(pass) recursion: factorial [13.88ms]
(pass) recursion: fibonacci [1.42ms]
(pass) mutual recursion [0.88ms]
(pass) nested function declarations [8.66ms]
(pass) function calling another function [0.83ms]
(pass) function with default-like behavior via || [0.83ms]
(pass) variadic-like via arguments count [0.36ms]
(pass) missing arguments are undefined [0.36ms]
(pass) extra arguments ignored [0.34ms]
(pass) function name in typeof [0.93ms]
(pass) new with function returns object [9.10ms]
(pass) IIFE pattern [0.40ms]

tests/control-flow.test.js:
(pass) if true branch [0.53ms]
(pass) if false branch [24.99ms]
(pass) if/else [0.82ms]
(pass) if/else if/else chain [1.62ms]
(pass) nested if [0.53ms]
(pass) while loop [0.74ms]
(pass) while loop with condition-based exit [0.41ms]
(pass) for loop basic [0.40ms]
(pass) for loop with var [0.34ms]
(pass) for loop with expression init [0.32ms]
(pass) for loop countdown [0.49ms]
(pass) for loop with no init [0.41ms]
(pass) for loop with no update [0.53ms]
(pass) nested for loops [0.38ms]
(pass) for...of array [0.58ms]
(pass) for...of builds string [12.95ms]
(pass) for...in object keys [0.44ms]
(pass) for...in array indices [0.42ms]
(pass) switch statement [1.55ms]
(pass) switch fallthrough [0.43ms]
(pass) switch with break [11.14ms]
(pass) switch default only [0.84ms]
(pass) break in switch works [0.46ms]
(pass) for loop exits via condition [0.39ms]
(pass) ternary operator [1.45ms]
(pass) nested ternary [6.79ms]
(pass) ternary with expressions [0.41ms]
(pass) block statement [6.93ms]
(pass) empty statement [1.09ms]
(pass) multiple statements return last [2.59ms]

tests/destructuring.test.js:
(pass) array and object declarations bind [1.07ms]
(pass) declarations take defaults [0.71ms]
(pass) declarations nest [0.43ms]
(pass) a rest element collects the tail [0.78ms]
(pass) array destructuring assignment swaps [11.84ms]
(pass) object destructuring assignment needs parentheses [1.08ms]
(pass) an assignment reaches an outer binding [0.39ms]
(pass) a property can be a target [1.42ms]
(pass) an assignment takes defaults [0.37ms]
(pass) a missing property assigns undefined [0.40ms]
(pass) a rest element works in an assignment [0.59ms]
(pass) an object parameter destructures [16.82ms]
(pass) an array parameter destructures [0.45ms]
(pass) a destructured parameter takes a whole-parameter default [1.06ms]
(pass) several destructured parameters [0.60ms]
(pass) a destructured parameter mixes with a plain one [0.39ms]
(pass) destructured parameters nest [0.35ms]
(pass) an arrow takes a destructured parameter [6.15ms]

tests/language-features.test.js:
(pass) IEEE-754 double precision addition [0.55ms]
(pass) positive division by zero yields Infinity [0.36ms]
(pass) negative division by zero yields -Infinity [0.31ms]
(pass) zero divided by zero yields NaN [0.34ms]
(pass) very large integer literal round-trips [0.35ms]
(pass) the Infinity constant prints as Infinity [0.31ms]
(pass) NaN constant is a number [0.35ms]
(pass) newline escape [6.16ms]
(pass) tab escape [0.41ms]
(pass) backslash escape [3.88ms]
(pass) quote escapes [0.76ms]
(pass) null escape [0.46ms]
(pass) typeof array is object [0.39ms]
(pass) typeof object is object [5.13ms]
(pass) typeof arrow function is function [0.77ms]
(pass) typeof function declaration is function [0.40ms]
(pass) typeof typeof number is string [0.32ms]
(pass) NaN is not equal to itself (strict) [0.35ms]
(pass) NaN is not equal to itself (loose) [0.29ms]
(pass) null loosely equals undefined [0.29ms]
(pass) null does not strictly equal undefined [0.33ms]
(pass) null strictly equals null [18.19ms]
(pass) undefined strictly equals undefined [0.45ms]
(pass) number + number + string concatenates left to right [0.43ms]
(pass) string first forces concatenation [0.38ms]
(pass) array to string joins with commas [0.40ms]
(pass) object to string is [object Object] [0.53ms]
(pass) boolean true stringifies in concat [0.40ms]
(pass) postfix decrement returns old value [0.36ms]
(pass) prefix decrement returns new value [0.66ms]
(pass) double negation of boolean [0.36ms]
(pass) switch with no matching case yields empty result [0.33ms]
(pass) nested for loops count correctly [0.37ms]
(pass) for...in iterates all keys in order [0.35ms]
(pass) for...of sums array values [0.33ms]
(pass) block can mutate outer variable [0.36ms]
(pass) chained comparison via && [13.12ms]
(pass) bare return yields undefined [0.44ms]
(pass) statements after return are unreachable [0.41ms]
(pass) arrow returning object literal in parens [0.47ms]
(pass) function composition [0.43ms]
(pass) three-argument function [0.36ms]
(pass) identity function [0.34ms]
(pass) function expression assigned and called [0.35ms]
(pass) closure accumulator retains state [5.91ms]
(pass) two closures have independent state [0.43ms]
(pass) deeply nested object access [0.28ms]
(pass) nested array indexing [0.30ms]
(pass) object property arithmetic [0.27ms]
(pass) program: FizzBuzz (1-15) [0.30ms]
(pass) program: greatest common divisor [0.40ms]
(pass) program: iterative factorial [0.31ms]
(pass) program: primality test [16.70ms]
(pass) program: collatz steps [0.44ms]
(pass) program: max of array via for...of [0.38ms]
(pass) program: sum of nested array (grid) [0.45ms]
(pass) program: countdown string [0.46ms]
(pass) program: csv builder with separator logic [0.41ms]

tests/edge-cases.test.js:
(pass) class declaration [0.57ms]
(pass) class with constructor [0.54ms]
(pass) class with methods [0.53ms]
(pass) class with static method [0.37ms]
(pass) class with fields [10.50ms]
(pass) class extends [0.46ms]
(pass) deeply nested expressions [0.75ms]
(pass) deeply nested function calls [0.47ms]
(pass) deeply nested member access [8.44ms]
(pass) empty array [0.41ms]
(pass) empty object [0.34ms]
(pass) array with undefined holes [0.58ms]
(pass) string with special chars [0.65ms]
(pass) number edge cases [0.60ms]
(pass) boolean coercion in if [15.86ms]
(pass) boolean coercion in while [0.35ms]
(pass) boolean coercion in ternary [5.18ms]
(pass) string comparison via == [0.66ms]
(pass) object equality is by reference (always false) [0.35ms]
(pass) array equality is by reference (always false) [0.33ms]
(pass) function toString representation [0.32ms]
(pass) native function toString representation [0.24ms]
(pass) number formatting: integers [0.85ms]
(pass) number formatting: floats [6.85ms]
(pass) negative numbers [1.21ms]
(pass) chained member and call [0.57ms]
(pass) computed property with expression [0.55ms]
(pass) assignment in expression [0.40ms]
(pass) multiple assignment [0.37ms]
(pass) complex program: sum of squares [0.47ms]
(pass) complex program: isPrime [0.92ms]
(pass) complex program: map-like pattern [0.46ms]
(pass) complex program: accumulator pattern [0.48ms]
(pass) complex program: string builder [26.13ms]
(pass) complex program: nested data access [0.49ms]
(pass) program with all control flow [0.54ms]

tests/crash-safety.test.js:
(pass) unbounded recursion throws a catchable RangeError [0.92ms]
(pass) unbounded mutual recursion throws a catchable RangeError [0.58ms]
(pass) recursion limit still allows deep-but-bounded recursion [0.54ms]
(pass) deeply nested source is a parse error, not a crash [6.78ms]
(pass) returning a cyclic object prints [Circular] instead of crashing [0.38ms]
(pass) returning a cyclic array prints [Circular] instead of crashing [0.35ms]
[Circular]
(pass) console.log of a cyclic array does not crash [0.32ms]
(pass) JSON.stringify of a cyclic structure throws a catchable TypeError [0.29ms]
(pass) JSON.stringify of a very deep structure throws a catchable RangeError [7.99ms]
(pass) JSON.parse of a very deep document throws a catchable RangeError [0.74ms]
(pass) infinite loop hits the loop budget and throws [389.16ms]
(pass) loop budget refills on the next run [239.64ms]
(pass) array growth past the cap throws a catchable RangeError [727.48ms]
(pass) indexed array assignment enforces the hard cap [5.30ms]
(pass) sparse object destructuring does not materialize a huge array [0.45ms]
(pass) JSON.parse enforces array and object caps [248.01ms]
(pass) ordinary String.replace enforces the string cap [315.59ms]
(pass) Array.join enforces the string cap before building its result [1171.12ms]
(pass) Number.toFixed rejects unbounded precision [0.88ms]
(pass) Object.assign enforces the object property cap [123.93ms]
(pass) deep Array.prototype.flat is iterative and bounded [331.52ms]
(pass) Array.sort does not hold a RefCell borrow across a comparator [0.72ms]
(pass) Array.sort propagates comparator errors [0.90ms]
(pass) deep prototype lookup is bounded without native recursion [9.35ms]
(pass) string doubling past the cap throws a catchable RangeError [851.31ms]
(pass) return formatting cannot amplify a shared graph past the string cap [740.65ms]
(pass) Interpreter-style string coercion is bounded for shared arrays [1407.83ms]
(pass) for-of over a maximum-sized string is lazy and Unicode-safe [536.76ms]
(pass) dynamic global creation is bounded through all global aliases [3612.79ms]
(pass) updating an existing global does not consume binding quota [334.68ms]
(pass) deeply nested value builds fine and teardown does not crash [2647.52ms]
(pass) recursive yield* is a catchable error, not fatal [4.98ms]
(pass) callFunction into unbounded recursion throws a catchable JS error [5.84ms]

tests/npm-loader.test.js:
(pass) package loader resolves conditional exports and registers guest ESM without host execution [12.90ms]
(pass) compiler mode none keeps JavaScript unchanged and reports unsupported source [1640.60ms]
(pass) auto compiler fallback is followed by napi-vm validation [16.35ms]
(pass) SWC output that the VM cannot parse is rejected as a transform failure [1.48ms]
(pass) CommonJS package source is rejected instead of interpreted as guest ESM [9.60ms]
(pass) module graph scanner ignores comments and string literals [0.46ms]
(pass) module graph scanner rejects computed dynamic imports and CommonJS patterns [0.07ms]

tests/regexp.test.js:
(pass) a regex literal tests a subject [13.40ms]
(pass) source and flags are readable [1.33ms]
(pass) flag properties [2.03ms]
(pass) typeof RegExp is function [27.99ms]
(pass) the constructor compiles a pattern [0.56ms]
(pass) the constructor copies a regex [0.45ms]
(pass) an invalid pattern throws [7.82ms]
(pass) division is still division [0.72ms]
(pass) exec returns the match and its groups [0.49ms]
(pass) exec reports the match index [0.40ms]
(pass) an unmatched optional group is undefined [0.41ms]
(pass) exec returns null when nothing matches [0.41ms]
(pass) a global regex advances lastIndex [0.37ms]
(pass) a global exec loop walks every match [7.19ms]
(pass) lastIndex is writable [0.69ms]
(pass) named groups are exposed [0.50ms]
(pass) a named backreference [0.46ms]
(pass) character classes [0.82ms]
(pass) shorthand classes [1.36ms]
(pass) anchors and word boundaries [0.85ms]
(pass) bounded quantifiers [21.50ms]
(pass) lazy quantifiers stop early [0.43ms]
(pass) greedy quantifiers take as much as they can [0.42ms]
(pass) alternation is leftmost-first [0.39ms]
(pass) dotAll lets . cross a newline [0.94ms]
(pass) multiline anchors match at line breaks [0.81ms]
(pass) case-insensitive matching [16.56ms]
(pass) lookahead [0.99ms]
(pass) lookbehind [0.79ms]
(pass) backreferences [0.74ms]
(pass) non-capturing groups do not capture [0.38ms]
(pass) a sticky regex must match at lastIndex [7.04ms]
(pass) catastrophic backtracking is bounded, not hung [69.10ms]
(pass) match with a global pattern lists the matches [12.80ms]
(pass) match returns null when nothing matches [0.52ms]
(pass) matchAll yields full results [0.66ms]
(pass) matchAll requires a global pattern [0.52ms]
(pass) search reports the index [0.78ms]
(pass) replace with a global pattern replaces everything [0.38ms]
(pass) replace without the global flag replaces once [0.36ms]
(pass) replace with a function receives the match [12.89ms]
(pass) replacement patterns reorder groups [0.62ms]
(pass) $& inserts the whole match [0.41ms]
(pass) $$ inserts a literal dollar [0.43ms]
(pass) a literal needle with a function replacement [0.98ms]
(pass) split on a pattern [0.52ms]
(pass) split keeps the separator's capture groups [0.42ms]
(pass) split on an empty string yields characters [15.42ms]
(pass) replaceAll on a literal still works [0.48ms]
(pass) replace on a literal is not treated as a pattern [0.56ms]

tests/builtins.test.js:
(pass) Math.PI [0.61ms]
(pass) Math.E [0.40ms]
(pass) Math constants [2.43ms]
(pass) console exists as object [4.76ms]
(pass) console has log member [0.45ms]
(pass) JSON exists [0.42ms]
(pass) JSON has parse and stringify [0.34ms]
(pass) Object exists with members [0.42ms]
(pass) Array exists with members [0.36ms]
(pass) Promise exists with members [0.40ms]
(pass) Date exists with members [0.30ms]
(pass) Number exists with members [0.35ms]
(pass) String exists with members [0.27ms]
(pass) Symbol exists with iterator [6.50ms]
(pass) Reflect exists with members [0.59ms]
(pass) Intl exists with members [0.32ms]
(pass) process exists with members [0.39ms]
(pass) Buffer exists with members [0.48ms]
(pass) crypto exists with members [0.51ms]
(pass) navigator exists with members [0.40ms]
(pass) performance exists with members [0.28ms]
(pass) location exists with members [0.37ms]
(pass) localStorage exists with members [0.40ms]
(pass) URL exists with members [0.28ms]
(pass) WebSocket exists with members [0.48ms]
(pass) Response exists with members [0.32ms]
(pass) ArrayBuffer exists with isView [0.25ms]
(pass) BigInt exists with members [0.32ms]
(pass) module.exports exists [7.37ms]
(pass) history exists with members [0.56ms]
(pass) screen exists with members [0.39ms]

tests/bridge-values.test.js:
(pass) a Date crosses as a Date [0.95ms]
(pass) a BigInt crosses with full precision [1.20ms]
(pass) a symbol crosses as a symbol [4.47ms]
(pass) a typed array crosses as the same view type [0.90ms]
(pass) an ArrayBuffer crosses with its bytes [0.38ms]
(pass) a Map crosses as a Map [0.42ms]
(pass) a Set crosses as a Set [0.30ms]
(pass) a settled promise crosses as a settled promise [0.37ms]
(pass) a rejected promise crosses as a rejection [0.64ms]
(pass) an async function's result crosses settled [0.60ms]
(pass) a cyclic object crosses intact [15.20ms]
(pass) a shared reference stays shared [0.43ms]
(pass) a proxy crosses as its target [0.38ms]
(pass) a regular expression crosses as its source and flags [0.40ms]
(pass) internal slots do not cross [0.41ms]
(pass) non-enumerable properties do not cross [0.62ms]
(pass) a Date round-trips [0.55ms]
(pass) a BigInt round-trips [0.77ms]
(pass) a typed array round-trips [0.97ms]
(pass) the VM sees a host BigInt as a bigint [0.38ms]
(pass) the VM computes with a host BigInt [6.36ms]
(pass) the VM reads a host Date [0.51ms]
(pass) the VM indexes a host typed array [0.34ms]
(pass) the VM reads a host ArrayBuffer [0.37ms]
(pass) a host symbol arrives as a symbol [0.34ms]
(pass) a VM function crosses as a callable [3.17ms]
(pass) an exported function keeps its closure [0.39ms]
(pass) an exported function takes arguments [0.36ms]
(pass) a function on an exported object is callable [4.47ms]
(pass) an exported function can return another [0.44ms]
(pass) a throw inside an exported function reaches the host [0.40ms]
(pass) an internal error reaches the host too [0.42ms]
(pass) calling an exported function re-entrantly is refused, not corrupting [0.61ms]
(pass) an exported function outlives the VM binding that produced it [0.29ms]

tests/class-features.test.js:
(pass) an anonymous class expression [0.60ms]
(pass) a named class expression binds its name inside the body [0.72ms]
(pass) a class expression's name does not leak [0.57ms]
(pass) a class expression can extend [6.10ms]
(pass) a class expression is usable inline [0.47ms]
(pass) a private field is readable from inside [0.58ms]
(pass) a private field is not an own enumerable property [0.43ms]
(pass) a private field is invisible to JSON [0.53ms]
(pass) a private method is callable from inside [0.42ms]
(pass) a private static member [0.39ms]
(pass) a private field can be written [0.43ms]
(pass) a static block runs against the class [6.37ms]
(pass) a static block sees this as the class [0.50ms]
(pass) static blocks run in order [0.41ms]
(pass) a static can be assigned after the class is declared [0.41ms]
(pass) an async class method returns a promise [8.76ms]
(pass) a generator class method yields [0.69ms]
(pass) an async generator class method [0.61ms]
(pass) a static async method [0.45ms]

tests/modules.test.js:
(pass) import.meta.url [0.43ms]
(pass) import.meta.main defaults to false [0.33ms]
(pass) setImportMetaMain changes import.meta.main [0.55ms]
(pass) import.meta as expression [0.28ms]
(pass) import.meta.main in conditional [0.31ms]
(pass) register_module does not throw [0.38ms]
(pass) register_module with exports [0.35ms]
(pass) register_module with default export [0.34ms]
(pass) import from unregistered module throws [0.37ms]
(pass) module state persists across runs [0.28ms]
(pass) module state: functions persist [0.33ms]
(pass) module state: variables mutable across runs [0.37ms]

tests/ecma-gaps.test.js:
(pass) bitwise AND & [0.97ms]
(pass) bitwise OR | [0.47ms]
(pass) bitwise XOR ^ [0.43ms]
(pass) bitwise NOT ~ [0.38ms]
(pass) left shift << [0.39ms]
(pass) signed right shift >> [0.68ms]
(pass) unsigned right shift >>> [0.49ms]
(pass) exponentiation operator ** [0.40ms]
(pass) nullish coalescing ?? [0.45ms]
(pass) optional chaining ?. [0.37ms]
(pass) template literal basic [0.39ms]
(pass) template literal interpolation [13.57ms]
(pass) member assignment obj.prop = value [0.52ms]
(pass) compound assignment %= [0.41ms]
(pass) chained assignment a = b = 5 [0.43ms]
(pass) multiple variable declaration let a, b [0.38ms]
(pass) array destructuring [0.37ms]
(pass) object destructuring [0.47ms]
(pass) spread in array literal flattens [7.82ms]
(pass) spread in function call [4.61ms]
(pass) object spread [1.34ms]
(pass) arrow function single param without parens [0.87ms]
(pass) arrow function multiple params [0.45ms]
(pass) default parameters [0.42ms]
(pass) rest parameters [9.47ms]
(pass) arguments object [0.55ms]
(pass) do...while loop [0.45ms]
(pass) break inside a loop [0.45ms]
(pass) continue inside a loop [0.45ms]
(pass) labeled break [5.37ms]
(pass) braceless if statement [0.61ms]
(pass) for...of over a string [0.50ms]
(pass) comma operator / multi-init for loop [0.46ms]
(pass) finally runs after catch [0.40ms]
(pass) try/catch catches runtime (non-throw) errors [0.44ms]
(pass) typeof undeclared variable is 'undefined' (no throw) [0.39ms]
(pass) object property shorthand { x } [0.57ms]
(pass) object computed property key [4.95ms]
(pass) object method shorthand [0.48ms]
(pass) object getter [0.44ms]
(pass) class constructor with this [0.45ms]
(pass) class instance method [0.39ms]
(pass) class field [0.42ms]
(pass) class static method [0.39ms]
(pass) class inheritance [0.45ms]
(pass) super call in derived constructor [4.64ms]
(pass) instanceof [0.67ms]
(pass) function constructor assigns via this [0.44ms]
(pass) Array.prototype.map [0.70ms]
(pass) Array.prototype.filter [0.52ms]
(pass) Array.prototype.reduce [0.45ms]
(pass) Array.prototype.push mutates [0.41ms]
(pass) Array.prototype.join [4.68ms]
(pass) Array.isArray [0.54ms]
(pass) Array.isArray follows nested proxies [0.51ms]
(pass) string index access [0.43ms]
(pass) String.prototype.toUpperCase [0.39ms]
(pass) String.prototype.slice [0.36ms]
(pass) String.prototype.split [0.44ms]
(pass) String.prototype.includes [0.36ms]
(pass) Math.abs [0.38ms]
(pass) Math.floor [4.49ms]
(pass) Math.sqrt [0.50ms]
(pass) Math.max variadic [0.43ms]
(pass) Number.prototype.toFixed [0.37ms]
(pass) scientific notation literal [0.42ms]
(pass) parseInt [0.36ms]
(pass) parseFloat [0.38ms]
(pass) global isNaN [0.36ms]
(pass) Number.isNaN [0.39ms]
(pass) JSON.stringify [0.40ms]
(pass) JSON.parse [17.55ms]
(pass) Object.keys [0.50ms]
(pass) Object.assign [0.50ms]
(pass) boolean coerces to number in arithmetic [0.42ms]
(pass) loose equality coerces number/string [0.37ms]
(pass) loose equality coerces boolean [0.34ms]
(pass) async function returns a promise [2.67ms]
(pass) promise instances support then chaining [0.65ms]
(pass) promise catch and finally are eager and chainable [0.99ms]
(pass) generator function [4.53ms]
(pass) Array.prototype.sort default is lexicographic [1.31ms]
(pass) Array.prototype.sort with comparator [0.51ms]
(pass) Array.prototype.flat default depth 1 [0.48ms]
(pass) Array.prototype.flat with depth [0.40ms]
(pass) Array.prototype.flatMap maps then flattens [0.55ms]
(pass) Array.prototype.reduceRight [4.63ms]
(pass) Date.UTC at the epoch [0.49ms]
(pass) Date.UTC with a time component [0.50ms]
(pass) Date.parse ISO string at the epoch [0.51ms]
(pass) Date.parse with fractional seconds [0.84ms]
(pass) Date.parse applies a timezone offset [0.42ms]
(pass) Date.now returns a number [0.36ms]
hello
(pass) console.log is callable and returns undefined [0.39ms]
boom
(pass) console.error is callable [4.59ms]
(pass) new Error carries a message [3.83ms]
(pass) new Error carries a name [0.55ms]
(pass) TypeError has its own name [0.40ms]
(pass) Error with no argument has an empty message [0.41ms]
(pass) typeof new Error is object [0.37ms]
(pass) throw/catch preserves the Error object [0.61ms]
(pass) caught Error name survives the throw [0.55ms]
(pass) await unwraps a fulfilled promise [0.48ms]
(pass) await on a non-promise returns the value [4.55ms]
(pass) await rethrows a rejected promise [0.50ms]
(pass) Promise.resolve [0.39ms]
(pass) Promise.all resolves to an array [0.71ms]
(pass) Promise.all rejects on first rejection [0.46ms]
(pass) Promise.race returns the first settled [0.44ms]
(pass) generator next yields the first value [0.57ms]
(pass) generator next advances through values [0.51ms]
(pass) generator reports done once exhausted [9.08ms]
(pass) for...of drives a generator [0.67ms]
(pass) generator receives parameters [0.54ms]
(pass) infinite generator does not hang (true suspension) [7.24ms]
(pass) generator next(val) sends a value into the yield expression [0.57ms]
(pass) generator with yield in a conditional [0.44ms]
(pass) generator return value is accessible via done result [0.59ms]
(pass) generator is its own iterator (Symbol.iterator) [0.44ms]
(pass) typeof Symbol is function [0.40ms]
(pass) typeof Symbol() is symbol [29.71ms]
(pass) Symbol.iterator is a symbol [0.48ms]
(pass) Symbol.for returns a symbol [0.44ms]
(pass) Symbol.keyFor retrieves the registry key [0.65ms]
(pass) well-known symbols exist [1.19ms]
(pass) for...of over an object with [Symbol.iterator] [0.58ms]
(pass) array [Symbol.iterator] returns a working iterator [0.48ms]
(pass) string [Symbol.iterator] iterates characters [0.85ms]
(pass) named export reaches an importer [0.42ms]
(pass) exported function declaration reaches an importer [1.16ms]
(pass) default export reaches an importer [29.03ms]
(pass) namespace import collects exports [0.50ms]

tests/bridge.test.js:
(pass) setGlobal exposes a number as a bare global [0.42ms]
(pass) setGlobal exposes a string [0.54ms]
(pass) setGlobal exposes a boolean and null [0.40ms]
(pass) setGlobal exposes a structured object [0.40ms]
(pass) setGlobal exposes an array usable from the VM [8.59ms]
(pass) exposeFunction: VM calls a Node function with number args [0.55ms]
(pass) exposeFunction: string args and return [0.37ms]
(pass) exposeFunction: Node function receives a VM array [0.70ms]
(pass) exposeFunction: Node function receives a VM object [0.43ms]
(pass) exposeFunction: Node function returns an object to the VM [0.39ms]
(pass) exposeFunction: a thrown JS error is catchable inside the VM [0.48ms]
(pass) exposeFunction rejects a non-function [0.34ms]
(pass) callFunction invokes a VM function and returns a number [0.44ms]
(pass) callFunction returns a structured object [16.49ms]
(pass) callFunction returns an array [0.53ms]
(pass) callFunction returns a string [0.53ms]
(pass) callFunction can call an exposed Node function indirectly [0.52ms]
(pass) callFunction on an undefined name throws [0.50ms]
(pass) the global aliases are objects and all identical [0.47ms]
(pass) setGlobal is reachable via window and globalThis [0.36ms]
(pass) exposeFunction is callable via window [22.51ms]
(pass) guest object keys are own data properties at the N-API boundary [0.63ms]
(pass) runAsync dispatches an ordinary exposed function on Node's main thread [13.80ms]
(pass) runAsync rejects overlapping operations on one VM [22.90ms]
(pass) runAsync owns the VM state until a dropped VM's worker finishes [68.92ms]
(pass) async host arguments are deep-copied before the VM continues [14.51ms]
(pass) host thenables settle only once [17.44ms]
(pass) IPC detach is safe while runAsync still owns the VM [22.96ms]
(pass) writing via window defines a real global [0.46ms]
(pass) top-level declarations are visible on window [0.46ms]

tests/dates.test.js:
(pass) typeof Date is function [0.63ms]
(pass) epoch milliseconds construct a date [4.74ms]
(pass) an ISO string constructs a date [0.59ms]
(pass) components construct a date [0.48ms]
(pass) component accessors [20.61ms]
(pass) the day of the week [0.50ms]
(pass) UTC accessors match the local ones [0.87ms]
(pass) getTime and valueOf agree [1.41ms]
(pass) setTime is observed through every reference [0.51ms]
(pass) a date stringifies as its ISO form [0.48ms]
(pass) a date serializes to JSON as its ISO form [0.80ms]
(pass) an invalid date reports itself [0.47ms]
(pass) dates before the epoch work [0.45ms]
(pass) Date.now is a number [8.61ms]
(pass) Date without new is a string [0.57ms]
(pass) a date copies another date [0.43ms]

tests/vm.test.js:
(pass) basic arithmetic [2.27ms]
(pass) variables [1.14ms]
(pass) functions [7.42ms]
(pass) objects [1.80ms]
(pass) arrays [2.44ms]
(pass) loops [1.04ms]
(pass) closures [7.61ms]
(pass) recursion [1.13ms]
(pass) import.meta [0.43ms]
(pass) try/catch [0.83ms]
(pass) ternary [7.50ms]
(pass) prefix/postfix [2.97ms]
(pass) compound assignment [1.31ms]
(pass) nested functions [0.46ms]
(pass) builtins [3.07ms]
(pass) web APIs exist [0.87ms]
(pass) comparison operators [3.01ms]
(pass) logical operators [4.62ms]
(pass) string operations [1.10ms]
(pass) sandboxed - no host access [0.74ms]

tests/arithmetic.test.js:
(pass) addition [1.63ms]
(pass) subtraction [0.86ms]
(pass) multiplication [23.59ms]
(pass) division [1.79ms]
(pass) modulo [1.76ms]
(pass) operator precedence: mul before add [5.10ms]
(pass) operator precedence: parentheses override [1.14ms]
(pass) nested parentheses [7.80ms]
(pass) unary minus [1.21ms]
(pass) unary plus [5.08ms]
(pass) floating point arithmetic [5.87ms]
(pass) large numbers [0.83ms]
(pass) division by zero produces Infinity [3.26ms]
(pass) NaN propagation [0.52ms]
(pass) complex expressions [0.83ms]

tests/operators.test.js:
(pass) strict equality === [2.59ms]
(pass) strict inequality !== [1.22ms]
(pass) strict equality type mismatch [1.58ms]
(pass) loose equality == [26.57ms]
(pass) loose equality null/undefined [1.06ms]
(pass) loose inequality != [5.00ms]
(pass) less than < [1.23ms]
(pass) greater than > [1.61ms]
(pass) less than or equal <= [5.54ms]
(pass) greater than or equal >= [1.27ms]
(pass) logical AND && [1.40ms]
(pass) logical OR || [5.91ms]
(pass) logical NOT ! [1.68ms]
(pass) logical AND short-circuit returns value [6.16ms]
(pass) logical OR short-circuit returns value [1.58ms]
(pass) logical operators do not evaluate a short-circuited right operand [1.14ms]
(pass) truthiness [7.10ms]
(pass) prefix increment [0.72ms]
(pass) postfix increment [9.09ms]
(pass) prefix decrement [0.42ms]
(pass) postfix decrement [0.76ms]
(pass) increment in expression [0.83ms]
(pass) in operator [0.87ms]
(pass) instanceof returns false (stub) [4.54ms]
(pass) chained comparisons via && [0.88ms]
(pass) complex logical expressions [1.40ms]

tests/vm-instance.test.js:
(pass) createVm returns VM instance [0.78ms]
(pass) new Vm() creates instance [0.65ms]
(pass) vm.run returns string [0.60ms]
(pass) vm.run preserves state [1.54ms]
(pass) vm.run handles errors gracefully [5.10ms]
(pass) vm.getGlobal returns defined variable [0.71ms]
(pass) vm.getGlobal returns undefined for missing [0.47ms]
(pass) vm.getGlobal returns string values [0.54ms]
(pass) vm.getGlobal returns object representation [0.71ms]
(pass) vm.getGlobal returns array representation [0.51ms]
(pass) vm.getGlobal returns function representation [4.72ms]
(pass) runCode standalone function [1.41ms]
(pass) runCode returns last expression [0.36ms]
(pass) runCode throws on runtime error [0.42ms]
(pass) debugParse returns AST string [0.05ms]
(pass) debugParse shows function structure [0.04ms]
(pass) debugParse shows expression structure [0.02ms]
(pass) vm handles complex program [17.93ms]
(pass) vm handles constructor pattern [0.47ms]
(pass) vm handles closures across runs [0.41ms]
(pass) multiple VMs run independently [0.83ms]
(pass) vm handles empty source [0.33ms]
(pass) vm handles comment-only source [0.25ms]
(pass) vm handles multiline programs [0.31ms]

tests/hot-reload.test.js:
(pass) hasModule returns false for unregistered modules [0.39ms]
(pass) registerModule makes hasModule return true [0.33ms]
(pass) removeModule removes a registered module [0.29ms]
(pass) removeModule returns false for unknown module [0.31ms]
(pass) listModules returns all registered module names [0.43ms]
(pass) listModules is empty after removing all modules [0.31ms]
(pass) removed module exports are no longer importable [0.93ms]
(pass) hasModule never disagrees with what import can resolve [0.45ms]
(pass) re-registering a module drops exports the new source removed [0.36ms]
(pass) a module body that throws registers nothing [0.55ms]
(pass) a failed re-registration leaves the previous module intact [0.38ms]
(pass) hasGlobal returns false for unset globals [0.25ms]
(pass) setGlobal makes hasGlobal return true [0.30ms]
(pass) removeGlobal removes a global set via setGlobal [0.27ms]
(pass) removeGlobal removes an exposed host function [0.32ms]
(pass) removeGlobal returns false for unknown global [0.28ms]
(pass) removeGlobal + re-expose avoids stale references (hot-reload pattern) [12.89ms]
(pass) globalThis writes shadow builtins without mutating the builtin frame [0.39ms]
(pass) VmIpc is available while a module is evaluated [1.08ms]
  [OK] ipc loaded
(pass) HotReloader attaches IPC before loading modules [63.70ms]
  [OK] ipc loaded
[hot-reload] change detected: ipc.js
  [OK] ipc loaded
[hot-reload] rebuild complete

475 |     const endpoint = process.platform === "win32"
476 |       ? `\\\\.\\pipe\\napi-vm-${this.id}-${process.pid}-${this.sessionId}`
477 |       : path.join(os.tmpdir(), `napi-vm-${this.id}-${process.pid}-${this.sessionId}.sock`);
478 |     this.address = endpoint;
479 |     this.server = net.createServer((socket) => this.accept(socket));
480 |     this.server.listen(endpoint, () => {
                      ^
error: Failed to listen at /tmp/napi-vm-a007246fb3ff52dbe299-146-b3dd215e-474b-47ca-ad66-8479a2b523bc.sock
      at <anonymous> (node:net:2077:34)
      at listenInCluster (node:net:2192:24)
      at listen (node:net:2066:20)
      at start (/workspace/scratch/461b26a0463e/napi-vm-portable-rebuild/runtime/session.cjs:480:17)
      at start (/workspace/scratch/461b26a0463e/napi-vm-portable-rebuild/examples/lib/hot-reload.ts:76:19)
      at <anonymous> (/workspace/scratch/461b26a0463e/napi-vm-portable-rebuild/tests/hot-reload.test.js:242:28)
(fail) HotReloader republishes IPC metadata for each VM generation [47.28ms]
(pass) full hot-reload cycle: teardown + rebuild leaves no stale state [2.71ms]

tests/data-types.test.js:
(pass) number literals [1.81ms]
(pass) string literals [17.58ms]
(pass) boolean literals [1.13ms]
(pass) null literal [0.42ms]
(pass) undefined literal [0.38ms]
(pass) array literal [9.49ms]
(pass) array access [1.28ms]
(pass) array out of bounds [0.39ms]
(pass) array length [1.10ms]
(pass) nested arrays [27.12ms]
(pass) object literal [1.48ms]
(pass) object computed access [0.89ms]
(pass) object missing property [0.40ms]
(pass) nested objects [0.42ms]
(pass) object with string keys [0.38ms]
(pass) string length [1.11ms]
(pass) string concatenation [17.46ms]
(pass) typeof operator [15.66ms]
(pass) void operator [0.88ms]
(pass) delete operator [0.42ms]
(pass) type coercion in + [1.13ms]
(pass) type coercion in arithmetic [11.42ms]
(pass) NaN from invalid coercion [0.82ms]
(pass) Infinity [0.36ms]
(pass) array in string context [0.42ms]
(pass) object in string context [29.70ms]

tests/symbols.test.js:
(pass) a symbol is strictly equal to itself [0.97ms]
(pass) two symbols with the same description differ [1.64ms]
(pass) typeof a symbol [0.56ms]
(pass) a symbol carries its description [0.49ms]
(pass) a symbol without a description [8.67ms]
(pass) a symbol renders as Symbol(description) [0.50ms]
(pass) String() coerces a symbol [0.40ms]
(pass) Symbol.for returns the same symbol for a key [0.46ms]
(pass) Symbol.for differs from a fresh symbol [0.38ms]
(pass) Symbol.keyFor finds a registered symbol [0.41ms]
(pass) Symbol.keyFor ignores an unregistered symbol [0.54ms]
(pass) Symbol.iterator is one value [0.45ms]
(pass) well-known symbols are distinct from each other [8.86ms]
(pass) a symbol key round-trips [0.60ms]
(pass) same-description symbols key separate slots [0.57ms]
(pass) symbol keys are not string keys [0.43ms]
(pass) symbol keys are skipped by JSON.stringify [0.41ms]
(pass) a computed symbol key in an object literal [0.44ms]
(pass) a custom Symbol.iterator drives spread [0.44ms]

tests/sandbox.test.js:
(pass) no access to real require [0.53ms]
(pass) no access to real process [0.32ms]
(pass) globalThis is sandboxed object [0.27ms]
(pass) window is sandboxed object [0.44ms]
(pass) self is sandboxed object [8.90ms]
(pass) fetch is absent until granted as a capability [0.52ms]
(pass) setTimeout schedules without a clock [0.65ms]
(pass) setInterval is the same scheduler as setTimeout [0.32ms]
(pass) eval is sandboxed object [0.28ms]
(pass) Worker is sandboxed object [0.45ms]
(pass) SharedWorker is sandboxed object [0.29ms]
(pass) no filesystem access [0.28ms]
(pass) GPU APIs are sandboxed objects [0.35ms]
(pass) Web Streams are sandboxed objects [19.79ms]
(pass) ServiceWorker APIs are sandboxed [0.51ms]
(pass) DOM APIs are sandboxed objects [0.39ms]
(pass) TextEncoder/TextDecoder are pure transforms [0.31ms]
(pass) Blob/File/FormData sandboxed [0.40ms]
(pass) vm instances are isolated [1.05ms]
(pass) vm state does not leak between instances [0.62ms]
(pass) runCode is stateless between calls [0.77ms]
(pass) cannot escape sandbox via the Function constructor [18.16ms]
(pass) Proxy intercepts guest objects only [0.57ms]
(pass) structuredClone is a pure deep copy, not host reach [0.49ms]
(pass) queueMicrotask runs on the VM's own queue [0.35ms]
(pass) indexedDB is sandboxed [0.36ms]
(pass) caches is sandboxed [0.36ms]
(pass) sessionStorage is sandboxed [0.29ms]

tests/bigint.test.js:
(pass) typeof a BigInt [0.52ms]
(pass) a BigInt exceeds the safe integer range [1.11ms]
(pass) arithmetic [1.52ms]
(pass) division truncates towards zero [0.81ms]
(pass) remainder takes the dividend's sign [0.75ms]
(pass) division by zero throws [0.53ms]
(pass) bit shifts [0.91ms]
(pass) a right shift floors a negative value [0.43ms]
(pass) bitwise operators use two's complement [3.68ms]
(pass) negation [0.53ms]
(pass) BigInts compare by value [2.66ms]
(pass) loose equality crosses the numeric types [2.33ms]
(pass) strict equality does not [0.46ms]
(pass) relational comparison crosses the numeric types [0.77ms]
(pass) mixed arithmetic is a TypeError [2.21ms]
(pass) unary plus on a BigInt is a TypeError [2.40ms]
(pass) concatenation with a string works [2.99ms]
(pass) String() coerces a BigInt [0.46ms]
(pass) a BigInt is falsy only at zero [0.98ms]
(pass) BigInt converts a number [0.45ms]
(pass) BigInt parses a string, including radix prefixes [5.47ms]
(pass) BigInt refuses a non-integer [0.50ms]
(pass) asIntN wraps to a signed width [0.41ms]
(pass) asUintN wraps to an unsigned width [0.42ms]
(pass) radix-prefixed BigInt literals [1.11ms]
(pass) radix-prefixed number literals [1.78ms]
(pass) numeric separators [0.76ms]

tests/scoping.test.js:
(pass) let is scoped to its block [1.08ms]
(pass) const is scoped to its block [0.35ms]
(pass) var ignores blocks and reaches the function scope [0.62ms]
(pass) let inside a function block does not escape it [0.42ms]
(pass) block function declarations remain hoisted and block-scoped [0.85ms]
(pass) an inner block shadows rather than overwrites [0.61ms]
(pass) assignment without a declaration reaches the outer binding [0.33ms]
(pass) if, loop and for-of bodies are blocks [8.69ms]
(pass) a catch parameter is scoped to its clause [0.29ms]
(pass) switch cases share one block scope [0.27ms]
(pass) a closure captures its block's binding [0.32ms]
(pass) const rejects reassignment [0.42ms]
(pass) const rejects compound assignment and increment [0.85ms]
(pass) const binds, it does not freeze [0.26ms]
(pass) a destructured const is still const [0.56ms]
(pass) let remains reassignable [4.59ms]
(pass) reading a let before its declaration is a TDZ error [0.47ms]
(pass) writing to a let before its declaration is a TDZ error [0.37ms]
(pass) const has a dead zone too [0.37ms]
(pass) the dead zone is distinct from an undeclared name [0.33ms]
(pass) function declarations are hoisted and callable above themselves [0.28ms]
(pass) var is hoisted as undefined, not left undeclared [0.25ms]
(pass) a bare var redeclaration does not erase the value [0.96ms]
(pass) var declared inside a nested block hoists to the function [4.94ms]
(pass) for(let) gives each iteration its own binding [0.45ms]
(pass) for(let) captures from the initializer and update keep their iteration bindings [0.62ms]
(pass) for(var) keeps one shared binding [0.37ms]
(pass) a for(let) binding does not leak, a for(var) one does [0.55ms]
(pass) multiple declarators bind in the enclosing scope [0.87ms]
(pass) top-level let and const persist across run() calls [0.35ms]
(pass) a top-level const stays const across run() calls [18.00ms]

tests/logical-assignment.test.js:
(pass) ||= assigns to a falsy binding [0.60ms]
(pass) ||= leaves a truthy binding alone [0.39ms]
(pass) &&= assigns to a truthy binding [0.40ms]
(pass) &&= leaves a falsy binding alone [0.38ms]
(pass) ??= assigns to null [0.34ms]
(pass) ??= leaves a defined falsy value alone [0.39ms]
(pass) ??= assigns to undefined [5.97ms]
(pass) a member target works [0.57ms]
(pass) the right side is not evaluated when it is not needed [0.63ms]
(pass) the right side runs when it is needed [0.69ms]
(pass) the expression evaluates to the resulting value [5.35ms]
(pass) a computed member target [0.48ms]

tests/typed-arrays.test.js:
(pass) the constructors report as functions [1.25ms]
(pass) a buffer has a byte length [0.38ms]
(pass) a view over a buffer sizes itself [0.41ms]
(pass) isView distinguishes buffers from views [9.36ms]
(pass) views over one buffer share its storage [0.50ms]
(pass) a buffer slice is a copy [0.75ms]
(pass) elements round-trip [0.51ms]
(pass) a typed array is built from an array [0.81ms]
(pass) integer views wrap [5.10ms]
(pass) a clamped view saturates [1.13ms]
(pass) float views keep the fraction [0.45ms]
(pass) a float32 view rounds to single precision [0.50ms]
(pass) out-of-range writes are ignored [0.45ms]
(pass) an out-of-range read is undefined [4.56ms]
(pass) BigInt views hold BigInt elements [0.55ms]
(pass) byteLength and BYTES_PER_ELEMENT [0.89ms]
(pass) byteOffset reflects the window [0.41ms]
(pass) buffer exposes the underlying storage [0.37ms]
(pass) of and from build views [0.81ms]
(pass) set copies elements in [0.51ms]
(pass) set rejects an oversized source [4.80ms]
(pass) subarray shares storage [0.51ms]
(pass) slice copies storage [0.41ms]
(pass) fill writes a range [0.45ms]
(pass) at supports negative indices [0.39ms]
(pass) iteration methods work on the elements [1.61ms]
(pass) a typed array is iterable [13.30ms]
(pass) a typed array stringifies as its elements [1.23ms]
(pass) a DataView reads what it writes [0.56ms]
(pass) byte order is explicit [0.44ms]
(pass) big-endian is the default and differs from little-endian [4.84ms]
(pass) signed and unsigned views of the same bytes [0.69ms]
(pass) floats round-trip [1.00ms]
(pass) an out-of-range access throws [0.53ms]
(pass) a DataView reports its window [1.00ms]

tests/compat/valibot.test.js:
(pass) Valibot ESM schemas and transformations match Node and Bun [894.41ms]

tests/compat/differential.test.js:
(pass) standard promise, microtask, and timer ordering matches Node and Bun [775.01ms]

tests/plugins/platform.test.ts:
(pass) normalize resolves segments like node posix [0.27ms]
(pass) join skips empty segments [0.16ms]
(pass) resolve walks right-to-left to the first absolute part [0.11ms]
(pass) dirname and basename handle edges [0.24ms]
(pass) extname ignores bare dots [0.05ms]
(pass) relative expresses the walk between absolutes [0.14ms]
(pass) portableCrypto issues UUIDs and randomness, not digests [16.89ms]
(pass) a missing filesystem fails with a wiring error [0.17ms]
(pass) portablePlatform assembles portable defaults around a custom fs [0.08ms]

tests/plugins/path-rules.test.ts:
(pass) rejects an entry outside the plugin directory [0.38ms]
(pass) normalizes the entry path [0.13ms]
(pass) rejects an empty entry [0.07ms]
(pass) an entry whose first segment merely starts with `..` is accepted [0.02ms]
(pass) an entry with a real `..` segment is still rejected [0.07ms]

tests/plugins/traversal.test.ts:
(pass) `..` climbing out of the plugin root is refused [15.99ms]
(pass) a bare `..` prefix is refused [10.17ms]
(pass) `..` inside the root is normalized, then permission-checked [1.94ms]
(pass) `..` that resolves back into the granted subtree is allowed [9.69ms]
(pass) Windows-style separators are folded before the check [19.30ms]
(pass) a deep `..` chain is refused [1.53ms]
(pass) traversal is refused for writes too [1.52ms]
(pass) traversal is refused for existsSync too [13.85ms]
(pass) a NUL byte in a path is refused [1.25ms]
(pass) a non-string path is refused [9.57ms]
(pass) an absolute path is not a traversal error but a confinement error [1.81ms]

tests/plugins/limits.test.ts:
(pass) readFileSync refuses a file above the limit [0.58ms]
(pass) readFileSync allows a file exactly at the limit [0.13ms]
(pass) writeFileSync refuses contents above the limit and writes nothing [0.17ms]
(pass) the write limit counts UTF-8 bytes, not characters [0.41ms]
(pass) the default limit is 8 MiB [0.02ms]
(pass) a ResourceLimit error reaches the guest as a catchable error [10.10ms]
(pass) readFileSync refuses a directory rather than reporting a permission problem [0.34ms]
(pass) readFileSync refuses to follow a symlink at the final component [0.22ms]
(pass) writeFileSync refuses to follow a symlink at the final component [0.14ms]

tests/plugins/reload.test.ts:
(pass) reload runs onUnload(reason=reload) then onReload with the previous state [12.01ms]
(pass) reload builds a brand-new VM [2.58ms]
(pass) reload picks up edited source and permissions [26.56ms]
(pass) reload re-reads the manifest, so tightened permissions take effect [11.08ms]
(pass) onReload falls back to onLoad when the plugin has no onReload [1.69ms]
(pass) only serializable state crosses between VMs [12.19ms]
(pass) reload of an unknown plugin is refused [0.18ms]
(pass) reload refuses a directory that renamed itself [1.74ms]
(pass) a plugin that failed to load can be reloaded after a fix [8.23ms]

tests/plugins/standard-builtins.test.ts:
(pass) standard Node built-ins match Node and Bun using the same guest module [1341.72ms]

tests/plugins/lifecycle.test.ts:
(pass) an object plugin loads [9.44ms]
(pass) a class plugin loads and is instantiated once [5.92ms]
(pass) class instance state survives between hooks [1.37ms]
(pass) missing hooks are optional [1.03ms]
(pass) a plugin without a default export is rejected [1.28ms]
(pass) onLoad runs before onUnload, with the unload reason [37.99ms]
(pass) onUnload returns state to the host [1.42ms]
(pass) the guest context carries name and version but not the plugin root [13.29ms]
(pass) get and list expose loaded plugins [1.93ms]
(pass) loading the same plugin twice is refused [13.89ms]
(pass) unloading an unknown plugin is refused [0.27ms]
(pass) unload detaches the capabilities from the VM [1.78ms]
(pass) a throwing onLoad marks the plugin as errored [0.92ms]
(pass) a throwing onLoad revokes the capabilities immediately [21.75ms]
(pass) a throwing onReload revokes the new VM's capabilities [2.69ms]
(pass) a throwing onUnload still unloads the plugin [13.36ms]
(pass) an errored plugin can still be reloaded after a fix [1.99ms]
(pass) a directory without plugin.json is refused [0.38ms]
(pass) a missing plugin directory is refused [0.14ms]
(pass) a missing entry file is refused [0.24ms]
(pass) node:path is only registered when the manifest asks for it [14.38ms]
(pass) the sandbox is intact inside a plugin [1.33ms]

tests/plugins/manifest.test.ts:
(pass) accepts a well-formed manifest [0.16ms]
(pass) rejects an unknown permission key instead of ignoring it [0.25ms]
(pass) every built-in permission key is registered [0.18ms]
(pass) permissions are optional [0.03ms]
(pass) rejects a non-object manifest [0.07ms]
(pass) rejects an empty name [0.08ms]
(pass) rejects a name with path separators [9.93ms]
(pass) rejects a missing version [0.10ms]
(pass) rejects a non-integer apiVersion [0.08ms]
(pass) rejects an unsupported apiVersion [0.04ms]
(pass) rejects a numeric fs permission [0.13ms]
(pass) rejects non-string entries in an fs permission array [0.13ms]
(pass) rejects a non-boolean path permission [0.06ms]
(pass) rejects non-object permissions [0.08ms]
(pass) parseManifest reports invalid JSON [0.12ms]
(pass) parseManifest round-trips a valid document [0.05ms]
(pass) rejects an empty entry [0.03ms]

tests/plugins/capabilities.test.ts:
(pass) crypto provides UUIDs, random bytes and a Node-style hash [1.76ms]
(pass) a huge randomBytes request is refused [13.08ms]
(pass) an unknown digest algorithm is refused [0.96ms]
(pass) crypto is absent until installed, and gone after removal [1.29ms]
(pass) performance exposes the host monotonic clock [0.60ms]
(pass) a coarsened clock hides precision [12.91ms]
(pass) timers is removable [0.73ms]
(pass) the VM's own timers stay clock-free without the capability [0.50ms]
(pass) an origin must be in both the manifest and the policy [0.44ms]
(pass) a wildcard request is still bounded by the policy [0.03ms]
(pass) an absent policy allowlist permits nothing [0.04ms]
(pass) a policy deny beats everything [0.05ms]
(pass) a path in a manifest entry grants only its origin [0.02ms]
(pass) non-HTTP protocols are refused [0.04ms]
(pass) a malformed origin fails at manifest validation, not at request time [0.18ms]
(pass) the manifest accepts the capability flags [0.07ms]
(pass) a non-boolean crypto flag is rejected [0.03ms]
(pass) a permitted request reaches the transport [35.22ms]
(pass) fetch accepts a Request created by the guest facade [15.12ms]
(pass) a denied origin never reaches the transport [7.41ms]
(pass) json() parses the body [2.76ms]
(pass) fetch capability installs the common Headers, Request, and Response surface [9.25ms]
(pass) fetch is absent until its permission is installed [0.35ms]
(pass) fetch is removable through its teardown [0.65ms]

tests/plugins/filesystem.test.ts:
(pass) relative read allowed by ./** [1.36ms]
(pass) relative read denied outside the granted subtree [1.20ms]
(pass) a granted subtree is still readable [1.03ms]
(pass) a single-file grant matches only that file [5.30ms]
(pass) paths without a leading ./ resolve against the plugin root too [0.82ms]
(pass) "./" is the plugin root, not the process working directory [0.96ms]
(pass) write allowed inside ./cache/** [0.93ms]
(pass) write denied outside the granted subtree [5.27ms]
(pass) read permission does not imply write permission [1.11ms]
(pass) writeFileSync rejects non-string contents [1.04ms]
(pass) existsSync reports presence for permitted paths [1.84ms]
(pass) existsSync is itself permission-checked [1.04ms]
(pass) empty permissions deny every read [0.93ms]
(pass) a manifest without a permissions block denies every read [6.75ms]
(pass) read: false denies [1.11ms]
(pass) read: true behaves like "*" and is bounded by the plugin root [0.91ms]
(pass) absolute read is confined to the plugin root [4.31ms]
(pass) an absolute manifest grant cannot reach outside the root [1.08ms]
(pass) absolute read denied even when the manifest grants a subtree [1.03ms]
(pass) absolute write denied even when the manifest asks for "*" [1.56ms]
(pass) "*" inside the plugin root works with the default policy [1.10ms]
(pass) permission errors do not leak host paths [1.29ms]
(pass) a guest sees a typed PermissionDenied error it can catch [0.97ms]

tests/plugins/symlink.test.ts:
(pass) a symlinked directory cannot be read through [1.44ms]
(pass) a symlinked directory cannot be written through [7.37ms]
(pass) a symlinked directory cannot be probed with existsSync [2.04ms]
(pass) `*` in the manifest does not lift the symlink boundary [1.10ms]
(pass) a symlinked file pointing outside is refused [0.93ms]
(pass) a symlink staying inside the plugin root still works [9.88ms]
(pass) an in-root symlink is matched by its canonical location, not its link path [2.10ms]
(pass) an entry file symlinked outside the plugin root is refused [0.43ms]

tests/plugins/permissions.test.ts:
(pass) undefined and false compile to no rules [0.05ms]
(pass) true and "*" both compile to the canonical all-rule [0.05ms]
(pass) a string compiles to one rule and an array to several [0.09ms]
(pass) relative and absolute rules are told apart [0.08ms]
(pass) malformed patterns are rejected at compile time [0.24ms]
(pass) a pattern is normalized before compiling [0.05ms]
(pass) a literal pattern matches only that path [0.03ms]
(pass) * stays within one segment [0.09ms]
(pass) ** crosses directories [0.08ms]
(pass) ** may appear in the middle of a pattern [0.07ms]
(pass) ./** covers the whole plugin subtree [0.02ms]
(pass) a suffix wildcard matches within a segment only [0.04ms]
(pass) regex metacharacters in a pattern are literal [0.09ms]
(pass) absolute patterns match absolute candidates [0.11ms]
(pass) the all-rule matches anything [0.04ms]
(pass) a filename that merely starts with two dots is not a traversal [0.13ms]
(pass) a real `..` segment still escapes the root [0.16ms]

tests/plugins/dynamic-capabilities.test.ts:
(pass) registry defines, lists, and rejects duplicates and bad names [0.44ms]
(pass) unregistering removes the capability [0.04ms]
(pass) manifest validates the capabilities shape, not the names [0.45ms]
(pass) requested and granted capability is usable from guest code [1.62ms]
(pass) unknown capability names fail the load, not the parse [1.60ms]
(pass) requested but ungranted capability stays absent [1.85ms]
(pass) explicit false opts out without error [1.15ms]
(pass) setCapabilityEnabled disables at runtime; unknown names throw [3.25ms]
(pass) unload revokes the dynamic module [1.24ms]
(pass) assertTrustedSpec fails closed [1.10ms]
(pass) packageTarballUrl builds scoped URLs and refuses plain http [0.32ms]
(pass) verifyIntegrity accepts the pinned hash and refuses the rest [0.82ms]
(pass) extractTarball round-trips files and refuses escapes [4.12ms]
(pass) ensureModulesDir creates the folder [0.39ms]
(pass) download → verify → require → expose → guest call [27.67ms]
(pass) tampered tarball is refused before require [0.94ms]
(pass) registry fallback tries the next mirror after an HTTP error [1.52ms]
(pass) capability options take defaults and refuse unknown keys [0.85ms]

1 tests failed:
(fail) HotReloader republishes IPC metadata for each VM generation [47.28ms]

 1431 pass
 1 fail
 2423 expect() calls
Ran 1432 tests across 61 files. [32.01s]
