npm warn Unknown env config "http-proxy". This will stop working in the next major version of npm.

> napi-vm@0.1.5 plugins:test:bun
> bun test --timeout 30000 packages/plugin-*/test/*.test.mjs tools/plugins/test/*.test.mjs examples/trusted/*/test/*.test.mjs

bun test v1.4.2 (744846f84)

packages/plugin-protocol/test/protocol.test.mjs:
(pass) W01/W02 all fragmentation boundaries and coalesced Unicode frames [87.64ms]
(pass) W03/W04 bounded malformed framing, UTF8, JSON, nesting and truncation [39.98ms]
(pass) W05 duplicate keys last wins; prototype-sensitive keys are data [0.83ms]
(pass) D01-D05 data rejects undefined/sparse/class/getter/cycle and preserves finite semantics [1.15ms]
(pass) D02 runtime contract identities/profile and integer validation [26.97ms]
(pass) W07 out-of-order responses correlate by ID; control remains live [168.96ms]
(pass) R07/R08/R09 busy independent chains fail promptly; timeout preserves active slot [281.24ms]
(pass) R08 pre-aborted calls settle without dispatch [4.86ms]
(pass) W06 duplicate active IDs terminate without double dispatch; unknown replies ignored [12.36ms]
(pass) W08 batches, malformed envelopes, and no-ID business calls close deterministically [8.21ms]
(pass) R10 pending business capacity rejects without losing independent control response [14.45ms]
(pass) D01/D04/D09/D10 nullable presence, tagged unions, u64, UTC calendar, and literal identities [2.60ms]

packages/plugin-cli/test/cli.test.mjs:
(pass) create provides real templates and never overwrites [328.83ms]
(pass) pack creates relocatable complete inventory and detects tampering [221.41ms]
(pass) unsafe paths, outside symlinks, directory cycles and secrets fail before output [114.83ms]
(pass) CLI rejects missing option values and invalid JSON without loading [0.90ms]
(pass) doctor validates runtime names before probing executables [32.48ms]
(pass) CLI entrypoint runs through an npm-style bin symlink [206.14ms]

packages/plugin-sdk/test/sdk.test.mjs:
(pass) SDK definition is side-effect-free and harness validates callbacks/domain errors [14.56ms]
(pass) D06 invalid output and undeclared error are INVALID_RESULT [1.48ms]
(pass) R11 startup without managed environment fails immediately [3.13ms]
(pass) tracked background author tasks cancel and drain before snapshot [6.20ms]
(pass) harness caller cancellation settles promptly while ignored handler retains its slot [1.72ms]
(pass) harness validates host event injection and drains the event callback before snapshot [10.20ms]
(pass) wire timeout remaining duration is a positive integer for Rust callbacks [0.91ms]

packages/plugin-host/test/host.test.mjs:
(pass) real Node host/compiled TS plugin callback, errors, multiple instances, cleanup [5211.12ms]
(pass) real JS plugin uses same SDK without author TypeScript [1703.94ms]
(pass) stable generated client, validated event, stateful reload, repeated shutdown [3146.40ms]
(pass) callback cycle through independent host service fails promptly [1384.62ms]
(pass) manifest rejects legacy, unknown fields, executable route and wrong runtime before spawn [33.40ms]
(pass) failed initialization and shutdown hooks reap children and keep registry nonready [3903.42ms]
(pass) noisy stdout/stderr drains independently and retained memory is bounded [2142.21ms]
(pass) trusted fixture direct filesystem outside plugin, HTTP, environment, controlled subprocess [2173.42ms]
(pass) host-to-plugin events validate negotiated service, are delivered outside reader, and acknowledge [2348.18ms]
(pass) slow subscriber overflow terminates subscription with observable error without corrupting RPC [2103.25ms]
(pass) failed quiescence preserves owned old process in DRAINING until explicit unload [2544.43ms]
(pass) failed replacement retains validated snapshot for explicit recovery, no hidden rollback [3292.19ms]
(pass) bootstrap token is redacted across stdout/stderr chunk boundaries [1856.59ms]
(pass) wrong-token connection cannot steal the legitimate child slot [2047.77ms]
(pass) authorized protocol and digest mismatch reject before initialize [4927.40ms]
(pass) startup deadline, exit before hello, and exit during invocation are bounded and reaped [6612.05ms]
(pass) missing runtime is preflight failure and plugin startup failure never retries another runtime [1379.95ms]
(pass) managed Bun missing package fails without runtime registry installation [695.04ms]
(pass) control parameter validation rejects malformed lifecycle requests without changing READY [2634.96ms]
(pass) queued old-session events are discarded across reload while in-progress callback can finish [3503.88ms]
(pass) direct child exit does not hang on a descendant retaining inherited log pipes [2081.89ms]

packages/plugin-codegen/test/codegen.test.mjs:
(pass) checked-in generation is reproducible [789.99ms]
(pass) canonical nested key ordering [0.16ms]
(pass) unsupported keyword and recursive refs fail; missing outputs fail check without writes [161.48ms]
(pass) strict profile rejects conflicting or unrepresentable schemas with a pointer [905.08ms]
(pass) source object ordering and checkout path do not change identity [248.08ms]
(pass) stale check preserves existing bytes and generated Rust retains typed wire structures [82.42ms]
(pass) codegen metadata is explicit, deterministic and supports read-only checking [14.83ms]
(pass) lone surrogate literals, descriptions and property names are rejected before emission [216.87ms]
(pass) generated CONTRACT keeps prototype-sensitive properties as owned data [14.00ms]
(pass) Rust raw and escaped identifiers share the same collision namespace [19.31ms]

tools/plugins/test/native-dependency.test.mjs:
(pass) controlled Node-API dependency is target inventoried and injected [3265.22ms]

tools/plugins/test/artifact-assets.test.mjs:
(pass) relocated package retains declared assets and dynamic imports [3292.99ms]

tools/plugins/test/shared-contracts.test.mjs:
(pass) safe max [5.80ms]
(pass) safe min [0.04ms]
(pass) unsafe max [0.03ms]
(pass) float integer
(pass) i64-decimal 9223372036854775807 [0.03ms]
(pass) i64-decimal -9223372036854775808
(pass) i64-decimal 9223372036854775808 [0.10ms]
(pass) i64-decimal -0 [6.69ms]
(pass) i64-decimal 01 [0.07ms]
(pass) i64-decimal +1 [0.01ms]
(pass) u64-decimal 18446744073709551615 [0.03ms]
(pass) u64-decimal 18446744073709551616 [0.02ms]
(pass) u64-decimal -1 [0.01ms]
(pass) bytes-base64  [0.02ms]
(pass) bytes-base64 YWJj [0.10ms]
(pass) bytes-base64 YQ==
(pass) bytes-base64 YQ [0.01ms]
(pass) bytes-base64 YR==
(pass) utc-datetime 2000-02-29T00:00:00.000Z [0.16ms]
(pass) utc-datetime 1900-02-29T00:00:00.000Z [0.02ms]
(pass) utc-datetime 0001-01-01T00:00:00.000Z
(pass) utc-datetime 0000-01-01T00:00:00.000Z [0.03ms]
(pass) utc-datetime 2026-01-01T00:00:60.000Z [0.03ms]
(pass) astral scalar length [0.03ms]
(pass) two unicode scalars [0.02ms]
(pass) optional nullable {} [0.02ms]
(pass) optional nullable {"value": null} [0.02ms]
(pass) optional nullable {"value": "x"} [0.31ms]
(pass) optional nullable {"value": 1} [0.06ms]
(pass) optional nullable {"other": null} [0.02ms]
(pass) proto sensitive key [0.02ms]
(pass) codec all header/body boundaries and coalesced last-key-wins [0.68ms]
(pass) wire rejects invalid JS data without invoking accessors [0.37ms]

examples/trusted/greeter-js/test/plugin.test.mjs:
(pass) plain JavaScript generated-contract callback, no TS compilation [46.05ms]

examples/trusted/greeter-ts/test/plugin.test.mjs:
(pass) generated greeter callback [4.78ms]

examples/trusted/counter-ts/test/plugin.test.mjs:
(pass) counter snapshot and restore [24.25ms]

 94 pass
 0 fail
Ran 94 tests across 11 files. [67.94s]
