npm warn Unknown env config "http-proxy". This will stop working in the next major version of npm.

> napi-vm@0.1.5 plugins:test:bun
> bun test --timeout 30000 packages/plugin-*/test/*.test.mjs tools/plugins/test/*.test.mjs examples/trusted/*/test/*.test.mjs

bun test v1.4.2 (744846f84)

packages/plugin-protocol/test/protocol.test.mjs:
(pass) W01/W02 all fragmentation boundaries and coalesced Unicode frames [63.47ms]
(pass) W03/W04 bounded malformed framing, UTF8, JSON, nesting and truncation [31.21ms]
(pass) W05 duplicate keys last wins; prototype-sensitive keys are data [0.24ms]
(pass) D01-D05 data rejects undefined/sparse/class/getter/cycle and preserves finite semantics [1.29ms]
(pass) D02 runtime contract identities/profile and integer validation [25.06ms]
(pass) W07 out-of-order responses correlate by ID; control remains live [87.19ms]
(pass) R07/R08/R09 busy independent chains fail promptly; timeout preserves active slot [48.34ms]
(pass) R08 pre-aborted calls settle without dispatch [10.95ms]
(pass) W06 duplicate active IDs terminate without double dispatch; unknown replies ignored [20.31ms]
(pass) W08 batches, malformed envelopes, and no-ID business calls close deterministically [23.96ms]
(pass) R10 pending business capacity rejects without losing independent control response [7.99ms]
(pass) D01/D04/D09/D10 nullable presence, tagged unions, u64, UTC calendar, and literal identities [8.89ms]

packages/plugin-protocol/test/response-order.test.mjs:
(pass) event fence preserves initialize reply order while host callbacks remain live [1.03ms]
(pass) held events are bounded and failed initialization keeps them fenced until close [8.17ms]
(pass) transport close before initialize reply discards held events [0.74ms]
(pass) result admission precedes a following event in the same read [0.52ms]
(pass) invalid or late successful results never admit a pending lifecycle [6.64ms]

packages/plugin-cli/test/cli.test.mjs:
(pass) create provides real templates and never overwrites [2163.17ms]
(pass) pack creates relocatable complete inventory and detects tampering [488.27ms]
(pass) unsafe paths, outside symlinks, directory cycles and secrets fail before output [195.89ms]
(pass) CLI rejects missing option values and invalid JSON without loading [0.89ms]
(pass) doctor validates runtime names before probing executables [14.83ms]
(pass) CLI entrypoint runs through an npm-style bin symlink [203.66ms]
(pass) native dev launch stages have verified inventories before host startup [243.10ms]

packages/plugin-sdk/test/sdk.test.mjs:
(pass) SDK definition is side-effect-free and harness validates callbacks/domain errors [17.06ms]
(pass) D06 invalid output and undeclared error are INVALID_RESULT [7.80ms]
(pass) R11 startup without managed environment fails immediately [15.61ms]
(pass) tracked background author tasks cancel and drain before snapshot [1.94ms]
(pass) harness caller cancellation settles promptly while ignored handler retains its slot [1.09ms]
(pass) harness validates host event injection and drains the event callback before snapshot [70.82ms]
(pass) wire timeout remaining duration is a positive integer for Rust callbacks [0.85ms]
(pass) harness preserves explicit null initialization data and defaults only absence [14.43ms]

packages/plugin-sdk/test/initialization-order.test.mjs:
(pass) SDK initialization event task preserves reply order and cleanup: success [2095.68ms]
(pass) SDK initialization event task preserves reply order and cleanup: initialize-error [1635.97ms]
(pass) SDK initialization event task preserves reply order and cleanup: disconnect [1756.24ms]

packages/plugin-host/test/host.test.mjs:
(pass) real Node host/compiled TS plugin callback, errors, multiple instances, cleanup [2644.34ms]
(pass) real JS plugin uses same SDK without author TypeScript [1559.44ms]
(pass) stable generated client, validated event, stateful reload, repeated shutdown [2811.87ms]
(pass) callback cycle through independent host service fails promptly [1699.89ms]
(pass) manifest rejects legacy, unknown fields, executable route and wrong runtime before spawn [97.03ms]
(pass) failed initialization and shutdown hooks reap children and keep registry nonready [3418.38ms]
(pass) noisy stdout/stderr drains independently and retained memory is bounded [2433.35ms]
(pass) trusted fixture direct filesystem outside plugin, HTTP, environment, controlled subprocess [3262.30ms]
(pass) host-to-plugin events validate negotiated service, are delivered outside reader, and acknowledge [1538.08ms]
(pass) slow subscriber overflow terminates subscription with observable error without corrupting RPC [1440.31ms]
(pass) failed quiescence preserves owned old process in DRAINING until explicit unload [2118.27ms]
(pass) failed replacement retains validated snapshot for explicit recovery, no hidden rollback [5064.31ms]
(pass) bootstrap token is redacted across stdout/stderr chunk boundaries [1542.92ms]
(pass) wrong-token connection cannot steal the legitimate child slot [1539.98ms]
(pass) authorized protocol and digest mismatch reject before initialize [3180.97ms]
(pass) startup deadline, exit before hello, and exit during invocation are bounded and reaped [4027.10ms]
(pass) missing runtime is preflight failure and plugin startup failure never retries another runtime [1839.91ms]
(pass) managed Bun missing package fails without runtime registry installation [510.16ms]
(pass) control parameter validation rejects malformed lifecycle requests without changing READY [966.10ms]
(pass) queued old-session events are discarded across reload while in-progress callback can finish [2899.09ms]
(pass) direct child exit does not hang on a descendant retaining inherited log pipes [1496.60ms]
(pass) quiescence lets an in-flight handler finish its event and result before snapshot [3991.92ms]
(pass) a call-bound host callback context cannot invoke a replacement session [3707.35ms]
(pass) process initialization preserves explicit null configuration and rejects nonobject application context [2374.71ms]

packages/plugin-host/test/initialization-order.test.mjs:
(pass) initialize success admits READY before a coalesced first event [2250.53ms]
(pass) initialize premature response cannot admit READY [1143.82ms]
(pass) initialize invalid response cannot admit READY [1455.51ms]
(pass) initialize failed response cannot admit READY [1001.85ms]
(pass) initialize retired response cannot admit READY [1260.63ms]
(pass) a coalesced malformed event cannot make load report a dead READY session [796.13ms]

packages/plugin-codegen/test/codegen.test.mjs:
(pass) checked-in generation is reproducible [489.65ms]
(pass) canonical nested key ordering [0.23ms]
(pass) unsupported keyword and recursive refs fail; missing outputs fail check without writes [351.60ms]
(pass) strict profile rejects conflicting or unrepresentable schemas with a pointer [247.91ms]
(pass) source object ordering and checkout path do not change identity [106.26ms]
(pass) stale check preserves existing bytes and generated Rust retains typed wire structures [163.49ms]
(pass) codegen metadata is explicit, deterministic and supports read-only checking [78.94ms]
(pass) lone surrogate literals, descriptions and property names are rejected before emission [296.97ms]
(pass) generated CONTRACT keeps prototype-sensitive properties as owned data [10.51ms]
(pass) Rust raw and escaped identifiers share the same collision namespace [13.52ms]

tools/plugins/test/native-dependency.test.mjs:
(pass) controlled Node-API dependency is target inventoried and injected [2415.57ms]

tools/plugins/test/artifact-assets.test.mjs:
(pass) relocated package retains declared assets and dynamic imports [2990.98ms]

tools/plugins/test/shared-contracts.test.mjs:
(pass) safe max [0.33ms]
(pass) safe min [0.02ms]
(pass) unsafe max [0.03ms]
(pass) float integer [0.01ms]
(pass) i64-decimal 9223372036854775807 [0.03ms]
(pass) i64-decimal -9223372036854775808 [0.01ms]
(pass) i64-decimal 9223372036854775808 [0.02ms]
(pass) i64-decimal -0 [0.01ms]
(pass) i64-decimal 01 [0.01ms]
(pass) i64-decimal +1 [0.01ms]
(pass) u64-decimal 18446744073709551615 [0.02ms]
(pass) u64-decimal 18446744073709551616 [0.02ms]
(pass) u64-decimal -1 [0.01ms]
(pass) bytes-base64  [0.02ms]
(pass) bytes-base64 YWJj [0.08ms]
(pass) bytes-base64 YQ== [0.01ms]
(pass) bytes-base64 YQ [0.01ms]
(pass) bytes-base64 YR== [0.01ms]
(pass) utc-datetime 2000-02-29T00:00:00.000Z [0.08ms]
(pass) utc-datetime 1900-02-29T00:00:00.000Z [0.06ms]
(pass) utc-datetime 0001-01-01T00:00:00.000Z [0.01ms]
(pass) utc-datetime 0000-01-01T00:00:00.000Z [0.01ms]
(pass) utc-datetime 2026-01-01T00:00:60.000Z [0.01ms]
(pass) astral scalar length [0.07ms]
(pass) two unicode scalars [0.03ms]
(pass) optional nullable {} [0.02ms]
(pass) optional nullable {"value": null} [0.03ms]
(pass) optional nullable {"value": "x"} [0.10ms]
(pass) optional nullable {"value": 1} [0.02ms]
(pass) optional nullable {"other": null} [0.02ms]
(pass) proto sensitive key [0.02ms]
(pass) codec all header/body boundaries and coalesced last-key-wins [0.55ms]
(pass) wire rejects invalid JS data without invoking accessors [0.33ms]

examples/trusted/greeter-js/test/plugin.test.mjs:
(pass) plain JavaScript generated-contract callback, no TS compilation [1.52ms]

examples/trusted/greeter-ts/test/plugin.test.mjs:
(pass) generated greeter callback [1.32ms]

examples/trusted/counter-ts/test/plugin.test.mjs:
(pass) counter snapshot and restore [7.19ms]

 113 pass
 0 fail
Ran 113 tests across 14 files. [81.60s]
