npm warn Unknown env config "http-proxy". This will stop working in the next major version of npm.

> napi-vm@0.1.5 plugins:test:interop
> node tools/plugins/test-interop.mjs

{"host":"node","runtime":"node","status":"runtime-tested"}
{"host":"node","runtime":"bun","status":"runtime-tested"}
{"host":"bun","runtime":"node","status":"runtime-tested"}
{"host":"bun","runtime":"bun","status":"runtime-tested"}
{"host":"node","runtime":"node","status":"runtime-tested"}
{"host":"node","runtime":"bun","status":"runtime-tested"}
{"host":"bun","runtime":"node","status":"runtime-tested"}
{"host":"bun","runtime":"bun","status":"runtime-tested"}
{"host":"rust","runtime":"node","status":"runtime-tested"}
{"host":"rust","runtime":"bun","status":"runtime-tested"}
{"host":"rust","runtime":"native","status":"runtime-tested"}
{"host":"rust","runtime":"bun-embedded","status":"runtime-tested"}
{"host":"rust","runtime":"node","status":"runtime-tested"}
{"host":"rust","runtime":"native","status":"runtime-tested"}
{"host":"node","runtime":"native","status":"unsupported-rejected"}
{"host":"bun","runtime":"native","status":"unsupported-rejected"}
{
  "environment": {
    "os": "linux",
    "arch": "x64",
    "node": "v24.19.0"
  },
  "testedArtifacts": {
    "greeter-ts": {
      "manifestSha256": "0a35d1a021222d466ecaa62f15223cfbd716558752d67ac1e155f722e94d63ff",
      "lockSha256": "3755158477d18204e35d5bc71da255b3bbee19281ca240af292cf29dabdc1fff"
    },
    "greeter-js": {
      "manifestSha256": "11a0f6ebe9a6ad03a886600dd03d2771aa70f84cb22911bbe853dd4a423fe7af",
      "lockSha256": "33f545680c749edfe94aa1aa7f226a3296cdcb2964de8c844450edec55721049"
    },
    "counter-ts": {
      "manifestSha256": "26c20337ab75978876fedddf54c851fb67aac32e06e6d330c94078fe5978f77c",
      "lockSha256": "b2b18cebe38aa1dc6f01bd4f42fcfa8054e1ab2abe9fcaf6b8bbb4e52ff68cca"
    },
    "greeter-rust": {
      "manifestSha256": "3f1a8a16e095b8a469c30d3f1f5de3fd89eacafabb7b86200c561bfabbee5181",
      "lockSha256": "5f1a41fd83d892e6f8807aa4793e628ec62c2ee4c7d3eaff721503b2eff04731"
    },
    "counter-rust": {
      "manifestSha256": "bb991b4949b0adb94e09b0e02d03cc135030aade8f274a1ed7358236c4d4c04c",
      "lockSha256": "b6c9dc8e5a42cf0019b176d08d20cd87a78b9d099c87306e1cd5eb709d541a9f"
    },
    "greeter-bun": {
      "manifestSha256": "3f1a8a16e095b8a469c30d3f1f5de3fd89eacafabb7b86200c561bfabbee5181",
      "lockSha256": "2fdd781ee204b9b118db925d74b2245b48a2997e5349e4f175234c150c403dc5"
    }
  },
  "results": [
    {
      "host": "node",
      "runtime": "node",
      "artifact": "same compiled TS ESM",
      "result": {
        "message": "Hola, Ana"
      },
      "status": "runtime-tested"
    },
    {
      "host": "node",
      "runtime": "bun",
      "artifact": "same compiled TS ESM",
      "result": {
        "message": "Hola, Ana"
      },
      "status": "runtime-tested"
    },
    {
      "host": "bun",
      "runtime": "node",
      "artifact": "same compiled TS ESM",
      "result": {
        "message": "Hola, Ana"
      },
      "status": "runtime-tested"
    },
    {
      "host": "bun",
      "runtime": "bun",
      "artifact": "same compiled TS ESM",
      "result": {
        "message": "Hola, Ana"
      },
      "status": "runtime-tested"
    },
    {
      "host": "node",
      "runtime": "node",
      "scenario": "callbacks/domain-errors/events/stateful-reload",
      "result": {
        "greeting": "Hola, Ana",
        "domainError": "INVALID_NAME",
        "firstEvent": {
          "count": "12"
        },
        "secondEvent": {
          "count": "15"
        },
        "stableInstance": "87d704b8-aa0a-4c6a-aed0-9eab9e65d2a8",
        "sessions": [
          "e2f1b894-318d-4a97-9c0c-7f1363e3fb5a",
          "ace82e2a-3a10-49b1-88d8-72a222de1f9a"
        ],
        "restored": "12",
        "final": "15"
      },
      "status": "runtime-tested"
    },
    {
      "host": "node",
      "runtime": "bun",
      "scenario": "callbacks/domain-errors/events/stateful-reload",
      "result": {
        "greeting": "Hola, Ana",
        "domainError": "INVALID_NAME",
        "firstEvent": {
          "count": "12"
        },
        "secondEvent": {
          "count": "15"
        },
        "stableInstance": "3bdd1225-5487-4cfb-89cd-8c04245642d4",
        "sessions": [
          "17e94590-3a12-4b85-a043-e63d809bf6ed",
          "277712e5-3ca7-4435-8081-51186cb53af9"
        ],
        "restored": "12",
        "final": "15"
      },
      "status": "runtime-tested"
    },
    {
      "host": "bun",
      "runtime": "node",
      "scenario": "callbacks/domain-errors/events/stateful-reload",
      "result": {
        "greeting": "Hola, Ana",
        "domainError": "INVALID_NAME",
        "firstEvent": {
          "count": "12"
        },
        "secondEvent": {
          "count": "15"
        },
        "stableInstance": "54a2dee2-a648-4634-90d7-c95b346a3f8d",
        "sessions": [
          "1675d931-3d37-4695-97e9-0292f6a01874",
          "402f3456-60bc-42d2-9161-42f7c7ac0ec2"
        ],
        "restored": "12",
        "final": "15"
      },
      "status": "runtime-tested"
    },
    {
      "host": "bun",
      "runtime": "bun",
      "scenario": "callbacks/domain-errors/events/stateful-reload",
      "result": {
        "greeting": "Hola, Ana",
        "domainError": "INVALID_NAME",
        "firstEvent": {
          "count": "12"
        },
        "secondEvent": {
          "count": "15"
        },
        "stableInstance": "9c0bf035-3a67-4854-9b0b-c2af418d4862",
        "sessions": [
          "39a48765-1b5f-428d-85d4-f882aaf7b329",
          "52cf09e5-7c94-4902-9be7-42f26c336645"
        ],
        "restored": "12",
        "final": "15"
      },
      "status": "runtime-tested"
    },
    {
      "host": "rust",
      "runtime": "node",
      "artifact": "same compiled TS ESM",
      "result": {
        "domainError": "INVALID_NAME",
        "greeting": {
          "message": "Hola, Ana"
        },
        "instanceId": "4fcc57058642bcd67ba536502700b14d",
        "scenario": "greeter",
        "sessionId": "e002769c8dbbf796dc1e42eeb51d2132"
      },
      "status": "runtime-tested"
    },
    {
      "host": "rust",
      "runtime": "bun",
      "artifact": "same compiled TS ESM",
      "result": {
        "domainError": "INVALID_NAME",
        "greeting": {
          "message": "Hola, Ana"
        },
        "instanceId": "730929e547a542daf03d962f01efce69",
        "scenario": "greeter",
        "sessionId": "65fca3186a9883b969e1b60df81bb670"
      },
      "status": "runtime-tested"
    },
    {
      "host": "rust",
      "runtime": "native",
      "artifact": "Rust executable",
      "result": {
        "domainError": "INVALID_NAME",
        "greeting": {
          "message": "Hola, Ana"
        },
        "instanceId": "1073601981283d21223bcb1b165191e6",
        "scenario": "greeter",
        "sessionId": "9abeb306552205fe96b41073f3731bf1"
      },
      "status": "runtime-tested"
    },
    {
      "host": "rust",
      "runtime": "bun-embedded",
      "artifact": "Bun standalone without external JS runtime on PATH",
      "result": {
        "domainError": "INVALID_NAME",
        "greeting": {
          "message": "Hola, Ana"
        },
        "instanceId": "e6de0db3a476d504440e0696275d962d",
        "scenario": "greeter",
        "sessionId": "a765d01feee9799c46293a9461e3acd1"
      },
      "status": "runtime-tested"
    },
    {
      "host": "rust",
      "runtime": "node",
      "scenario": "counter-ts -> counter-rust -> counter-ts",
      "result": {
        "events": [
          {
            "event": "changed",
            "interface": "example.counter",
            "payload": {
              "count": "12"
            },
            "relatedRequestId": "h:49322eef128e249b4322cb598069fd49:2",
            "sequence": "1",
            "sessionId": "49322eef128e249b4322cb598069fd49",
            "version": "1.0.0"
          },
          {
            "event": "changed",
            "interface": "example.counter",
            "payload": {
              "count": "15"
            },
            "relatedRequestId": "h:543da6954ee9ae11b1c037ff9f74cec1:3",
            "sequence": "1",
            "sessionId": "543da6954ee9ae11b1c037ff9f74cec1",
            "version": "1.0.0"
          }
        ],
        "final": {
          "count": "17"
        },
        "first": {
          "count": "12"
        },
        "instanceId": "6876e02bbc8419a31f6974b90fe410db",
        "restored": {
          "count": "12"
        },
        "scenario": "migrate",
        "second": {
          "count": "15"
        },
        "sessions": [
          "49322eef128e249b4322cb598069fd49",
          "543da6954ee9ae11b1c037ff9f74cec1",
          "2610e8836f4059c37c0a64ede1567b0e"
        ],
        "snapshot": {
          "contract": "example.counter.state",
          "data": {
            "count": "12"
          },
          "stateVersion": 1
        }
      },
      "status": "runtime-tested"
    },
    {
      "host": "rust",
      "runtime": "native",
      "scenario": "counter-rust -> counter-ts -> counter-rust",
      "result": {
        "events": [
          {
            "event": "changed",
            "interface": "example.counter",
            "payload": {
              "count": "12"
            },
            "relatedRequestId": "h:6b85bc2dc6514c6fcc59d089cf34d060:2",
            "sequence": "1",
            "sessionId": "6b85bc2dc6514c6fcc59d089cf34d060",
            "version": "1.0.0"
          },
          {
            "event": "changed",
            "interface": "example.counter",
            "payload": {
              "count": "15"
            },
            "relatedRequestId": "h:740b01ff38a347bc653b833955c5af1c:3",
            "sequence": "1",
            "sessionId": "740b01ff38a347bc653b833955c5af1c",
            "version": "1.0.0"
          }
        ],
        "final": {
          "count": "17"
        },
        "first": {
          "count": "12"
        },
        "instanceId": "8b5ee11625205cf69fd83cc9efef93c8",
        "restored": {
          "count": "12"
        },
        "scenario": "migrate",
        "second": {
          "count": "15"
        },
        "sessions": [
          "6b85bc2dc6514c6fcc59d089cf34d060",
          "740b01ff38a347bc653b833955c5af1c",
          "1d51fcb3144342d7429584657bbceb8e"
        ],
        "snapshot": {
          "contract": "example.counter.state",
          "data": {
            "count": "12"
          },
          "stateVersion": 1
        }
      },
      "status": "runtime-tested"
    },
    {
      "host": "node",
      "runtime": "native",
      "status": "unsupported-rejected"
    },
    {
      "host": "bun",
      "runtime": "native",
      "status": "unsupported-rejected"
    }
  ]
}
