   Compiling yoke-derive v0.8.2
    Checking stable_deref_trait v1.2.1
    Checking yoke v0.8.3
   Compiling zerovec-derive v0.11.3
    Checking zerovec v0.11.6
   Compiling wasm-bindgen-shared v0.2.126
    Checking tinystr v0.8.3
    Checking writeable v0.6.3
    Checking litemap v0.8.2
    Checking icu_locale_core v2.2.0
    Checking zerotrie v0.2.4
    Checking potential_utf v0.1.5
    Checking utf8_iter v1.0.4
   Compiling rustversion v1.0.23
   Compiling icu_normalizer_data v2.2.0
    Checking icu_collections v2.2.0
   Compiling icu_properties_data v2.2.0
    Checking icu_provider v2.2.0
   Compiling generic-array v0.14.7
    Checking cfg-if v1.0.4
    Checking typenum v1.20.1
    Checking smallvec v1.15.2
   Compiling bumpalo v3.20.3
   Compiling wasm-bindgen-macro-support v0.2.126
   Compiling serde_core v1.0.229
    Checking icu_normalizer v2.2.0
   Compiling wasm-bindgen v0.2.126
    Checking icu_properties v2.2.0
    Checking unicode-ident v1.0.24
    Checking once_cell v1.21.4
   Compiling zmij v1.0.23
   Compiling zerocopy v0.8.55
   Compiling libc v0.2.189
    Checking idna_adapter v1.2.2
   Compiling psm v0.1.32
   Compiling wasm-bindgen-macro v0.2.126
    Checking block-buffer v0.10.4
    Checking crypto-common v0.1.7
    Checking pin-project-lite v0.2.17
    Checking futures-core v0.3.33
    Checking equivalent v1.0.2
    Checking hashbrown v0.17.1
    Checking slab v0.4.12
    Checking futures-task v0.3.33
    Checking percent-encoding v2.3.2
    Checking form_urlencoded v1.2.2
    Checking futures-util v0.3.33
   Compiling serde_json v1.0.151
   Compiling serde v1.0.229
    Checking indexmap v2.14.2
   Compiling ahash v0.8.12
   Compiling stacker v0.1.25
    Checking digest v0.10.7
    Checking idna v1.1.0
    Checking itoa v1.0.18
    Checking memchr v2.8.3
   Compiling napi-vm v0.1.5 (/workspace/scratch/461b26a0463e/napi-vm-portable-rebuild)
    Checking url v2.5.8
    Checking js-sys v0.3.103
    Checking sha2 v0.10.9
    Checking regex-syntax v0.8.11
warning: method `allowed_native_addon_digests` is never used
   --> src/interpreter/commonjs.rs:481:19
    |
186 | impl FileCommonJsLoader {
    | ----------------------- method in this implementation
...
481 |     pub(super) fn allowed_native_addon_digests(&self) -> &HashMap<PathBuf, [u8; 32]> {
    |                   ^^^^^^^^^^^^^^^^^^^^^^^^^^^^
    |
    = note: `#[warn(dead_code)]` (part of `#[warn(unused)]`) on by default

warning: `napi-vm` (lib) generated 1 warning
    Finished `dev` profile [unoptimized + debuginfo] target(s) in 5m 26s
