   Compiling syn v3.0.3
   Compiling generic-array v0.14.7
    Checking typenum v1.20.1
   Compiling serde_core v1.0.229
    Checking windows-link v0.2.1
   Compiling zmij v1.0.23
    Checking windows-sys v0.61.2
   Compiling serde_json v1.0.151
   Compiling serde v1.0.229
    Checking block-buffer v0.10.4
    Checking crypto-common v0.1.7
   Compiling serde_derive v1.0.229
    Checking memchr v2.8.3
    Checking itoa v1.0.18
    Checking cfg-if v1.0.4
    Checking digest v0.10.7
    Checking mio v1.2.3
    Checking socket2 v0.6.5
   Compiling tokio-macros v2.7.2
    Checking pin-project-lite v0.2.17
    Checking bytes v1.12.1
    Checking cpufeatures v0.2.17
    Checking ryu-js v1.0.3
    Checking serde_json_canonicalizer v0.3.2
    Checking sha2 v0.10.9
    Checking tokio v1.53.1
   Compiling getrandom v0.3.4
    Checking napi-vm-plugin-protocol v0.1.0 (/workspace/scratch/461b26a0463e/napi-vm-portable-rebuild/crates/napi-vm-plugin-protocol)
    Checking napi-vm-plugin-sdk v0.1.0 (/workspace/scratch/461b26a0463e/napi-vm-portable-rebuild/crates/napi-vm-plugin-sdk)
    Checking napi-vm-plugin-host v0.1.0 (/workspace/scratch/461b26a0463e/napi-vm-portable-rebuild/crates/napi-vm-plugin-host)
    Finished `dev` profile [unoptimized + debuginfo] target(s) in 2m 50s
