TAP version 13
# Subtest: the CommonJS entry point loads the native binding
ok 1 - the CommonJS entry point loads the native binding
  ---
  duration_ms: 69.934294
  type: 'test'
  ...
# Subtest: the ESM entry point loads the native binding
ok 2 - the ESM entry point loads the native binding
  ---
  duration_ms: 37.954203
  type: 'test'
  ...
# Subtest: the generated entry points agree on the package version
ok 3 - the generated entry points agree on the package version
  ---
  duration_ms: 1.978364
  type: 'test'
  ...
# Subtest: basic evaluation works
ok 4 - basic evaluation works
  ---
  duration_ms: 1.834587
  type: 'test'
  ...
# Subtest: values marshal in both directions
ok 5 - values marshal in both directions
  ---
  duration_ms: 17.811373
  type: 'test'
  ...
# Subtest: host functions are callable from the guest
ok 6 - host functions are callable from the guest
  ---
  duration_ms: 5.573847
  type: 'test'
  ...
# Subtest: async execution settles its promise
ok 7 - async execution settles its promise
  ---
  duration_ms: 123.53122
  type: 'test'
  ...
# Subtest: exposing an async function does not keep the process alive
ok 8 - exposing an async function does not keep the process alive
  ---
  duration_ms: 970.970057
  type: 'test'
  ...
# Subtest: registering an async host module does not keep the process alive
ok 9 - registering an async host module does not keep the process alive
  ---
  duration_ms: 1033.230486
  type: 'test'
  ...
# Subtest: a synchronous run does not keep the process alive
ok 10 - a synchronous run does not keep the process alive
  ---
  duration_ms: 1002.66636
  type: 'test'
  ...
# Subtest: dispose() lets a process that used runAsync exit
ok 11 - dispose() lets a process that used runAsync exit
  ---
  duration_ms: 658.060467
  type: 'test'
  ...
# Subtest: dispose() is idempotent and safe before any async work
ok 12 - dispose() is idempotent and safe before any async work
  ---
  duration_ms: 1.617247
  type: 'test'
  ...
# Subtest: guest errors surface as host exceptions
ok 13 - guest errors surface as host exceptions
  ---
  duration_ms: 29.927218
  type: 'test'
  ...
# Subtest: the loop budget interrupts an infinite loop
ok 14 - the loop budget interrupts an infinite loop
  ---
  duration_ms: 1.191231
  type: 'test'
  ...
# Subtest: recursion depth is capped rather than crashing the process
ok 15 - recursion depth is capped rather than crashing the process
  ---
  duration_ms: 135.322389
  type: 'test'
  ...
# Subtest: removeModule makes a module unresolvable
ok 16 - removeModule makes a module unresolvable
  ---
  duration_ms: 1.899439
  type: 'test'
  ...
# Subtest: the plugin filesystem backend enforces its read limit
ok 17 - the plugin filesystem backend enforces its read limit
  ---
  duration_ms: 0.616398
  type: 'test'
  ...
1..17
# tests 17
# suites 0
# pass 17
# fail 0
# cancelled 0
# skipped 0
# todo 0
# duration_ms 5757.793026
