ts BUILD {"built":true,"format":"js","directory":"/tmp/napi-template-final-l3QTUv/ts","output":"./dist/main.js","target":null}
ts node ARTIFACT {"passed":1,"results":[{"method":"greet","result":{"message":"Hola, Ana"}}]}
ts bun ARTIFACT {"passed":1,"results":[{"method":"greet","result":{"message":"Hola, Ana"}}]}
✔ greeter logic and validation through the SDK harness (23.315476ms)
ℹ tests 1
ℹ suites 0
ℹ pass 1
ℹ fail 0
ℹ cancelled 0
ℹ skipped 0
ℹ todo 0
ℹ duration_ms 1241.613513

bun test v1.4.2 (744846f84)

tests/business.node.test.mjs:
(pass) greeter logic and validation through the SDK harness [90.26ms]

 1 pass
 0 fail
Ran 1 test across 1 file. [586.00ms]

js BUILD {"built":true,"format":"js","directory":"/tmp/napi-template-final-l3QTUv/js","output":"./dist/main.js","target":null}
js node ARTIFACT {"passed":1,"results":[{"method":"greet","result":{"message":"Hola, Ana"}}]}
js bun ARTIFACT {"passed":1,"results":[{"method":"greet","result":{"message":"Hola, Ana"}}]}
✔ greeter logic and validation through the SDK harness (9.547041ms)
ℹ tests 1
ℹ suites 0
ℹ pass 1
ℹ fail 0
ℹ cancelled 0
ℹ skipped 0
ℹ todo 0
ℹ duration_ms 806.547676

bun test v1.4.2 (744846f84)

tests/business.node.test.mjs:
(pass) greeter logic and validation through the SDK harness [47.42ms]

 1 pass
 0 fail
Ran 1 test across 1 file. [325.00ms]

TEMPLATE_SMOKE_ROOT=/tmp/napi-template-final-l3QTUv
