bun test v1.4.2 (744846f84)

tests/promises.test.js:
(pass) a then callback runs after the synchronous code [4.36ms]
(pass) a then callback has not run yet at the next statement [27.66ms]
(pass) an async function suspends at await [47.32ms]
(pass) chained thens run in order [26.42ms]
(pass) queueMicrotask defers [6.88ms]
(pass) timers run after every microtask [26.02ms]
(pass) new Promise resolves [2.60ms]
(pass) new Promise rejects [30.71ms]
(pass) a throwing executor rejects the promise [1.75ms]
(pass) an executor that is not a function throws [69.39ms]
(pass) a promise settles only once [31.14ms]
(pass) a promise stays pending until resolved [12.26ms]
(pass) a later resolution reaches an earlier then [2.79ms]
(pass) typeof Promise is function [34.12ms]
(pass) then maps the value [6.40ms]
(pass) catch handles a rejection [18.05ms]
(pass) a throw inside then becomes a rejection [1.87ms]
(pass) then without an onRejected forwards the rejection [19.61ms]
(pass) catch forwards a fulfilment [1.87ms]
(pass) finally runs and passes the value through [1.84ms]
(pass) finally passes a rejection through [38.27ms]
(pass) Promise.resolve is idempotent on a promise [1.88ms]
(pass) resolving with a thenable adopts its value [34.34ms]
(pass) thenable resolution runs its then method as a microtask [2.04ms]
(pass) a throwing then getter rejects the promise [47.71ms]
(pass) promise resolution ignores later resolve and reject calls [10.32ms]
(pass) resolving with a rejecting thenable rejects [1.87ms]
(pass) a promise resolved with a promise adopts it [13.77ms]
(pass) Promise.all collects values in order [4.91ms]
(pass) Promise.all on an empty list resolves immediately [26.18ms]
(pass) Promise.all rejects on the first rejection [1.82ms]
(pass) Promise.allSettled reports both outcomes [38.34ms]
(pass) Promise.race takes the first settlement [2.41ms]
(pass) Promise.any takes the first fulfilment [37.16ms]
(pass) Promise.any rejects with an AggregateError when all reject [2.66ms]
(pass) an async function returns a promise [54.94ms]
(pass) a throwing async function rejects with the thrown value [38.25ms]
(pass) await unwraps a promise [3.02ms]
(pass) try/catch around await catches a rejection [41.45ms]
(pass) await inside a loop accumulates [2.47ms]
(pass) await resolves a timer-backed promise [38.56ms]
(pass) an async arrow with no parameters [1.77ms]
(pass) an async arrow with one bare parameter [42.29ms]
(pass) an async arrow without parentheses [34.13ms]
(pass) an async object method [1.94ms]
(pass) an async class method [1.82ms]
(pass) async is still usable as a property name [38.24ms]
(pass) for await consumes an array of promises [39.58ms]
(pass) for await consumes an async generator [30.07ms]
(pass) an async generator may await between yields [2.87ms]
(pass) Symbol.asyncIterator drives for await [29.76ms]
(pass) a generator object method [2.92ms]
(pass) a generator class method [62.15ms]

tests/errors.test.js:
(pass) each built-in error carries its name [33.06ms]
(pass) message round-trips [49.48ms]
(pass) a subclass inherits the constructor [3.94ms]
(pass) a subclass can add its own state [30.34ms]
(pass) a subclass is catchable [2.73ms]
(pass) a derived class without a constructor forwards its arguments [34.73ms]
(pass) an explicit derived constructor is used instead [8.17ms]
(pass) stack begins with the error line [50.45ms]
(pass) stack names the frames it was constructed in [2.47ms]
(pass) stack names the whole call chain [11.13ms]
(pass) an internally raised error carries a stack too [32.36ms]
(pass) toString joins the name and message [26.69ms]
(pass) String() uses toString [23.46ms]
(pass) an internally raised error stringifies too [25.92ms]
(pass) a custom toString is used by String and templates [31.82ms]
(pass) a non-string return is coerced [30.17ms]
(pass) an object without toString still renders opaquely [2.24ms]
(pass) a custom toString is used by concatenation [69.99ms]
(pass) compound concatenation uses it on either side [28.30ms]
(pass) valueOf wins over toString for the default hint [104.25ms]
(pass) a toString returning a number makes + numeric [2.26ms]
(pass) an object without either renders opaquely [84.90ms]
(pass) arrays reduce to their string form [34.08ms]
(pass) numeric operators coerce through the string form too [80.71ms]
(pass) an object has no numeric value [51.83ms]
(pass) Number() follows the same rules [59.21ms]
(pass) numeric compound assignment is unaffected [17.52ms]

tests/modules-linking.test.js:
(pass) an imported binding tracks the exporting module [11.58ms]
(pass) a renamed import is still live [12.21ms]
(pass) a namespace object is live [2.75ms]
(pass) export let declares in module scope [21.17ms]
(pass) a namespace exposes the default under 'default' [2.44ms]
(pass) a namespace lists its exports [36.02ms]
(pass) import renames with `as` [4.08ms]
(pass) import { default as x } names the default export [18.25ms]
(pass) export ... from forwards a named export [32.10ms]
(pass) export ... from renames while forwarding [2.19ms]
(pass) a re-exported binding is still live [21.66ms]
(pass) export { default as x } from forwards the default [26.93ms]
(pass) export * forwards every named export [20.57ms]
(pass) export * excludes the default export [13.93ms]
(pass) export * as names the namespace [10.85ms]
(pass) import() resolves to the namespace [52.20ms]
(pass) await import() works inside an async function [19.38ms]
(pass) import() of a missing module rejects [2.10ms]
(pass) a module's private bindings do not leak to the global scope [36.94ms]
(pass) two modules can declare the same top-level name [2.46ms]
(pass) a module still sees the globals the host exposed [42.86ms]
(pass) visibility runs one way: modules see the script scope, not each other [35.06ms]
(pass) defineModule defers evaluation until the first import [2.46ms]
(pass) a body error in a deferred module surfaces at the import [48.70ms]
(pass) a cyclic module graph links [2.91ms]
(pass) a cycle links a forward reference [47.22ms]
(pass) a cycle links from either entry point [31.12ms]

tests/stdlib-breadth.test.js:
(pass) reading a property of null is a TypeError [18.54ms]
(pass) a nested miss reports where it failed [46.11ms]
(pass) optional chaining still short-circuits [18.76ms]
(pass) super.method calls the superclass implementation [3.74ms]
(pass) super works from a differently named method [21.12ms]
(pass) super reaches a superclass getter [23.95ms]
(pass) super() still runs the superclass constructor [3.01ms]
(pass) an object pattern supplies a default [54.96ms]
(pass) a renamed property takes a default [16.25ms]
(pass) an object rest pattern collects what is left [14.11ms]
(pass) defaults nest [1.67ms]
(pass) a destructured parameter takes defaults [19.15ms]
(pass) a computed method name evaluates its key [24.52ms]
(pass) a literal computed method name still works [27.36ms]
(pass) splice returns what it removed [1.78ms]
(pass) splice removes in place [41.16ms]
(pass) splice inserts [20.98ms]
(pass) splice without a count removes the tail [42.88ms]
(pass) a negative start counts from the end [1.89ms]
(pass) padStart and padEnd [43.05ms]
(pass) trimStart and trimEnd [38.59ms]
(pass) at, lastIndexOf, concat and localeCompare [55.18ms]
(pass) codePointAt [46.58ms]
(pass) toString takes a radix [87.22ms]
(pass) an out-of-range radix throws [1.93ms]
(pass) toPrecision reports significant figures [28.03ms]
(pass) a numeric indent formats the output [26.10ms]
(pass) nested values indent progressively [1.92ms]
(pass) empty collections stay on one line [63.68ms]
(pass) a string indent is used verbatim [26.32ms]
(pass) no indent keeps the compact form [2.66ms]
(pass) a string containing braces is not re-indented [35.42ms]

tests/object-model.test.js:
(pass) delete removes the property [19.59ms]
(pass) object literal duplicate keys use the last value and keep insertion order [13.55ms]
(pass) delete reports success [2.15ms]
(pass) delete of a computed key [1.71ms]
(pass) delete of a missing property still succeeds [45.10ms]
(pass) delete of a non-reference is true [1.73ms]
(pass) delete of a declared binding is false [10.21ms]
(pass) delete does not reach the prototype [1.77ms]
(pass) delete of a non-configurable property fails [15.50ms]
(pass) in finds an own property [2.16ms]
(pass) in finds an inherited property [23.37ms]
(pass) in reports a missing property [8.95ms]
(pass) in works on array indices [37.94ms]
(pass) an object is strictly equal to itself [14.00ms]
(pass) distinct objects are not strictly equal [1.76ms]
(pass) an array is strictly equal to itself [23.00ms]
(pass) a function is strictly equal to itself [7.84ms]
(pass) aliases share identity [17.19ms]
(pass) Object.create links the prototype [2.67ms]
(pass) Object.create leaves the prototype out of the own keys [2.14ms]
(pass) Object.getPrototypeOf round-trips [33.24ms]
(pass) Object.create(null) has a null prototype [3.04ms]
(pass) Object.setPrototypeOf is observed through every reference [14.05ms]
(pass) Object.create with a descriptor map [35.23ms]
(pass) defineProperty defaults to non-enumerable [2.18ms]
(pass) a non-enumerable property is still readable [23.15ms]
(pass) an enumerable defined property appears in Object.keys [33.55ms]
(pass) defineProperty defaults to non-writable [3.38ms]
(pass) a writable defined property accepts assignment [42.53ms]
(pass) getOwnPropertyDescriptor of a plain property [1.92ms]
(pass) getOwnPropertyDescriptor of a missing property [38.16ms]
(pass) getOwnPropertyDescriptors covers every own property [1.85ms]
(pass) defineProperty installs a getter [10.12ms]
(pass) defineProperty installs a setter [1.95ms]
(pass) defineProperty installs a getter and a setter together [26.61ms]
(pass) assignment follows inherited accessor and data property descriptors [15.74ms]
(pass) object literal getter and setter declarations combine [22.07ms]
(pass) object spread reads an accessor and copies its current value [2.92ms]
(pass) defineProperties installs several at once [24.11ms]
(pass) redefining a non-configurable property throws [13.49ms]
(pass) getOwnPropertyNames includes non-enumerable properties [10.29ms]
(pass) freeze rejects writes [34.60ms]
(pass) freeze rejects additions [51.29ms]
(pass) isFrozen reports a frozen object [1.86ms]
(pass) isFrozen reports an ordinary object [21.92ms]
(pass) seal keeps writes but rejects additions [2.33ms]
(pass) isSealed reports a sealed object [17.99ms]
(pass) a sealed property cannot be deleted [1.99ms]
(pass) preventExtensions blocks new properties [36.97ms]
(pass) Object.hasOwn sees an own property [1.91ms]
(pass) Object.hasOwn ignores the prototype [1.83ms]
(pass) Object.fromEntries builds an object [7.79ms]
(pass) Object.is distinguishes NaN [13.96ms]
(pass) Object.is distinguishes signed zero [1.85ms]
(pass) Object.values runs getters [80.47ms]
(pass) Object.entries pairs keys with values [2.31ms]
(pass) Reflect.get reads a property [17.71ms]
(pass) Reflect.set writes a property [8.49ms]
(pass) Reflect.has follows the prototype chain [20.68ms]
(pass) Reflect.deleteProperty removes a property [51.13ms]
(pass) Reflect.ownKeys lists own properties [2.87ms]
(pass) Reflect.apply calls with an argument array [27.24ms]
(pass) Reflect.construct builds an instance [12.64ms]
(pass) Reflect.defineProperty reports failure instead of throwing [13.15ms]
(pass) Reflect.getPrototypeOf matches Object.getPrototypeOf [1.89ms]
(pass) Reflect.preventExtensions reports success [42.62ms]
(pass) an object property may be named get [2.09ms]
(pass) an object method may be named set [22.18ms]

tests/generators-delegation.test.js:
(pass) yield* delegates to an array [67.53ms]
(pass) yield* delegates to another generator [23.77ms]
(pass) yield* evaluates to the delegate's return value [2.10ms]
(pass) yield* delegates to a string [20.81ms]
(pass) yield* forwards values sent with next(v) [27.26ms]
(pass) closing the outer generator closes the delegate [22.93ms]
(pass) nested delegation composes [10.93ms]
(pass) a generator can be spread [1.97ms]
(fail) spreading an infinite generator is bounded, not a hang [10453.91ms]
  ^ this test timed out after 5000ms.

tests/lexer.test.js:
(pass) tokenizes integers [0.49ms]
(pass) tokenizes floats [0.09ms]
(pass) tokenizes numeric separators [25.56ms]
(pass) tokenizes single-quoted strings [0.15ms]
(pass) tokenizes double-quoted strings [0.08ms]
(pass) tokenizes string escape sequences [22.20ms]
(pass) tokenizes identifiers with $ and _ [33.93ms]
(pass) skips single-line comments [2.03ms]
(pass) skips multi-line comments [6.07ms]
(pass) tokenizes arithmetic operators in expressions [0.13ms]
(pass) tokenizes increment/decrement in expressions [54.27ms]
(pass) tokenizes comparison operators in expressions [0.28ms]
(pass) tokenizes logical operators in expressions [0.09ms]
(pass) tokenizes assignment operators in expressions [0.07ms]
(pass) tokenizes arrow function syntax [0.09ms]
(pass) tokenizes spread in array [0.04ms]
(pass) tokenizes keywords in context [0.18ms]
(pass) handles empty input [2.05ms]
(pass) handles whitespace-only input [10.73ms]

tests/host-module.test.js:
(pass) registerHostModule exposes host functions as module exports [3.50ms]
(pass) registerHostModule returns the globals it created [28.02ms]
(pass) removeModule revokes the module's bridge globals [1.86ms]
(pass) module names that differ only in punctuation get separate namespaces [28.55ms]
(pass) re-registering with fewer exports revokes the dropped bridge global [16.45ms]
(pass) a failed re-registration leaves the previous exports intact [14.45ms]
(pass) exports receive every argument and can return objects [2.01ms]
(pass) a host error thrown by an export is catchable in the guest [36.01ms]
(pass) options.async marks exports the guest can await [77.52ms]
(pass) re-registering a host module replaces the previous exports [32.23ms]
(pass) an empty exports object is rejected [16.10ms]
(pass) non-function exports are rejected [1.75ms]
(pass) export names that are not identifiers are rejected [21.94ms]
(pass) registering a host module does not leak host globals into the guest [2.00ms]
(pass) options.async naming a missing export is rejected [21.83ms]
(fail) a failure after a binding was replaced rolls that binding back [24293.90ms]
  ^ this test timed out after 5000ms.
(pass) keyword export names are rejected, not compiled into broken source [64.83ms]

tests/proxy.test.js:
(pass) an empty handler is transparent [46.53ms]
(pass) a proxy may wrap another proxy [1592.74ms]
(pass) the get trap intercepts reads [150.52ms]
(pass) the get trap receives the target and the key [7.05ms]
(pass) the set trap intercepts writes [2.17ms]
(pass) the has trap answers `in` [30.59ms]
(pass) the deleteProperty trap intercepts delete [44.37ms]
(pass) property traps preserve symbol keys [19.18ms]
(pass) the ownKeys trap answers Object.keys [31.63ms]
(pass) the apply trap intercepts calls [37.42ms]
(pass) a proxied function without an apply trap still calls [41.25ms]
(pass) the construct trap intercepts new [3.34ms]
(pass) a proxied class without a construct trap still constructs [76.35ms]
(pass) typeof reports what the proxy wraps [23.72ms]
(pass) a non-object target is rejected [93.36ms]
(pass) a non-object handler is rejected [2.25ms]
(pass) a proxy serializes as its target [20.92ms]
(pass) Function compiles a body [9.69ms]
(pass) Function works without new [2.61ms]
(pass) one argument may list several parameters [34.49ms]
(pass) a body with no parameters [7.35ms]
(pass) a syntax error in the body throws [7.85ms]

tests/runtime-session.test.js:
(pass) VmSession.registerGlobal publishes and replaces generic metadata [839.97ms]
(pass) VmSession attach and detach clear obsolete globals [9.00ms]
(pass) VmSession rejects malformed and oversized metadata [78.10ms]
(pass) legacy host-function type strings remain accepted [114.88ms]
(pass) legacy host-function metadata accepts descriptive type names [8.28ms]
(pass) registerGlobal stays strict about unknown type names [69.34ms]
(pass) legacy string shapes enforce the same depth limit as structured shapes [11.04ms]
(pass) shape kinds reject fields they do not interpret [121.02ms]
(pass) VmIpc publishes only public ipc metadata and removes the facade on detach [398.28ms]

tests/web-globals.test.js:
(pass) the pure globals are callable [147.22ms]
(pass) encode produces UTF-8 bytes [5.78ms]
(pass) decode reads UTF-8 bytes [65.25ms]
(pass) encode and decode round-trip beyond ASCII [21.35ms]
(pass) decode accepts a buffer [10.09ms]
(pass) a query string parses [95.83ms]
(pass) a missing key is null [6.36ms]
(pass) repeated keys are preserved [2.35ms]
(pass) set replaces and append adds [92.93ms]
(pass) has and delete [78.31ms]
(pass) percent and plus encoding round-trip [31.61ms]
(pass) an array of pairs seeds the params [1.52ms]
(pass) an object seeds the params [62.49ms]
(pass) params iterate [14.63ms]
(pass) forEach visits each pair [10.51ms]
(pass) a clone is deep [2.09ms]
(pass) cycles are preserved [5.99ms]
(pass) shared references stay shared [1.74ms]
(pass) dates and typed arrays clone by value [74.56ms]
(pass) a function cannot be cloned [11.67ms]
(pass) primitives pass through [9.86ms]
(pass) network APIs remain unavailable or inert before capabilities are granted [40.84ms]

tests/web-compat.test.js:
(pass) Array search methods honor fromIndex [350.21ms]
(pass) typed array search methods honor fromIndex [60.19ms]
(pass) String search methods honor the position argument [235.63ms]
(pass) String indexOf reports character offsets, like lastIndexOf [73.31ms]
(pass) Map/Set/WeakMap/WeakSet expose .prototype [171.83ms]
(pass) classes can extend Map and Set [43.92ms]
(pass) destructuring accepts computed keys [201.11ms]
(pass) C-style for accepts a pattern head with trailing declarators [14.25ms]
(pass) classes accept computed, string, and numeric member names [201.77ms]
(pass) module bodies hoist function declarations like scripts [74.59ms]
(pass) Proxy accepts globalThis as a target [6.99ms]
(pass) defineProperty may narrow writable on a non-configurable property [210.04ms]
(pass) object destructuring reads through the normal member path [106.15ms]
(pass) loose equality with same-type operands matches strict equality [58.12ms]
(pass) falling off the end of a function returns undefined [45.14ms]
(pass) Array push/pop are generic over non-array receivers [189.54ms]

tests/collections.test.js:
(fail) typeof Map and Set are functions [61500.47ms]
  ^ this test timed out after 5000ms.
(pass) a map stores and reads [105.10ms]
(pass) a map is seeded from entries [2.78ms]
(pass) size tracks mutation [43.25ms]
(pass) has reports membership [23.62ms]
(pass) get on a missing key is undefined [7.93ms]
(pass) set is chainable [78.50ms]
(pass) an object key matches by identity [2.24ms]
(pass) distinct objects are distinct keys [34.62ms]
(pass) re-setting a key keeps its position [2.12ms]
(pass) clear empties the map [35.29ms]
(pass) keys, values and entries iterate [111.40ms]
(pass) a map iterates as entries [36.86ms]
(pass) forEach receives value, key and the map [48.46ms]
(pass) map internals are not own properties [2.05ms]
(pass) a map has no JSON representation of its entries [79.55ms]
(pass) collection String tags match Node and Bun [1564.85ms]
(pass) a set deduplicates [290.40ms]
(pass) a set spreads to its values [42.91ms]
(pass) add is chainable and idempotent [56.76ms]
(pass) NaN is its own match [2.84ms]
(pass) a set is seeded from a string [26.48ms]
(pass) delete reports whether it removed anything [54.63ms]
(pass) set entries pair each value with itself [39.18ms]
(pass) forEach sums a set [75.79ms]
(pass) a weak map stores by identity [29.55ms]
(pass) a weak set holds membership [2.00ms]
(pass) a weak collection has no size [14.08ms]
(pass) for...of destructures an array pattern [2.11ms]
(pass) for...of destructures an object pattern [28.20ms]

tests/syntax-errors.test.js:
(pass) a malformed statement is a SyntaxError with a position [109.70ms]
(pass) a partial program is not executed [2.44ms]
(pass) an unknown character is reported rather than skipped [38.05ms]
(pass) a missing closing paren in an if head is rejected [1.50ms]
(pass) errors report the first problem, not a cascade [17.95ms]
(pass) unclosed parameter list reports end of input instead of hanging [2.08ms]
(pass) unclosed array reports end of input instead of hanging [34.60ms]
(pass) unclosed block reports end of input instead of hanging [1.35ms]
(pass) unclosed call reports end of input instead of hanging [62.10ms]
(pass) unclosed object reports end of input instead of hanging [1.34ms]
(pass) valid syntax is unaffected [221.64ms]

tests/builtin-constructors.test.js:
(pass) String coerces to a string [87.18ms]
(pass) typeof String is function [24.35ms]
(pass) String still carries its statics [2.33ms]
(pass) Number coerces to a number [47.61ms]
(pass) Boolean coerces to a boolean [17.65ms]
(pass) Number constants [145.73ms]
(pass) Object() wraps a nullish value [32.34ms]
(pass) Object() boxes primitives and preserves their value [62.08ms]
(pass) Array.of collects its arguments [30.88ms]
(pass) Array.from copies an array [2.42ms]
(pass) Array.from maps as it copies [14.10ms]
(pass) Array.from reads an array-like [1.80ms]
(pass) Array.from iterates a string [78.77ms]
(pass) Array.from drains a generator [55.50ms]
(pass) Array(n) allocates n slots [30.23ms]
(pass) Array with several arguments collects them [2.99ms]
(pass) an array carries named properties [42.46ms]
(pass) assigning length truncates [2.06ms]
(pass) a tag receives the chunks and the values [46.51ms]
(pass) a tag receives the raw chunks [30.86ms]
(pass) a tag receives the cooked chunks [2.19ms]
(pass) String.raw leaves escapes alone [53.19ms]
(pass) String.raw interleaves substitutions [30.00ms]
(pass) a method can be a tag [26.96ms]

tests/vm-validation.test.js:
(pass) optional chaining accepts keyword property names [4.60ms]
(pass) object literals accept reserved words as property names [2.00ms]
(pass) contextual words can be function and variable names [11.04ms]
(pass) Object.prototype.hasOwnProperty.call is available [7.23ms]
(pass) validateModule accepts module syntax without resolving imports [46.04ms]
(pass) validateModule parses source without executing it [2.81ms]
(pass) validateModule returns a positioned syntax diagnostic [2.06ms]
(pass) validateModule classifies excessive nesting as a parse limit [96.33ms]

tests/error-handling.test.js:
(pass) try/catch basic [26.69ms]
(pass) try/catch with number throw [1.90ms]
(pass) try/catch with string throw [42.63ms]
(pass) try without throw executes normally [22.49ms]
(pass) catch variable scoped [2.17ms]
(pass) nested try/catch [34.18ms]
(pass) try/catch does not catch non-throw errors silently [2.10ms]
(pass) throw stops execution in try block [34.27ms]
(pass) try/catch/finally - finally runs after try [19.06ms]
(pass) try/catch/finally - finally runs after catch [1.92ms]
(pass) error in function caught by caller [25.90ms]
(pass) error propagates through call stack [2.15ms]
(pass) throw with expression [45.75ms]
(pass) conditional throw [28.23ms]
(pass) try/catch returns value from try [2.21ms]
(pass) try/catch returns value from catch [24.61ms]
(pass) multiple statements in catch [2.39ms]
(pass) undefined variable access throws (not caught by try/catch) [43.14ms]
(pass) calling non-function throws (not caught by try/catch) [1.85ms]

tests/array-methods.test.js:
(pass) at supports negative indices [28.41ms]
(pass) findIndex reports the position [43.46ms]
(pass) findLast and findLastIndex search from the end [32.20ms]
(pass) lastIndexOf searches from the end [15.73ms]
(pass) shift and unshift work at the front [63.76ms]
(pass) fill writes a range [23.90ms]
(pass) keys, values and entries iterate [40.46ms]
(pass) gen.throw raises at the suspension point [20.30ms]
(pass) an uncaught gen.throw propagates to the caller [2.24ms]
(pass) gen.return finishes the generator [18.95ms]
(pass) gen.return runs a finally block [5.88ms]
(pass) a returned generator is exhausted [2.08ms]

tests/variables.test.js:
(pass) const declaration [24.04ms]
(pass) let declaration [33.83ms]
(pass) var declaration [3.28ms]
(pass) uninitialized declaration [32.06ms]
(pass) multiple declarations [1.72ms]
(pass) reassignment [19.96ms]
(pass) compound assignment += [45.28ms]
(pass) compound assignment -= [1.78ms]
(pass) compound assignment *= [42.09ms]
(pass) compound assignment /= [2.38ms]
(pass) chained compound assignment [26.59ms]
(pass) assignment expression returns value [44.51ms]
(pass) a declaration produces no completion value [54.98ms]
(pass) variable shadowing in functions [39.90ms]
(pass) global variable accessible in functions [2.13ms]
(pass) assignment to global from function [17.97ms]

tests/functions.test.js:
(pass) function declaration and call [20.25ms]
(pass) function with no params [22.36ms]
(pass) function with no return [1.82ms]
(pass) function with early return [44.74ms]
(pass) arrow function expression body [34.45ms]
(pass) arrow function block body [13.25ms]
(pass) arrow function no params [1.70ms]
(pass) arrow function single param with parens [1.90ms]
(pass) function expression [29.34ms]
(pass) higher-order functions [2.18ms]
(pass) functions as return values [20.78ms]
(pass) closures capture variables [23.13ms]
(pass) closure over loop variable [26.16ms]
(pass) recursion: factorial [38.67ms]
(pass) recursion: fibonacci [32.47ms]
(pass) mutual recursion [17.99ms]
(pass) nested function declarations [11.09ms]
(pass) function calling another function [2.10ms]
(pass) function with default-like behavior via || [23.84ms]
(pass) variadic-like via arguments count [18.81ms]
(pass) missing arguments are undefined [14.11ms]
(pass) extra arguments ignored [9.33ms]
(pass) function name in typeof [33.00ms]
(pass) new with function returns object [38.71ms]
(pass) IIFE pattern [77.19ms]

tests/control-flow.test.js:
(pass) if true branch [19.75ms]
(pass) if false branch [1.98ms]
(pass) if/else [23.42ms]
(pass) if/else if/else chain [67.88ms]
(pass) nested if [20.23ms]
(pass) while loop [22.12ms]
(pass) while loop with condition-based exit [3.02ms]
(pass) for loop basic [6.63ms]
(pass) for loop with var [5.65ms]
(pass) for loop with expression init [18.02ms]
(pass) for loop countdown [9.68ms]
(pass) for loop with no init [2.69ms]
(pass) for loop with no update [1.86ms]
(pass) nested for loops [19.52ms]
(pass) for...of array [3.80ms]
(pass) for...of builds string [53.86ms]
(pass) for...in object keys [55.13ms]
(pass) for...in array indices [2.58ms]
(pass) switch statement [33.82ms]
(pass) switch fallthrough [15.85ms]
(pass) switch with break [2.06ms]
(pass) switch default only [10.31ms]
(pass) break in switch works [1.97ms]
(pass) for loop exits via condition [31.62ms]
(pass) ternary operator [31.54ms]
(pass) nested ternary [1.77ms]
(pass) ternary with expressions [30.10ms]
(pass) block statement [14.78ms]
(pass) empty statement [1.71ms]
(pass) multiple statements return last [18.40ms]

tests/destructuring.test.js:
(pass) array and object declarations bind [31.06ms]
(pass) declarations take defaults [3.85ms]
(pass) declarations nest [42.18ms]
(pass) a rest element collects the tail [21.45ms]
(pass) array destructuring assignment swaps [45.47ms]
(pass) object destructuring assignment needs parentheses [2.07ms]
(pass) an assignment reaches an outer binding [14.46ms]
(pass) a property can be a target [17.34ms]
(pass) an assignment takes defaults [14.05ms]
(pass) a missing property assigns undefined [1.83ms]
(pass) a rest element works in an assignment [14.67ms]
(pass) an object parameter destructures [2.04ms]
(pass) an array parameter destructures [26.11ms]
(pass) a destructured parameter takes a whole-parameter default [11.99ms]
(pass) several destructured parameters [19.96ms]
(pass) a destructured parameter mixes with a plain one [1.81ms]
(pass) destructured parameters nest [22.18ms]
(pass) an arrow takes a destructured parameter [31.49ms]

tests/language-features.test.js:
(pass) IEEE-754 double precision addition [1.92ms]
(pass) positive division by zero yields Infinity [18.43ms]
(pass) negative division by zero yields -Infinity [7.22ms]
(pass) zero divided by zero yields NaN [1.55ms]
(pass) very large integer literal round-trips [10.21ms]
(pass) the Infinity constant prints as Infinity [20.10ms]
(pass) NaN constant is a number [3.98ms]
(pass) newline escape [1.91ms]
(pass) tab escape [11.39ms]
(pass) backslash escape [1.64ms]
(pass) quote escapes [4.02ms]
(pass) null escape [10.37ms]
(pass) typeof array is object [1.85ms]
(pass) typeof object is object [9.73ms]
(pass) typeof arrow function is function [1.81ms]
(pass) typeof function declaration is function [9.53ms]
(pass) typeof typeof number is string [6.84ms]
(pass) NaN is not equal to itself (strict) [2.00ms]
(pass) NaN is not equal to itself (loose) [1.92ms]
(pass) null loosely equals undefined [4.23ms]
(pass) null does not strictly equal undefined [12.99ms]
(pass) null strictly equals null [2.90ms]
(pass) undefined strictly equals undefined [19.76ms]
(pass) number + number + string concatenates left to right [15.50ms]
(pass) string first forces concatenation [2.45ms]
(pass) array to string joins with commas [4.35ms]
(pass) object to string is [object Object] [8.55ms]
(pass) boolean true stringifies in concat [1.86ms]
(pass) postfix decrement returns old value [1.67ms]
(pass) prefix decrement returns new value [30.32ms]
(pass) double negation of boolean [2.32ms]
(pass) switch with no matching case yields empty result [13.26ms]
(pass) nested for loops count correctly [1.97ms]
(pass) for...in iterates all keys in order [34.92ms]
(pass) for...of sums array values [16.86ms]
(pass) block can mutate outer variable [1.85ms]
(pass) chained comparison via && [11.19ms]
(pass) bare return yields undefined [23.32ms]
(pass) statements after return are unreachable [18.42ms]
(pass) arrow returning object literal in parens [1.92ms]
(pass) function composition [25.93ms]
(pass) three-argument function [2.41ms]
(pass) identity function [14.14ms]
(pass) function expression assigned and called [1.69ms]
(pass) closure accumulator retains state [37.70ms]
(pass) two closures have independent state [1.90ms]
(pass) deeply nested object access [21.88ms]
(pass) nested array indexing [1.65ms]
(pass) object property arithmetic [34.00ms]
(pass) program: FizzBuzz (1-15) [4.97ms]
(pass) program: greatest common divisor [1.94ms]
(pass) program: iterative factorial [34.10ms]
(pass) program: primality test [1.95ms]
(pass) program: collatz steps [35.87ms]
(pass) program: max of array via for...of [1.91ms]
(pass) program: sum of nested array (grid) [2.68ms]
(pass) program: countdown string [30.15ms]
(pass) program: csv builder with separator logic [22.51ms]

tests/edge-cases.test.js:
(pass) class declaration [52.14ms]
(pass) class with constructor [2.18ms]
(pass) class with methods [19.07ms]
(pass) class with static method [10.43ms]
(pass) class with fields [1.74ms]
(pass) class extends [10.06ms]
(pass) deeply nested expressions [2.25ms]
(pass) deeply nested function calls [18.44ms]
(pass) deeply nested member access [1.87ms]
(pass) empty array [19.43ms]
(pass) empty object [2.26ms]
(pass) array with undefined holes [1.74ms]
(pass) string with special chars [20.28ms]
(pass) number edge cases [20.12ms]
(pass) boolean coercion in if [56.89ms]
(pass) boolean coercion in while [15.39ms]
(pass) boolean coercion in ternary [21.88ms]
(pass) string comparison via == [16.75ms]
(pass) object equality is by reference (always false) [6.71ms]
(pass) array equality is by reference (always false) [2.09ms]
(pass) function toString representation [10.20ms]
(pass) native function toString representation [1.62ms]
(pass) number formatting: integers [8.81ms]
(pass) number formatting: floats [17.54ms]
(pass) negative numbers [9.19ms]
(pass) chained member and call [14.99ms]
(pass) computed property with expression [1.99ms]
(pass) assignment in expression [7.72ms]
(pass) multiple assignment [13.90ms]
(pass) complex program: sum of squares [2.02ms]
(pass) complex program: isPrime [24.20ms]
(pass) complex program: map-like pattern [34.81ms]
(pass) complex program: accumulator pattern [10.22ms]
(pass) complex program: string builder [12.12ms]
(pass) complex program: nested data access [1.93ms]
(pass) program with all control flow [30.62ms]

tests/crash-safety.test.js:
