TAP version 13
# Subtest: persistent owner keeps globals across repeated executions
ok 1 - persistent owner keeps globals across repeated executions
  ---
  duration_ms: 114.00757
  type: 'test'
  ...
# Subtest: host functions and Node marshalling execute on Node thread without sync VM deadlock
ok 2 - host functions and Node marshalling execute on Node thread without sync VM deadlock
  ---
  duration_ms: 55.99676
  type: 'test'
  ...
# Subtest: manual virtual turns preserve unfinished checkpoints and absolute timers
ok 3 - manual virtual turns preserve unfinished checkpoints and absolute timers
  ---
  duration_ms: 31.979232
  type: 'test'
  ...
# Subtest: bounded command queue rejects visibly without losing accepted completion
ok 4 - bounded command queue rejects visibly without losing accepted completion
  ---
  duration_ms: 19.925214
  type: 'test'
  ...
# Subtest: same-session commands from a host function fail instead of deadlocking
ok 5 - same-session commands from a host function fail instead of deadlocking
  ---
  duration_ms: 62.020205
  type: 'test'
  ...
# Subtest: deadline interrupts long callback and a never-settled host promise
ok 6 - deadline interrupts long callback and a never-settled host promise
  ---
  duration_ms: 85.422785
  type: 'test'
  ...
# Subtest: shutdown cancels guest work and settles every pending completion
ok 7 - shutdown cancels guest work and settles every pending completion
  ---
  duration_ms: 20.081804
  type: 'test'
  ...
# Subtest: shutdown wakes an owner awaiting a never-settled Node completion
ok 8 - shutdown wakes an owner awaiting a never-settled Node completion
  ---
  duration_ms: 20.195016
  type: 'test'
  ...
# Subtest: idle sessions and pending completions have correct Node lifetimes
ok 9 - idle sessions and pending completions have correct Node lifetimes
  ---
  duration_ms: 2535.444542
  type: 'test'
  ...
# Subtest: immediate cancellation reaches commands not yet dequeued by owner
ok 10 - immediate cancellation reaches commands not yet dequeued by owner
  ---
  duration_ms: 44.754436
  type: 'test'
  ...
# Subtest: pending Node promise stays rooted until deadline and retires on disposal
ok 11 - pending Node promise stays rooted until deadline and retires on disposal
  ---
  duration_ms: 1135.711794
  type: 'test'
  ...
# Subtest: Node worker teardown wakes and terminates the persistent guest owner
ok 12 - Node worker teardown wakes and terminates the persistent guest owner
  ---
  duration_ms: 1041.901947
  type: 'test'
  ...
# Subtest: throwing checkpoint recovers before new guest code
ok 13 - throwing checkpoint recovers before new guest code
  ---
  duration_ms: 1.576453
  type: 'test'
  ...
# Subtest: unawaited host results do not lock admission and remain awaitable
ok 14 - unawaited host results do not lock admission and remain awaitable
  ---
  duration_ms: 4.901656
  type: 'test'
  ...
# Subtest: top-level await waits for future and nested real-time timers
ok 15 - top-level await waits for future and nested real-time timers
  ---
  duration_ms: 94.668256
  type: 'test'
  ...
# Subtest: cancel and dispose wake a future-timer await after a host barrier
ok 16 - cancel and dispose wake a future-timer await after a host barrier
  ---
  duration_ms: 17.463339
  type: 'test'
  ...
# Subtest: abandoned results are retired while closure-held results survive
ok 17 - abandoned results are retired while closure-held results survive
  ---
  duration_ms: 1189.829091
  type: 'test'
  ...
# Subtest: virtual top-level await never advances time and supports host-driven recovery
ok 18 - virtual top-level await never advances time and supports host-driven recovery
  ---
  duration_ms: 3.525575
  type: 'test'
  ...
# Subtest: a short execution deadline caps a far-future timer await
ok 19 - a short execution deadline caps a far-future timer await
  ---
  duration_ms: 8.525273
  type: 'test'
  ...
# Subtest: dispatched host dependency rejects reentry before guest await
ok 20 - dispatched host dependency rejects reentry before guest await
  ---
  duration_ms: 118.479565
  type: 'test'
  ...
# Subtest: completed deadlines do not poison idle metadata or new executions
ok 21 - completed deadlines do not poison idle metadata or new executions
  ---
  duration_ms: 114.951448
  type: 'test'
  ...
# Subtest: delayed unawaited callback can reenter after its execution completes
ok 22 - delayed unawaited callback can reenter after its execution completes
  ---
  duration_ms: 44.776591
  type: 'test'
  ...
# Subtest: metadata and configured limits preserve pending timer deadlines
ok 23 - metadata and configured limits preserve pending timer deadlines
  ---
  duration_ms: 217.825828
  type: 'test'
  ...
# Subtest: a saved host result protects reentry across executions and queued admission
ok 24 - a saved host result protects reentry across executions and queued admission
  ---
  duration_ms: 49.468016
  type: 'test'
  ...
# Subtest: public owners use the same bytecode tier and reuse prepared source
ok 25 - public owners use the same bytecode tier and reuse prepared source
  ---
  duration_ms: 162.301411
  type: 'test'
  ...
# Subtest: legacy sync and async calls share globals closures modules symbols and shapes
ok 26 - legacy sync and async calls share globals closures modules symbols and shapes
  ---
  duration_ms: 319.048375
  type: 'test'
  ...
# Subtest: released exports stay bounded and finalization cannot wait for a Node-dependent worker
ok 27 - released exports stay bounded and finalization cannot wait for a Node-dependent worker
  ---
  duration_ms: 2625.409798
  type: 'test'
  ...
# Subtest: fresh cycle workloads stabilize without sharing mutable realm objects
ok 28 - fresh cycle workloads stabilize without sharing mutable realm objects
  ---
  duration_ms: 3072.507165
  type: 'test'
  ...
# Subtest: automatic collection bounds retained cyclic containers in a persistent owner
ok 29 - automatic collection bounds retained cyclic containers in a persistent owner
  ---
  duration_ms: 318.246153
  type: 'test'
  ...
# Subtest: the CommonJS entry point loads the native binding
ok 30 - the CommonJS entry point loads the native binding
  ---
  duration_ms: 89.732158
  type: 'test'
  ...
# Subtest: the ESM entry point loads the native binding
ok 31 - the ESM entry point loads the native binding
  ---
  duration_ms: 56.825039
  type: 'test'
  ...
# Subtest: the generated entry points agree on the package version
ok 32 - the generated entry points agree on the package version
  ---
  duration_ms: 1.282667
  type: 'test'
  ...
# Subtest: basic evaluation works
ok 33 - basic evaluation works
  ---
  duration_ms: 0.813766
  type: 'test'
  ...
# Subtest: values marshal in both directions
ok 34 - values marshal in both directions
  ---
  duration_ms: 0.916952
  type: 'test'
  ...
# Subtest: host functions are callable from the guest
ok 35 - host functions are callable from the guest
  ---
  duration_ms: 0.778768
  type: 'test'
  ...
# Subtest: async execution settles its promise
ok 36 - async execution settles its promise
  ---
  duration_ms: 101.393721
  type: 'test'
  ...
# Subtest: exposing an async function does not keep the process alive
ok 37 - exposing an async function does not keep the process alive
  ---
  duration_ms: 765.415381
  type: 'test'
  ...
# Subtest: registering an async host module does not keep the process alive
ok 38 - registering an async host module does not keep the process alive
  ---
  duration_ms: 764.37129
  type: 'test'
  ...
# Subtest: a synchronous run does not keep the process alive
ok 39 - a synchronous run does not keep the process alive
  ---
  duration_ms: 564.920128
  type: 'test'
  ...
# Subtest: dispose() lets a process that used runAsync exit
ok 40 - dispose() lets a process that used runAsync exit
  ---
  duration_ms: 847.701606
  type: 'test'
  ...
# Subtest: dispose() is idempotent and safe before any async work
ok 41 - dispose() is idempotent and safe before any async work
  ---
  duration_ms: 1.130539
  type: 'test'
  ...
# Subtest: guest errors surface as host exceptions
ok 42 - guest errors surface as host exceptions
  ---
  duration_ms: 1.605529
  type: 'test'
  ...
# Subtest: the loop budget interrupts an infinite loop
ok 43 - the loop budget interrupts an infinite loop
  ---
  duration_ms: 0.850646
  type: 'test'
  ...
# Subtest: recursion depth is capped rather than crashing the process
ok 44 - recursion depth is capped rather than crashing the process
  ---
  duration_ms: 101.116808
  type: 'test'
  ...
# Subtest: removeModule makes a module unresolvable
ok 45 - removeModule makes a module unresolvable
  ---
  duration_ms: 37.091969
  type: 'test'
  ...
# Subtest: the plugin filesystem backend enforces its read limit
ok 46 - the plugin filesystem backend enforces its read limit
  ---
  duration_ms: 0.831473
  type: 'test'
  ...
1..46
# tests 46
# suites 0
# pass 46
# fail 0
# cancelled 0
# skipped 0
# todo 0
# duration_ms 8000.410751
