npm warn Unknown env config "http-proxy". This will stop working in the next major version of npm.

> napi-vm@0.1.5 plugins:test:node
> node --test packages/plugin-*/test/*.test.mjs tools/plugins/test/*.test.mjs examples/trusted/*/test/*.test.mjs

✔ counter snapshot and restore (62.526975ms)
✔ plain JavaScript generated-contract callback, no TS compilation (31.387625ms)
✔ generated greeter callback (14.831468ms)
✔ create provides real templates and never overwrites (3656.320299ms)
✔ pack creates relocatable complete inventory and detects tampering (638.484821ms)
✔ unsafe paths, outside symlinks, directory cycles and secrets fail before output (112.783273ms)
✔ CLI rejects missing option values and invalid JSON without loading (2.351684ms)
✔ doctor validates runtime names before probing executables (120.984973ms)
✔ CLI entrypoint runs through an npm-style bin symlink (962.836556ms)
✔ native dev launch stages have verified inventories before host startup (292.177595ms)
✔ checked-in generation is reproducible (1015.229008ms)
✔ canonical nested key ordering (0.63492ms)
✔ unsupported keyword and recursive refs fail; missing outputs fail check without writes (682.319459ms)
✔ strict profile rejects conflicting or unrepresentable schemas with a pointer (796.468633ms)
✔ source object ordering and checkout path do not change identity (166.312489ms)
✔ stale check preserves existing bytes and generated Rust retains typed wire structures (503.677984ms)
✔ codegen metadata is explicit, deterministic and supports read-only checking (74.909081ms)
✔ lone surrogate literals, descriptions and property names are rejected before emission (116.685967ms)
✔ generated CONTRACT keeps prototype-sensitive properties as owned data (9.019827ms)
✔ Rust raw and escaped identifiers share the same collision namespace (18.059205ms)
✔ real Node host/compiled TS plugin callback, errors, multiple instances, cleanup (4640.914783ms)
✔ real JS plugin uses same SDK without author TypeScript (1677.961793ms)
✔ stable generated client, validated event, stateful reload, repeated shutdown (5053.853878ms)
✔ callback cycle through independent host service fails promptly (1762.735054ms)
✔ manifest rejects legacy, unknown fields, executable route and wrong runtime before spawn (80.22873ms)
✔ failed initialization and shutdown hooks reap children and keep registry nonready (3130.538206ms)
✔ noisy stdout/stderr drains independently and retained memory is bounded (1991.550879ms)
✔ trusted fixture direct filesystem outside plugin, HTTP, environment, controlled subprocess (3080.322044ms)
✔ host-to-plugin events validate negotiated service, are delivered outside reader, and acknowledge (1699.653831ms)
✔ slow subscriber overflow terminates subscription with observable error without corrupting RPC (1627.757149ms)
✔ failed quiescence preserves owned old process in DRAINING until explicit unload (3355.376972ms)
✔ failed replacement retains validated snapshot for explicit recovery, no hidden rollback (5839.983995ms)
✔ bootstrap token is redacted across stdout/stderr chunk boundaries (1472.769298ms)
✔ wrong-token connection cannot steal the legitimate child slot (1757.335685ms)
✔ authorized protocol and digest mismatch reject before initialize (2909.455227ms)
✔ startup deadline, exit before hello, and exit during invocation are bounded and reaped (4000.671877ms)
✔ missing runtime is preflight failure and plugin startup failure never retries another runtime (1379.600369ms)
✔ managed Bun missing package fails without runtime registry installation (769.011111ms)
✔ control parameter validation rejects malformed lifecycle requests without changing READY (1329.709899ms)
✔ queued old-session events are discarded across reload while in-progress callback can finish (3787.380849ms)
✔ direct child exit does not hang on a descendant retaining inherited log pipes (1346.508912ms)
✔ quiescence lets an in-flight handler finish its event and result before snapshot (2560.676443ms)
✔ a call-bound host callback context cannot invoke a replacement session (2589.714157ms)
✔ process initialization preserves explicit null configuration and rejects nonobject application context (2292.064858ms)
✔ initialize success admits READY before a coalesced first event (2002.637732ms)
✔ initialize premature response cannot admit READY (1757.871688ms)
✔ initialize invalid response cannot admit READY (1600.053584ms)
✔ initialize failed response cannot admit READY (1927.712238ms)
✔ initialize retired response cannot admit READY (1779.076431ms)
✔ a coalesced malformed event cannot make load report a dead READY session (1829.962909ms)
✔ W01/W02 all fragmentation boundaries and coalesced Unicode frames (54.09476ms)
✔ W03/W04 bounded malformed framing, UTF8, JSON, nesting and truncation (25.056376ms)
✔ W05 duplicate keys last wins; prototype-sensitive keys are data (0.245307ms)
✔ D01-D05 data rejects undefined/sparse/class/getter/cycle and preserves finite semantics (16.704832ms)
✔ D02 runtime contract identities/profile and integer validation (13.759359ms)
✔ W07 out-of-order responses correlate by ID; control remains live (111.769657ms)
✔ R07/R08/R09 busy independent chains fail promptly; timeout preserves active slot (30.969578ms)
✔ R08 pre-aborted calls settle without dispatch (13.591381ms)
✔ W06 duplicate active IDs terminate without double dispatch; unknown replies ignored (51.276343ms)
✔ W08 batches, malformed envelopes, and no-ID business calls close deterministically (3.345253ms)
✔ R10 pending business capacity rejects without losing independent control response (112.115794ms)
✔ D01/D04/D09/D10 nullable presence, tagged unions, u64, UTC calendar, and literal identities (83.572101ms)
✔ event fence preserves initialize reply order while host callbacks remain live (37.604639ms)
✔ held events are bounded and failed initialization keeps them fenced until close (1.535689ms)
✔ transport close before initialize reply discards held events (0.532245ms)
✔ result admission precedes a following event in the same read (22.310832ms)
✔ invalid or late successful results never admit a pending lifecycle (27.891343ms)
✔ SDK initialization event task preserves reply order and cleanup: success (2334.447763ms)
✔ SDK initialization event task preserves reply order and cleanup: initialize-error (1554.062811ms)
✔ SDK initialization event task preserves reply order and cleanup: disconnect (1507.550987ms)
✔ SDK definition is side-effect-free and harness validates callbacks/domain errors (126.864572ms)
✔ D06 invalid output and undeclared error are INVALID_RESULT (41.055497ms)
✔ R11 startup without managed environment fails immediately (16.551754ms)
✔ tracked background author tasks cancel and drain before snapshot (1.194145ms)
✔ harness caller cancellation settles promptly while ignored handler retains its slot (1.25807ms)
✔ harness validates host event injection and drains the event callback before snapshot (149.086409ms)
✔ wire timeout remaining duration is a positive integer for Rust callbacks (1.339593ms)
✔ harness preserves explicit null initialization data and defaults only absence (1.442703ms)
✔ relocated package retains declared assets and dynamic imports (5362.549988ms)
✔ controlled Node-API dependency is target inventoried and injected (4946.41145ms)
✔ safe max (22.830324ms)
✔ safe min (0.254305ms)
✔ unsafe max (0.367336ms)
✔ float integer (0.284689ms)
✔ i64-decimal 9223372036854775807 (0.585165ms)
✔ i64-decimal -9223372036854775808 (0.211172ms)
✔ i64-decimal 9223372036854775808 (0.246138ms)
✔ i64-decimal -0 (0.116646ms)
✔ i64-decimal 01 (0.134113ms)
✔ i64-decimal +1 (0.223252ms)
✔ u64-decimal 18446744073709551615 (12.882445ms)
✔ u64-decimal 18446744073709551616 (0.207197ms)
✔ u64-decimal -1 (0.131763ms)
✔ bytes-base64  (0.075534ms)
✔ bytes-base64 YWJj (0.098701ms)
✔ bytes-base64 YQ== (0.073362ms)
✔ bytes-base64 YQ (0.119574ms)
✔ bytes-base64 YR== (0.09186ms)
✔ utc-datetime 2000-02-29T00:00:00.000Z (0.727441ms)
✔ utc-datetime 1900-02-29T00:00:00.000Z (0.19165ms)
✔ utc-datetime 0001-01-01T00:00:00.000Z (0.075228ms)
✔ utc-datetime 0000-01-01T00:00:00.000Z (0.128145ms)
✔ utc-datetime 2026-01-01T00:00:60.000Z (0.075758ms)
✔ astral scalar length (0.17949ms)
✔ two unicode scalars (0.081072ms)
✔ optional nullable {} (0.074013ms)
✔ optional nullable {"value": null} (0.079418ms)
✔ optional nullable {"value": "x"} (0.171629ms)
✔ optional nullable {"value": 1} (0.133556ms)
✔ optional nullable {"other": null} (0.088864ms)
✔ proto sensitive key (0.085891ms)
✔ codec all header/body boundaries and coalesced last-key-wins (15.521305ms)
✔ wire rejects invalid JS data without invoking accessors (12.927046ms)
ℹ tests 113
ℹ suites 0
ℹ pass 113
ℹ fail 0
ℹ cancelled 0
ℹ skipped 0
ℹ todo 0
ℹ duration_ms 61527.913121
