npm warn Unknown env config "http-proxy". This will stop working in the next major version of npm.

> napi-vm@0.1.5 plugins:test:node
> node --test packages/plugin-*/test/*.test.mjs tools/plugins/test/*.test.mjs examples/trusted/*/test/*.test.mjs

✔ counter snapshot and restore (54.362023ms)
✔ plain JavaScript generated-contract callback, no TS compilation (30.311591ms)
✔ generated greeter callback (30.077844ms)
✔ create provides real templates and never overwrites (2721.936497ms)
✔ pack creates relocatable complete inventory and detects tampering (343.864268ms)
✔ unsafe paths, outside symlinks, directory cycles and secrets fail before output (161.297979ms)
✔ CLI rejects missing option values and invalid JSON without loading (0.74535ms)
✔ doctor validates runtime names before probing executables (102.496901ms)
✔ CLI entrypoint runs through an npm-style bin symlink (1011.701928ms)
✔ native dev launch stages have verified inventories before host startup (125.50037ms)
✔ checked-in generation is reproducible (1102.926224ms)
✔ canonical nested key ordering (0.373984ms)
✔ unsupported keyword and recursive refs fail; missing outputs fail check without writes (342.745112ms)
✔ strict profile rejects conflicting or unrepresentable schemas with a pointer (303.28829ms)
✔ source object ordering and checkout path do not change identity (295.801746ms)
✔ stale check preserves existing bytes and generated Rust retains typed wire structures (320.260287ms)
✔ codegen metadata is explicit, deterministic and supports read-only checking (135.404204ms)
✔ lone surrogate literals, descriptions and property names are rejected before emission (345.746161ms)
✔ generated CONTRACT keeps prototype-sensitive properties as owned data (16.026522ms)
✔ Rust raw and escaped identifiers share the same collision namespace (19.333831ms)
✔ real Node host/compiled TS plugin callback, errors, multiple instances, cleanup (3217.418919ms)
✔ real JS plugin uses same SDK without author TypeScript (1982.873465ms)
✔ stable generated client, validated event, stateful reload, repeated shutdown (3289.245824ms)
✔ callback cycle through independent host service fails promptly (1672.003446ms)
✔ manifest rejects legacy, unknown fields, executable route and wrong runtime before spawn (59.784018ms)
✔ failed initialization and shutdown hooks reap children and keep registry nonready (3610.766719ms)
✔ noisy stdout/stderr drains independently and retained memory is bounded (2154.898774ms)
✔ trusted fixture direct filesystem outside plugin, HTTP, environment, controlled subprocess (2026.07033ms)
✔ host-to-plugin events validate negotiated service, are delivered outside reader, and acknowledge (978.643771ms)
✔ slow subscriber overflow terminates subscription with observable error without corrupting RPC (1005.565834ms)
✔ failed quiescence preserves owned old process in DRAINING until explicit unload (2267.022788ms)
✔ failed replacement retains validated snapshot for explicit recovery, no hidden rollback (4380.850305ms)
✔ bootstrap token is redacted across stdout/stderr chunk boundaries (1718.939157ms)
✔ wrong-token connection cannot steal the legitimate child slot (1307.327754ms)
✔ authorized protocol and digest mismatch reject before initialize (1875.152818ms)
✔ startup deadline, exit before hello, and exit during invocation are bounded and reaped (4153.711813ms)
✔ missing runtime is preflight failure and plugin startup failure never retries another runtime (1461.881712ms)
✔ managed Bun missing package fails without runtime registry installation (904.91584ms)
✔ control parameter validation rejects malformed lifecycle requests without changing READY (1617.586532ms)
✔ queued old-session events are discarded across reload while in-progress callback can finish (3815.494768ms)
✔ direct child exit does not hang on a descendant retaining inherited log pipes (1390.988386ms)
✔ quiescence lets an in-flight handler finish its event and result before snapshot (2870.437674ms)
✔ a call-bound host callback context cannot invoke a replacement session (2733.68701ms)
✔ initialize success admits READY before a coalesced first event (2140.454066ms)
✔ initialize premature response cannot admit READY (1770.219825ms)
✔ initialize invalid response cannot admit READY (1531.729441ms)
✔ initialize failed response cannot admit READY (1587.715264ms)
✔ initialize retired response cannot admit READY (1497.933166ms)
✔ a coalesced malformed event cannot make load report a dead READY session (1577.47354ms)
✔ W01/W02 all fragmentation boundaries and coalesced Unicode frames (38.245113ms)
✔ W03/W04 bounded malformed framing, UTF8, JSON, nesting and truncation (10.44734ms)
✔ W05 duplicate keys last wins; prototype-sensitive keys are data (0.320128ms)
✔ D01-D05 data rejects undefined/sparse/class/getter/cycle and preserves finite semantics (8.02146ms)
✔ D02 runtime contract identities/profile and integer validation (20.0738ms)
✔ W07 out-of-order responses correlate by ID; control remains live (143.00552ms)
✔ R07/R08/R09 busy independent chains fail promptly; timeout preserves active slot (48.722222ms)
✔ R08 pre-aborted calls settle without dispatch (14.980572ms)
✔ W06 duplicate active IDs terminate without double dispatch; unknown replies ignored (32.290578ms)
✔ W08 batches, malformed envelopes, and no-ID business calls close deterministically (62.695763ms)
✔ R10 pending business capacity rejects without losing independent control response (32.290204ms)
✔ D01/D04/D09/D10 nullable presence, tagged unions, u64, UTC calendar, and literal identities (60.003421ms)
✔ event fence preserves initialize reply order while host callbacks remain live (37.306546ms)
✔ held events are bounded and failed initialization keeps them fenced until close (67.667981ms)
✔ transport close before initialize reply discards held events (0.658807ms)
✔ result admission precedes a following event in the same read (0.846208ms)
✔ invalid or late successful results never admit a pending lifecycle (47.370291ms)
✔ SDK initialization event task preserves reply order and cleanup: success (2083.89772ms)
✔ SDK initialization event task preserves reply order and cleanup: initialize-error (1648.51483ms)
✔ SDK initialization event task preserves reply order and cleanup: disconnect (1389.208249ms)
✔ SDK definition is side-effect-free and harness validates callbacks/domain errors (63.451242ms)
✔ D06 invalid output and undeclared error are INVALID_RESULT (50.922357ms)
✔ R11 startup without managed environment fails immediately (1.34297ms)
✔ tracked background author tasks cancel and drain before snapshot (1.721976ms)
✔ harness caller cancellation settles promptly while ignored handler retains its slot (50.042595ms)
✔ harness validates host event injection and drains the event callback before snapshot (90.928197ms)
✔ wire timeout remaining duration is a positive integer for Rust callbacks (15.987751ms)
✔ relocated package retains declared assets and dynamic imports (4114.990534ms)
✔ controlled Node-API dependency is target inventoried and injected (3952.448993ms)
✔ safe max (2.252172ms)
✔ safe min (0.263751ms)
✔ unsafe max (42.256208ms)
✔ float integer (0.190803ms)
✔ i64-decimal 9223372036854775807 (0.465629ms)
✔ i64-decimal -9223372036854775808 (0.200551ms)
✔ i64-decimal 9223372036854775808 (12.652031ms)
✔ i64-decimal -0 (0.164737ms)
✔ i64-decimal 01 (0.183297ms)
✔ i64-decimal +1 (20.703622ms)
✔ u64-decimal 18446744073709551615 (0.20062ms)
✔ u64-decimal 18446744073709551616 (0.117845ms)
✔ u64-decimal -1 (0.113129ms)
✔ bytes-base64  (0.094665ms)
✔ bytes-base64 YWJj (0.120783ms)
✔ bytes-base64 YQ== (0.088105ms)
✔ bytes-base64 YQ (0.200656ms)
✔ bytes-base64 YR== (0.091627ms)
✔ utc-datetime 2000-02-29T00:00:00.000Z (0.622022ms)
✔ utc-datetime 1900-02-29T00:00:00.000Z (0.216243ms)
✔ utc-datetime 0001-01-01T00:00:00.000Z (0.086445ms)
✔ utc-datetime 0000-01-01T00:00:00.000Z (0.080506ms)
✔ utc-datetime 2026-01-01T00:00:60.000Z (41.074963ms)
✔ astral scalar length (0.449061ms)
✔ two unicode scalars (0.133864ms)
✔ optional nullable {} (0.074553ms)
✔ optional nullable {"value": null} (0.080116ms)
✔ optional nullable {"value": "x"} (0.101858ms)
✔ optional nullable {"value": 1} (0.099234ms)
✔ optional nullable {"other": null} (0.093587ms)
✔ proto sensitive key (0.135226ms)
✔ codec all header/body boundaries and coalesced last-key-wins (30.972187ms)
✔ wire rejects invalid JS data without invoking accessors (0.485537ms)
ℹ tests 111
ℹ suites 0
ℹ pass 111
ℹ fail 0
ℹ cancelled 0
ℹ skipped 0
ℹ todo 0
ℹ duration_ms 52275.209498
