PATH=/workspace/shared/ugreen-toolchain/cargo/bin:/usr/bin:/bin
rustc 1.98.1 (48a229cea 2026-09-01)
cargo 1.98.1 (797e8a9bc 2026-08-05)
    Checking napi-vm-plugin-protocol v0.1.0 (/tmp/napi-rust-only-jcAX2S/plugin/vendor/napi-vm-plugin-protocol)
    Checking napi-vm-plugin-sdk v0.1.0 (/tmp/napi-rust-only-jcAX2S/plugin/vendor/napi-vm-plugin-sdk)
    Checking trusted-greeter-template v0.1.0 (/tmp/napi-rust-only-jcAX2S/plugin)
    Finished `dev` profile [unoptimized + debuginfo] target(s) in 6.84s
   Compiling napi-vm-plugin-protocol v0.1.0 (/tmp/napi-rust-only-jcAX2S/plugin/vendor/napi-vm-plugin-protocol)
   Compiling napi-vm-plugin-sdk v0.1.0 (/tmp/napi-rust-only-jcAX2S/plugin/vendor/napi-vm-plugin-sdk)
   Compiling trusted-greeter-template v0.1.0 (/tmp/napi-rust-only-jcAX2S/plugin)
    Finished `test` profile [unoptimized + debuginfo] target(s) in 47.22s
     Running unittests src/lib.rs (target/debug/deps/trusted_greeter_template-23e27daae449ebbd)

running 2 tests
test tests::greets_unicode ... ok
test tests::harness_runs_generated_contract ... ok

test result: ok. 2 passed; 0 failed; 0 ignored; 0 measured; 0 filtered out; finished in 0.02s

     Running unittests src/main.rs (target/debug/deps/trusted_greeter_template-7b24653c22082d1e)

running 0 tests

test result: ok. 0 passed; 0 failed; 0 ignored; 0 measured; 0 filtered out; finished in 0.00s

   Doc-tests trusted_greeter_template

running 0 tests

test result: ok. 0 passed; 0 failed; 0 ignored; 0 measured; 0 filtered out; finished in 0.00s

   Compiling tokio-macros v2.7.2
   Compiling bytes v1.12.1
   Compiling ryu-js v1.0.3
   Compiling cpufeatures v0.2.17
   Compiling pin-project-lite v0.2.17
   Compiling cfg-if v1.0.4
   Compiling sha2 v0.10.9
   Compiling tokio v1.53.1
   Compiling serde_json_canonicalizer v0.3.2
   Compiling napi-vm-plugin-protocol v0.1.0 (/tmp/napi-rust-only-jcAX2S/plugin/vendor/napi-vm-plugin-protocol)
   Compiling napi-vm-plugin-sdk v0.1.0 (/tmp/napi-rust-only-jcAX2S/plugin/vendor/napi-vm-plugin-sdk)
   Compiling trusted-greeter-template v0.1.0 (/tmp/napi-rust-only-jcAX2S/plugin)
    Finished `release` profile [optimized] target(s) in 5m 03s
FINAL_RUST_TEMPLATE_PASS
