bun test v1.4.2 (744846f84)

packages/plugin-protocol/test/protocol.test.mjs:
(pass) W01/W02 all fragmentation boundaries and coalesced Unicode frames [89.71ms]
(pass) W03/W04 bounded malformed framing, UTF8, JSON, nesting and truncation [3.99ms]
(pass) W05 duplicate keys last wins; prototype-sensitive keys are data [4.70ms]
(pass) D01-D05 data rejects undefined/sparse/class/getter/cycle and preserves finite semantics [2.22ms]
(pass) D02 runtime contract identities/profile and integer validation [30.83ms]
(pass) W07 out-of-order responses correlate by ID; control remains live [159.95ms]
(pass) R07/R08/R09 busy independent chains fail promptly; timeout preserves active slot [202.52ms]
(pass) R08 pre-aborted calls settle without dispatch [3.24ms]
(pass) W06 duplicate active IDs terminate without double dispatch; unknown replies ignored [80.65ms]
(pass) W08 batches, malformed envelopes, and no-ID business calls close deterministically [65.49ms]
(pass) R10 pending business capacity rejects without losing independent control response [34.38ms]
(pass) D01/D04/D09/D10 nullable presence, tagged unions, u64, UTC calendar, and literal identities [8.62ms]

packages/plugin-sdk/test/sdk.test.mjs:
(pass) SDK definition is side-effect-free and harness validates callbacks/domain errors [86.73ms]
(pass) D06 invalid output and undeclared error are INVALID_RESULT [1.96ms]
(pass) R11 startup without managed environment fails immediately [1.56ms]
(pass) tracked background author tasks cancel and drain before snapshot [1.55ms]
(pass) harness caller cancellation settles promptly while ignored handler retains its slot [74.13ms]
(pass) harness validates host event injection and drains the event callback before snapshot [110.87ms]
(pass) wire timeout remaining duration is a positive integer for Rust callbacks [0.87ms]

packages/plugin-host/test/host.test.mjs:
(pass) real Node host/compiled TS plugin callback, errors, multiple instances, cleanup [8824.31ms]
(pass) real JS plugin uses same SDK without author TypeScript [2873.15ms]
(pass) stable generated client, validated event, stateful reload, repeated shutdown [4774.83ms]
(pass) callback cycle through independent host service fails promptly [2107.71ms]
(pass) manifest rejects legacy, unknown fields, executable route and wrong runtime before spawn [269.31ms]
(pass) failed initialization and shutdown hooks reap children and keep registry nonready [4253.68ms]
(pass) noisy stdout/stderr drains independently and retained memory is bounded [1815.27ms]
(pass) trusted fixture direct filesystem outside plugin, HTTP, environment, controlled subprocess [8178.91ms]
(pass) host-to-plugin events validate negotiated service, are delivered outside reader, and acknowledge [3097.50ms]
(pass) slow subscriber overflow terminates subscription with observable error without corrupting RPC [4907.16ms]
(pass) failed quiescence preserves owned old process in DRAINING until explicit unload [6122.46ms]
(pass) failed replacement retains validated snapshot for explicit recovery, no hidden rollback [10063.79ms]
(pass) bootstrap token is redacted across stdout/stderr chunk boundaries [2664.17ms]
(pass) wrong-token connection cannot steal the legitimate child slot [2738.37ms]
(pass) authorized protocol and digest mismatch reject before initialize [4515.65ms]
(pass) startup deadline, exit before hello, and exit during invocation are bounded and reaped [2312.39ms]
(pass) missing runtime is preflight failure and plugin startup failure never retries another runtime [661.34ms]
(pass) managed Bun missing package fails without runtime registry installation [328.61ms]
(pass) control parameter validation rejects malformed lifecycle requests without changing READY [1634.98ms]
(pass) queued old-session events are discarded across reload while in-progress callback can finish [3309.39ms]
(pass) direct child exit does not hang on a descendant retaining inherited log pipes [1360.68ms]

examples/trusted/greeter-js/test/plugin.test.mjs:
(pass) plain JavaScript generated-contract callback, no TS compilation [1.71ms]

examples/trusted/greeter-ts/test/plugin.test.mjs:
(pass) generated greeter callback [11.92ms]

examples/trusted/counter-ts/test/plugin.test.mjs:
(pass) counter snapshot and restore [7.63ms]

 43 pass
 0 fail
Ran 43 tests across 6 files. [78.26s]
