✔ counter snapshot and restore (14.052179ms)
✔ plain JavaScript generated-contract callback, no TS compilation (21.636411ms)
✔ generated greeter callback (18.939626ms)
✔ real Node host/compiled TS plugin callback, errors, multiple instances, cleanup (8022.398973ms)
✔ real JS plugin uses same SDK without author TypeScript (4395.247938ms)
✔ stable generated client, validated event, stateful reload, repeated shutdown (6752.858642ms)
✔ callback cycle through independent host service fails promptly (2602.634954ms)
✔ manifest rejects legacy, unknown fields, executable route and wrong runtime before spawn (660.543258ms)
✔ failed initialization and shutdown hooks reap children and keep registry nonready (9541.186283ms)
✔ noisy stdout/stderr drains independently and retained memory is bounded (5599.98426ms)
✔ trusted fixture direct filesystem outside plugin, HTTP, environment, controlled subprocess (9834.638332ms)
✔ host-to-plugin events validate negotiated service, are delivered outside reader, and acknowledge (1868.165098ms)
✔ slow subscriber overflow terminates subscription with observable error without corrupting RPC (1076.89614ms)
✔ failed quiescence preserves owned old process in DRAINING until explicit unload (3093.4082ms)
✔ failed replacement retains validated snapshot for explicit recovery, no hidden rollback (8513.228009ms)
✔ bootstrap token is redacted across stdout/stderr chunk boundaries (2380.43645ms)
✔ wrong-token connection cannot steal the legitimate child slot (1295.821946ms)
✔ authorized protocol and digest mismatch reject before initialize (2308.862147ms)
✔ startup deadline, exit before hello, and exit during invocation are bounded and reaped (3902.616594ms)
✔ missing runtime is preflight failure and plugin startup failure never retries another runtime (1028.305002ms)
✔ managed Bun missing package fails without runtime registry installation (551.773942ms)
✔ control parameter validation rejects malformed lifecycle requests without changing READY (1139.704587ms)
✔ queued old-session events are discarded across reload while in-progress callback can finish (3471.950896ms)
✔ direct child exit does not hang on a descendant retaining inherited log pipes (2510.966673ms)
✔ W01/W02 all fragmentation boundaries and coalesced Unicode frames (112.7431ms)
✔ W03/W04 bounded malformed framing, UTF8, JSON, nesting and truncation (141.487955ms)
✔ W05 duplicate keys last wins; prototype-sensitive keys are data (1.288894ms)
✔ D01-D05 data rejects undefined/sparse/class/getter/cycle and preserves finite semantics (7.934684ms)
✔ D02 runtime contract identities/profile and integer validation (100.392899ms)
✔ W07 out-of-order responses correlate by ID; control remains live (395.20594ms)
✔ R07/R08/R09 busy independent chains fail promptly; timeout preserves active slot (87.932382ms)
✔ R08 pre-aborted calls settle without dispatch (10.252073ms)
✔ W06 duplicate active IDs terminate without double dispatch; unknown replies ignored (57.28235ms)
✔ W08 batches, malformed envelopes, and no-ID business calls close deterministically (216.973922ms)
✔ R10 pending business capacity rejects without losing independent control response (29.79166ms)
✔ D01/D04/D09/D10 nullable presence, tagged unions, u64, UTC calendar, and literal identities (283.781457ms)
✔ SDK definition is side-effect-free and harness validates callbacks/domain errors (29.079424ms)
✔ D06 invalid output and undeclared error are INVALID_RESULT (24.518538ms)
✔ R11 startup without managed environment fails immediately (17.728732ms)
✔ tracked background author tasks cancel and drain before snapshot (15.877517ms)
✔ harness caller cancellation settles promptly while ignored handler retains its slot (2.398885ms)
✔ harness validates host event injection and drains the event callback before snapshot (216.887117ms)
✔ wire timeout remaining duration is a positive integer for Rust callbacks (0.792606ms)
ℹ tests 43
ℹ suites 0
ℹ pass 43
ℹ fail 0
ℹ cancelled 0
ℹ skipped 0
ℹ todo 0
ℹ duration_ms 81800.48855
